******************************************************************************
               TMS320C6x Linker Unix v7.4.16                   
******************************************************************************
>> Linked Sun Apr 15 14:49:18 2018

OUTPUT FILE NAME:   <lab2_problem3.out>
ENTRY POINT SYMBOL: "_c_int00"  address: 11806ce0


MEMORY CONFIGURATION

         name            origin    length      used     unused   attr    fill
----------------------  --------  ---------  --------  --------  ----  --------
  VECTORS               11800000   00000200  00000200  00000000  RWIX
  DSPRAM                11800200   0003fe00  0000824b  00037bb5  RWIX
  SHAREDRAM             80000000   00020000  00000000  00020000  RWIX
  SDRAM                 c0000000   08000000  00000000  08000000  RWIX


SECTION ALLOCATION MAP

 output                                  attributes/
section   page    origin      length       input sections
--------  ----  ----------  ----------   ----------------
vectors    0    11800000    00000200     
                  11800000    00000200     vectors.obj (vectors)

.text      0    11800200    00007160     
                  11800200    00000dc0     LCDK_Support_DSP.obj (.text)
                  11800fc0    000005a0     rts6740.lib : divd.obj (.text:__divd)
                  11801560    00000580                 : _printfi.obj (.text:__getarg_diouxp)
                  11801ae0    00000520                 : _printfi.obj (.text:__setfield)
                  11802000    00000440                 : _printfi.obj (.text:__printfi)
                  11802440    000003a0                 : fputs.obj (.text:_fputs)
                  118027e0    00000320                 : _printfi.obj (.text:__pproc_fge)
                  11802b00    000002c0                 : _printfi.obj (.text:__pproc_fwp)
                  11802dc0    000002a0                 : _printfi.obj (.text:_ecvt)
                  11803060    000002a0                 : _printfi.obj (.text:_fcvt)
                  11803300    000002a0     ISRs.obj (.text:retain)
                  118035a0    00000280     rts6740.lib : memory.obj (.text:_free)
                  11803820    00000260                 : imath64.obj (.text:__divull)
                  11803a80    00000260                 : _printfi.obj (.text:__pconv_e)
                  11803ce0    00000240                 : _printfi.obj (.text:__pproc_diouxp)
                  11803f20    00000220                 : _printfi.obj (.text:__pproc_str)
                  11804140    00000220                 : fputc.obj (.text:_fputc)
                  11804360    00000200                 : _printfi.obj (.text:__pconv_g)
                  11804560    00000200                 : setvbuf.obj (.text:_setvbuf)
                  11804760    000001c0                 : _printfi.obj (.text:__mcpy)
                  11804920    000001a0     ISRs.obj (.text)
                  11804ac0    000001a0     rts6740.lib : imath40.obj (.text:__divul)
                  11804c60    00000180                 : trgdrv.obj (.text:_HOSTrename)
                  11804de0    00000180                 : memory.obj (.text:_malloc)
                  11804f60    00000140                 : _printfi.obj (.text:__pproc_fflags)
                  118050a0    00000140                 : lowlev.obj (.text:_getdevice)
                  118051e0    00000120                 : fclose.obj (.text:__closefile)
                  11805300    00000120                 : _printfi.obj (.text:__ltostr)
                  11805420    00000120                 : fseek.obj (.text:_fseek)
                  11805540    00000100                 : trgdrv.obj (.text:_HOSTlseek)
                  11805640    00000100                 : _io_perm.obj (.text:__wrt_ok)
                  11805740    000000e0                 : trgdrv.obj (.text:_HOSTopen)
                  11805820    000000e0                 : trgdrv.obj (.text:_HOSTread)
                  11805900    000000e0                 : atoi.obj (.text:_atoi)
                  118059e0    000000e0                 : lowlev.obj (.text:_close)
                  11805ac0    000000e0                 : memset.obj (.text:_memset)
                  11805ba0    000000e0                 : printf.obj (.text:_printf)
                  11805c80    000000c0                 : trgdrv.obj (.text:_HOSTunlink)
                  11805d40    000000c0                 : trgdrv.obj (.text:_HOSTwrite)
                  11805e00    000000c0                 : autoinit.obj (.text:__auto_init)
                  11805ec0    000000c0                 : _printfi.obj (.text:__div)
                  11805f80    000000c0                 : divu.obj (.text:__divu)
                  11806040    000000c0                 : fflush.obj (.text:__doflush)
                  11806100    000000c0                 : exit.obj (.text:_exit)
                  118061c0    000000c0                 : ltoa.obj (.text:_ltoa)
                  11806280    000000a0                 : trgdrv.obj (.text:_HOSTclose)
                  11806320    000000a0                 : trgdrv.obj (.text:_HOSTtime)
                  118063c0    000000a0                 : fopen.obj (.text:__cleanup)
                  11806460    000000a0                 : imath40.obj (.text:__divli)
                  11806500    000000a0                 : _printfi.obj (.text:__ecpy)
                  118065a0    000000a0                 : _printfi.obj (.text:__fcpy)
                  11806640    000000a0                 : fixdli.obj (.text:__fixdli)
                  118066e0    000000a0                 : _printfi.obj (.text:__pconv_f)
                  11806780    000000a0                 : cpy_tbl.obj (.text:_copy_in)
                  11806820    000000a0                 : lowlev.obj (.text:_finddevice)
                  118068c0    000000a0                 : lowlev.obj (.text:_lseek)
                  11806960    000000a0                 : memcpy64.obj (.text:_memcpy)
                  11806a00    000000a0                 : memory.obj (.text:_minsert)
                  11806aa0    000000a0                 : memory.obj (.text:_mremove)
                  11806b40    000000a0                 : lowlev.obj (.text:_write)
                  11806be0    00000080                 : fltlid.obj (.text:__fltlid)
                  11806c60    00000080                 : llshift.obj (.text:__llshl)
                  11806ce0    00000080                 : boot.obj (.text:_c_int00)
                  11806d60    00000080                 : trgmsg.obj (.text:_readmsg)
                  11806de0    00000080                 : lowlev.obj (.text:_unlink)
                  11806e60    00000080     xcorr.obj (.text)
                  11806ee0    00000060     rts6740.lib : cpp_init.obj (.text:___TI_cpp_init)
                  11806f40    00000060                 : imath64.obj (.text:__subcull)
                  11806fa0    00000060                 : memccpy.obj (.text:_memccpy)
                  11807000    00000060                 : trgmsg.obj (.text:_writemsg)
                  11807060    00000040                 : isinf.obj (.text:___isinf)
                  118070a0    00000040                 : _printfi.obj (.text:___isnan)
                  118070e0    00000040                 : args_main.obj (.text:__args_main)
                  11807120    00000040                 : frcmpyd_div.obj (.text:__frcmpyd_div)
                  11807160    00000040                 : llshift.obj (.text:__llshru)
                  118071a0    00000040                 : imath40.obj (.text:__remli)
                  118071e0    00000040                 : time.obj (.text:_time)
                  11807220    00000020     StartUp.obj (.text)
                  11807240    00000020     rts6740.lib : negll.obj (.text:__negll)
                  11807260    00000020                 : _lock.obj (.text:__nop)
                  11807280    00000020                 : printf.obj (.text:__outc)
                  118072a0    00000020                 : printf.obj (.text:__outs)
                  118072c0    00000020                 : exit.obj (.text:_abort)
                  118072e0    00000020                 : remove.obj (.text:_remove)
                  11807300    00000040     stack.obj (.text)
                  11807340    00000020     main.obj (.text)

.far       0    11807360    000004c8     UNINITIALIZED
                  11807360    00000324     rts6740.lib : defs.obj (.far)
                  11807684    00000004                 : fopen.obj (.far)
                  11807688    0000011c                 : lowlev.obj (.far)
                  118077a4    00000004     --HOLE--
                  118077a8    0000005c     ISRs.obj (.far)
                  11807804    0000000c     rts6740.lib : exit.obj (.far)
                  11807810    00000008                 : _lock.obj (.far)
                  11807818    00000008                 : memory.obj (.far)
                  11807820    00000008                 : trgdrv.obj (.far)

.stack     0    11807828    00000400     UNINITIALIZED
                  11807828    00000008     rts6740.lib : boot.obj (.stack)
                  11807830    000003f8     --HOLE--

.sysmem    0    11807c28    00000400     UNINITIALIZED
                  11807c28    00000008     rts6740.lib : memory.obj (.sysmem)
                  11807c30    000003f8     --HOLE--

.cinit     0    11808028    00000184     
                  11808028    0000005c     rts6740.lib : defs.obj (.cinit)
                  11808084    00000004     --HOLE-- [fill = 0]
                  11808088    0000005c                 : lowlev.obj (.cinit)
                  118080e4    00000004     --HOLE-- [fill = 0]
                  118080e8    0000002c                 : exit.obj (.cinit)
                  11808114    00000004     --HOLE-- [fill = 0]
                  11808118    0000002c                 : memory.obj (.cinit)
                  11808144    00000004     --HOLE-- [fill = 0]
                  11808148    0000001c     ISRs.obj (.cinit)
                  11808164    00000004     --HOLE-- [fill = 0]
                  11808168    0000001c     rts6740.lib : _lock.obj (.cinit)
                  11808184    00000004     --HOLE-- [fill = 0]
                  11808188    0000000c     LCDK_Support_DSP.obj (.cinit)
                  11808194    00000004     --HOLE-- [fill = 0]
                  11808198    0000000c     rts6740.lib : fopen.obj (.cinit)
                  118081a4    00000004     --HOLE-- [fill = 0]
                  118081a8    00000004     (.pad.cinit) [fill = 0]

.const     0    118081b0    0000015b     
                  118081b0    00000101     rts6740.lib : ctype.obj (.const:.string:__ctypes_)
                  118082b1    00000002                 : fputs.obj (.const:.string)
                  118082b3    00000001     --HOLE-- [fill = 0]
                  118082b4    00000034     ISRs.obj (.const:.string)
                  118082e8    00000023     rts6740.lib : _printfi.obj (.const:.string)

.cio       0    11808310    00000120     UNINITIALIZED
                  11808310    00000120     rts6740.lib : trgmsg.obj (.cio)

.switch    0    11808430    00000018     
                  11808430    00000018     LCDK_Support_DSP.obj (.switch:_SetSampleRate_AIC3106)

.bss       0    11808448    0000000c     UNINITIALIZED
                  11808448    00000008     ISRs.obj (.bss)
                  11808450    00000004     LCDK_Support_DSP.obj (.bss)


GLOBAL SYMBOLS: SORTED ALPHABETICALLY BY Name 

address    name
--------   ----
11808448   $bss
11808448   .bss
11800200   .text
118072c0   C$$EXIT
11807058   C$$IO$$
118008ec   _AIC3106_write_reg
11800674   _CheckForOverrun
118077fc   _CodecDataIn
11807800   _CodecDataOut
11803300   _Codec_ISR
11800208   _DSP_Init
11800228   _DSP_Init_EDMA
1180040c   _EnableInterrupts
11800458   _EnableInterrupts_EDMA
11800200   _GetSampleFreq
11806280   _HOSTclose
11805540   _HOSTlseek
11805740   _HOSTopen
11805820   _HOSTread
11804c60   _HOSTrename
11806320   _HOSTtime
11805c80   _HOSTunlink
11805d40   _HOSTwrite
118003a4   _InitDigitalOutputs
11800248   _InitLEDs
118006a4   _Init_AIC3106
118004cc   _Init_I2C
118003c8   _Init_Interrupts
11800448   _Init_Interrupts_EDMA
11800a98   _Init_McASP0
11800e28   _Init_UART2
11800f68   _IsDataReady_UART2
11800f8c   _IsTxReady_UART2
11800f08   _Puts_UART2
1180062c   _ReadCodecData
1180038c   _ReadSwitches
11800f48   _Read_UART2
11800928   _Reset_AIC3106
11800528   _Reset_I2C
11800950   _SetSampleRate_AIC3106
11807220   _StartUp
11800650   _WriteCodecData
118003b0   _WriteDigitalOutputs
118002a8   _WriteLEDs
11800548   _Write_I2C
11800ee0   _Write_UART2
11808310   __CIOBUF_
11807c28   __STACK_END
00000400   __STACK_SIZE
00000400   __SYSMEM_SIZE
00000001   __TI_args_main
11806ee0   ___TI_cpp_init
1180780c   ___TI_enable_exit_profile_output
ffffffff   ___TI_pprof_out_hndl
ffffffff   ___TI_prof_data_size
ffffffff   ___TI_prof_data_start
ffffffff   ___binit__
11808448   ___bss__
ffffffff   ___c_args__
11808028   ___cinit__
11808454   ___end__
11807360   ___etext__
11807060   ___isinf
ffffffff   ___pinit__
11800200   ___text__
118070e0   __args_main
11805e00   __auto_init
11805f80   __c6xabi_divu
118063c0   __cleanup
11807804   __cleanup_ptr
118051e0   __closefile
118081b0   __ctypes_
11800fc0   __divd
11806460   __divli
11805f80   __divu
11804ac0   __divul
11803820   __divull
11806040   __doflush
11807808   __dtors_ptr
11806640   __fixdli
11806be0   __fltlid
11807120   __frcmpyd_div
11807680   __ft_end
11807360   __ftable
11806c60   __llshl
11807160   __llshru
11807810   __lock
11807240   __negll
11807260   __nop
11802000   __printfi
118071a0   __remli
11807828   __stack
11806f40   __subcull
11807c28   __sys_memory
11807540   __tmpnams
11807814   __unlock
11805640   __wrt_ok
118072c0   _abort
11805900   _atoi
11804920   _autocorrelation
11808448   _bytes
11806ce0   _c_int00
118059e0   _close
118077e8   _coeff
11806780   _copy_in
11806100   _exit
11804140   _fputc
11802440   _fputs
118035a0   _free
11805420   _fseek
118077a8   _input
1180844c   _itr
118068c0   _lseek
118061c0   _ltoa
11807340   _main
11804de0   _malloc
11806fa0   _memccpy
11806960   _memcpy
11805ac0   _memset
118077d0   _output
118049c8   _printArrays
11805ba0   _printf
11804140   _putc
11806d60   _readmsg
118072e0   _remove
11804560   _setvbuf
11807300   _stack
118071e0   _time
11806de0   _unlink
11800498   _wait
11806b40   _write
11807000   _writemsg
11806e60   _xcorr
ffffffff   binit
11808028   cinit
11808454   end
11807360   etext
ffffffff   pinit


GLOBAL SYMBOLS: SORTED BY Symbol Address 

address    name
--------   ----
00000001   __TI_args_main
00000400   __STACK_SIZE
00000400   __SYSMEM_SIZE
11800200   .text
11800200   _GetSampleFreq
11800200   ___text__
11800208   _DSP_Init
11800228   _DSP_Init_EDMA
11800248   _InitLEDs
118002a8   _WriteLEDs
1180038c   _ReadSwitches
118003a4   _InitDigitalOutputs
118003b0   _WriteDigitalOutputs
118003c8   _Init_Interrupts
1180040c   _EnableInterrupts
11800448   _Init_Interrupts_EDMA
11800458   _EnableInterrupts_EDMA
11800498   _wait
118004cc   _Init_I2C
11800528   _Reset_I2C
11800548   _Write_I2C
1180062c   _ReadCodecData
11800650   _WriteCodecData
11800674   _CheckForOverrun
118006a4   _Init_AIC3106
118008ec   _AIC3106_write_reg
11800928   _Reset_AIC3106
11800950   _SetSampleRate_AIC3106
11800a98   _Init_McASP0
11800e28   _Init_UART2
11800ee0   _Write_UART2
11800f08   _Puts_UART2
11800f48   _Read_UART2
11800f68   _IsDataReady_UART2
11800f8c   _IsTxReady_UART2
11800fc0   __divd
11802000   __printfi
11802440   _fputs
11803300   _Codec_ISR
118035a0   _free
11803820   __divull
11804140   _fputc
11804140   _putc
11804560   _setvbuf
11804920   _autocorrelation
118049c8   _printArrays
11804ac0   __divul
11804c60   _HOSTrename
11804de0   _malloc
118051e0   __closefile
11805420   _fseek
11805540   _HOSTlseek
11805640   __wrt_ok
11805740   _HOSTopen
11805820   _HOSTread
11805900   _atoi
118059e0   _close
11805ac0   _memset
11805ba0   _printf
11805c80   _HOSTunlink
11805d40   _HOSTwrite
11805e00   __auto_init
11805f80   __c6xabi_divu
11805f80   __divu
11806040   __doflush
11806100   _exit
118061c0   _ltoa
11806280   _HOSTclose
11806320   _HOSTtime
118063c0   __cleanup
11806460   __divli
11806640   __fixdli
11806780   _copy_in
118068c0   _lseek
11806960   _memcpy
11806b40   _write
11806be0   __fltlid
11806c60   __llshl
11806ce0   _c_int00
11806d60   _readmsg
11806de0   _unlink
11806e60   _xcorr
11806ee0   ___TI_cpp_init
11806f40   __subcull
11806fa0   _memccpy
11807000   _writemsg
11807058   C$$IO$$
11807060   ___isinf
118070e0   __args_main
11807120   __frcmpyd_div
11807160   __llshru
118071a0   __remli
118071e0   _time
11807220   _StartUp
11807240   __negll
11807260   __nop
118072c0   C$$EXIT
118072c0   _abort
118072e0   _remove
11807300   _stack
11807340   _main
11807360   ___etext__
11807360   __ftable
11807360   etext
11807540   __tmpnams
11807680   __ft_end
118077a8   _input
118077d0   _output
118077e8   _coeff
118077fc   _CodecDataIn
11807800   _CodecDataOut
11807804   __cleanup_ptr
11807808   __dtors_ptr
1180780c   ___TI_enable_exit_profile_output
11807810   __lock
11807814   __unlock
11807828   __stack
11807c28   __STACK_END
11807c28   __sys_memory
11808028   ___cinit__
11808028   cinit
118081b0   __ctypes_
11808310   __CIOBUF_
11808448   $bss
11808448   .bss
11808448   ___bss__
11808448   _bytes
1180844c   _itr
11808454   ___end__
11808454   end
ffffffff   ___TI_pprof_out_hndl
ffffffff   ___TI_prof_data_size
ffffffff   ___TI_prof_data_start
ffffffff   ___binit__
ffffffff   ___c_args__
ffffffff   ___pinit__
ffffffff   binit
ffffffff   pinit

[138 symbols]
