******************************************************************************
               TMS320C6x Linker PC v7.4.14                     
******************************************************************************
>> Linked Fri Apr 13 12:34:38 2018

OUTPUT FILE NAME:   <lab2_problem3.out>
ENTRY POINT SYMBOL: "_c_int00"  address: 11806b20


MEMORY CONFIGURATION

         name            origin    length      used     unused   attr    fill
----------------------  --------  ---------  --------  --------  ----  --------
  VECTORS               11800000   00000200  00000200  00000000  RWIX
  DSPRAM                11800200   0003fe00  0000b057  00034da9  RWIX
  SHAREDRAM             80000000   00020000  00000000  00020000  RWIX
  SDRAM                 c0000000   08000000  00000000  08000000  RWIX


SECTION ALLOCATION MAP

 output                                  attributes/
section   page    origin      length       input sections
--------  ----  ----------  ----------   ----------------
vectors    0    11800000    00000200     
                  11800000    00000200     vectors.obj (vectors)

.text      0    11800200    00006fc0     
                  11800200    00000dc0     LCDK_Support_DSP.obj (.text)
                  11800fc0    000005a0     rts6740.lib : divd.obj (.text:__divd)
                  11801560    00000580                 : _printfi.obj (.text:__getarg_diouxp)
                  11801ae0    00000520                 : _printfi.obj (.text:__setfield)
                  11802000    00000440                 : _printfi.obj (.text:__printfi)
                  11802440    000003a0                 : fputs.obj (.text:_fputs)
                  118027e0    00000320                 : _printfi.obj (.text:__pproc_fge)
                  11802b00    000002c0                 : _printfi.obj (.text:__pproc_fwp)
                  11802dc0    000002a0                 : _printfi.obj (.text:_ecvt)
                  11803060    000002a0                 : _printfi.obj (.text:_fcvt)
                  11803300    00000280                 : memory.obj (.text:_free)
                  11803580    00000280     ISRs.obj (.text:retain)
                  11803800    00000260     rts6740.lib : imath64.obj (.text:__divull)
                  11803a60    00000260                 : _printfi.obj (.text:__pconv_e)
                  11803cc0    00000240                 : _printfi.obj (.text:__pproc_diouxp)
                  11803f00    00000220                 : _printfi.obj (.text:__pproc_str)
                  11804120    00000220                 : fputc.obj (.text:_fputc)
                  11804340    00000200                 : _printfi.obj (.text:__pconv_g)
                  11804540    00000200                 : setvbuf.obj (.text:_setvbuf)
                  11804740    000001c0                 : _printfi.obj (.text:__mcpy)
                  11804900    000001a0                 : imath40.obj (.text:__divul)
                  11804aa0    00000180                 : trgdrv.obj (.text:_HOSTrename)
                  11804c20    00000180                 : memory.obj (.text:_malloc)
                  11804da0    00000140                 : _printfi.obj (.text:__pproc_fflags)
                  11804ee0    00000140                 : lowlev.obj (.text:_getdevice)
                  11805020    00000120                 : fclose.obj (.text:__closefile)
                  11805140    00000120                 : _printfi.obj (.text:__ltostr)
                  11805260    00000120                 : fseek.obj (.text:_fseek)
                  11805380    00000100                 : trgdrv.obj (.text:_HOSTlseek)
                  11805480    00000100                 : _io_perm.obj (.text:__wrt_ok)
                  11805580    000000e0                 : trgdrv.obj (.text:_HOSTopen)
                  11805660    000000e0                 : trgdrv.obj (.text:_HOSTread)
                  11805740    000000e0                 : atoi.obj (.text:_atoi)
                  11805820    000000e0                 : lowlev.obj (.text:_close)
                  11805900    000000e0                 : memset.obj (.text:_memset)
                  118059e0    000000e0                 : printf.obj (.text:_printf)
                  11805ac0    000000c0                 : trgdrv.obj (.text:_HOSTunlink)
                  11805b80    000000c0                 : trgdrv.obj (.text:_HOSTwrite)
                  11805c40    000000c0                 : autoinit.obj (.text:__auto_init)
                  11805d00    000000c0                 : _printfi.obj (.text:__div)
                  11805dc0    000000c0                 : divu.obj (.text:__divu)
                  11805e80    000000c0                 : fflush.obj (.text:__doflush)
                  11805f40    000000c0                 : exit.obj (.text:_exit)
                  11806000    000000c0                 : ltoa.obj (.text:_ltoa)
                  118060c0    000000a0                 : trgdrv.obj (.text:_HOSTclose)
                  11806160    000000a0                 : trgdrv.obj (.text:_HOSTtime)
                  11806200    000000a0                 : fopen.obj (.text:__cleanup)
                  118062a0    000000a0                 : imath40.obj (.text:__divli)
                  11806340    000000a0                 : _printfi.obj (.text:__ecpy)
                  118063e0    000000a0                 : _printfi.obj (.text:__fcpy)
                  11806480    000000a0                 : fixdli.obj (.text:__fixdli)
                  11806520    000000a0                 : _printfi.obj (.text:__pconv_f)
                  118065c0    000000a0                 : cpy_tbl.obj (.text:_copy_in)
                  11806660    000000a0                 : lowlev.obj (.text:_finddevice)
                  11806700    000000a0                 : lowlev.obj (.text:_lseek)
                  118067a0    000000a0                 : memcpy64.obj (.text:_memcpy)
                  11806840    000000a0                 : memory.obj (.text:_minsert)
                  118068e0    000000a0                 : memory.obj (.text:_mremove)
                  11806980    000000a0                 : lowlev.obj (.text:_write)
                  11806a20    00000080                 : fltlid.obj (.text:__fltlid)
                  11806aa0    00000080                 : llshift.obj (.text:__llshl)
                  11806b20    00000080                 : boot.obj (.text:_c_int00)
                  11806ba0    00000080                 : trgmsg.obj (.text:_readmsg)
                  11806c20    00000080                 : lowlev.obj (.text:_unlink)
                  11806ca0    00000080     main.obj (.text)
                  11806d20    00000060     rts6740.lib : cpp_init.obj (.text:___TI_cpp_init)
                  11806d80    00000060                 : imath64.obj (.text:__subcull)
                  11806de0    00000060                 : memccpy.obj (.text:_memccpy)
                  11806e40    00000060                 : trgmsg.obj (.text:_writemsg)
                  11806ea0    00000040                 : isinf.obj (.text:___isinf)
                  11806ee0    00000040                 : _printfi.obj (.text:___isnan)
                  11806f20    00000040                 : args_main.obj (.text:__args_main)
                  11806f60    00000040                 : frcmpyd_div.obj (.text:__frcmpyd_div)
                  11806fa0    00000040                 : llshift.obj (.text:__llshru)
                  11806fe0    00000040                 : imath40.obj (.text:__remli)
                  11807020    00000040                 : time.obj (.text:_time)
                  11807060    00000040     stack.obj (.text)
                  118070a0    00000040     xcorr.obj (.text)
                  118070e0    00000020     StartUp.obj (.text)
                  11807100    00000020     rts6740.lib : negll.obj (.text:__negll)
                  11807120    00000020                 : _lock.obj (.text:__nop)
                  11807140    00000020                 : printf.obj (.text:__outc)
                  11807160    00000020                 : printf.obj (.text:__outs)
                  11807180    00000020                 : exit.obj (.text:_abort)
                  118071a0    00000020                 : remove.obj (.text:_remove)

.far       0    118071c0    00003470     UNINITIALIZED
                  118071c0    00002000     main.obj (.far)
                  118091c0    00001008     ISRs.obj (.far)
                  1180a1c8    00000324     rts6740.lib : defs.obj (.far)
                  1180a4ec    00000004                 : fopen.obj (.far)
                  1180a4f0    0000011c                 : lowlev.obj (.far)
                  1180a60c    0000000c                 : exit.obj (.far)
                  1180a618    00000008                 : _lock.obj (.far)
                  1180a620    00000008                 : memory.obj (.far)
                  1180a628    00000008                 : trgdrv.obj (.far)

.stack     0    1180a630    00000400     UNINITIALIZED
                  1180a630    00000008     rts6740.lib : boot.obj (.stack)
                  1180a638    000003f8     --HOLE--

.sysmem    0    1180aa30    00000400     UNINITIALIZED
                  1180aa30    00000008     rts6740.lib : memory.obj (.sysmem)
                  1180aa38    000003f8     --HOLE--

.cinit     0    1180ae30    00000184     
                  1180ae30    0000005c     rts6740.lib : defs.obj (.cinit)
                  1180ae8c    00000004     --HOLE-- [fill = 0]
                  1180ae90    0000005c                 : lowlev.obj (.cinit)
                  1180aeec    00000004     --HOLE-- [fill = 0]
                  1180aef0    0000002c                 : exit.obj (.cinit)
                  1180af1c    00000004     --HOLE-- [fill = 0]
                  1180af20    0000002c                 : memory.obj (.cinit)
                  1180af4c    00000004     --HOLE-- [fill = 0]
                  1180af50    0000001c                 : _lock.obj (.cinit)
                  1180af6c    00000004     --HOLE-- [fill = 0]
                  1180af70    0000000c     ISRs.obj (.cinit)
                  1180af7c    00000004     --HOLE-- [fill = 0]
                  1180af80    0000000c     LCDK_Support_DSP.obj (.cinit)
                  1180af8c    00000004     --HOLE-- [fill = 0]
                  1180af90    0000000c     main.obj (.cinit)
                  1180af9c    00000004     --HOLE-- [fill = 0]
                  1180afa0    0000000c     rts6740.lib : fopen.obj (.cinit)
                  1180afac    00000004     --HOLE-- [fill = 0]
                  1180afb0    00000004     (.pad.cinit) [fill = 0]

.const     0    1180afb8    0000015f     
                  1180afb8    00000101     rts6740.lib : ctype.obj (.const:.string:__ctypes_)
                  1180b0b9    00000002                 : fputs.obj (.const:.string)
                  1180b0bb    00000001     --HOLE-- [fill = 0]
                  1180b0bc    00000038     main.obj (.const:.string)
                  1180b0f4    00000023     rts6740.lib : _printfi.obj (.const:.string)

.cio       0    1180b118    00000120     UNINITIALIZED
                  1180b118    00000120     rts6740.lib : trgmsg.obj (.cio)

.switch    0    1180b238    00000018     
                  1180b238    00000018     LCDK_Support_DSP.obj (.switch:_SetSampleRate_AIC3106)

.bss       0    1180b250    0000000c     UNINITIALIZED
                  1180b250    00000004     ISRs.obj (.bss)
                  1180b254    00000004     LCDK_Support_DSP.obj (.bss)
                  1180b258    00000004     main.obj (.bss)


GLOBAL SYMBOLS: SORTED ALPHABETICALLY BY Name 

address    name
--------   ----
1180b250   $bss
1180b250   .bss
11800200   .text
11807180   C$$EXIT
11806e98   C$$IO$$
118008ec   _AIC3106_write_reg
11800674   _CheckForOverrun
1180a1c0   _CodecDataIn
1180a1c4   _CodecDataOut
11803580   _Codec_ISR
11800208   _DSP_Init
11800228   _DSP_Init_EDMA
1180040c   _EnableInterrupts
11800458   _EnableInterrupts_EDMA
11800200   _GetSampleFreq
118060c0   _HOSTclose
11805380   _HOSTlseek
11805580   _HOSTopen
11805660   _HOSTread
11804aa0   _HOSTrename
11806160   _HOSTtime
11805ac0   _HOSTunlink
11805b80   _HOSTwrite
118003a4   _InitDigitalOutputs
11800248   _InitLEDs
118006a4   _Init_AIC3106
118004cc   _Init_I2C
118003c8   _Init_Interrupts
11800448   _Init_Interrupts_EDMA
11800a98   _Init_McASP0
11800e28   _Init_UART2
11800f68   _IsDataReady_UART2
11800f8c   _IsTxReady_UART2
11800f08   _Puts_UART2
1180062c   _ReadCodecData
1180038c   _ReadSwitches
11800f48   _Read_UART2
11800928   _Reset_AIC3106
11800528   _Reset_I2C
11800950   _SetSampleRate_AIC3106
118070e0   _StartUp
11800650   _WriteCodecData
118003b0   _WriteDigitalOutputs
118002a8   _WriteLEDs
11800548   _Write_I2C
11800ee0   _Write_UART2
1180b118   __CIOBUF_
1180aa30   __STACK_END
00000400   __STACK_SIZE
00000400   __SYSMEM_SIZE
00000001   __TI_args_main
11806d20   ___TI_cpp_init
1180a614   ___TI_enable_exit_profile_output
ffffffff   ___TI_pprof_out_hndl
ffffffff   ___TI_prof_data_size
ffffffff   ___TI_prof_data_start
ffffffff   ___binit__
1180b250   ___bss__
ffffffff   ___c_args__
1180ae30   ___cinit__
1180b25c   ___end__
118071c0   ___etext__
11806ea0   ___isinf
ffffffff   ___pinit__
11800200   ___text__
11806f20   __args_main
11805c40   __auto_init
11805dc0   __c6xabi_divu
11806200   __cleanup
1180a60c   __cleanup_ptr
11805020   __closefile
1180afb8   __ctypes_
11800fc0   __divd
118062a0   __divli
11805dc0   __divu
11804900   __divul
11803800   __divull
11805e80   __doflush
1180a610   __dtors_ptr
11806480   __fixdli
11806a20   __fltlid
11806f60   __frcmpyd_div
1180a4e8   __ft_end
1180a1c8   __ftable
11806aa0   __llshl
11806fa0   __llshru
1180a618   __lock
11807100   __negll
11807120   __nop
11802000   __printfi
11806fe0   __remli
1180a630   __stack
11806d80   __subcull
1180aa30   __sys_memory
1180a3a8   __tmpnams
1180a61c   __unlock
11805480   __wrt_ok
11807180   _abort
11805740   _atoi
1180b250   _bytes
11806b20   _c_int00
11805820   _close
118091c0   _coeff
118065c0   _copy_in
11805f40   _exit
11804120   _fputc
11802440   _fputs
11803300   _free
11805260   _fseek
118071c0   _input
1180b258   _itr
11806700   _lseek
11806000   _ltoa
11806ca0   _main
11804c20   _malloc
11806de0   _memccpy
118067a0   _memcpy
11805900   _memset
118081c0   _output
118059e0   _printf
11804120   _putc
11806ba0   _readmsg
118071a0   _remove
11804540   _setvbuf
11807060   _stack
11807020   _time
11806c20   _unlink
11800498   _wait
11806980   _write
11806e40   _writemsg
118070a0   _xcorr
ffffffff   binit
1180ae30   cinit
1180b25c   end
118071c0   etext
ffffffff   pinit


GLOBAL SYMBOLS: SORTED BY Symbol Address 

address    name
--------   ----
00000001   __TI_args_main
00000400   __STACK_SIZE
00000400   __SYSMEM_SIZE
11800200   .text
11800200   _GetSampleFreq
11800200   ___text__
11800208   _DSP_Init
11800228   _DSP_Init_EDMA
11800248   _InitLEDs
118002a8   _WriteLEDs
1180038c   _ReadSwitches
118003a4   _InitDigitalOutputs
118003b0   _WriteDigitalOutputs
118003c8   _Init_Interrupts
1180040c   _EnableInterrupts
11800448   _Init_Interrupts_EDMA
11800458   _EnableInterrupts_EDMA
11800498   _wait
118004cc   _Init_I2C
11800528   _Reset_I2C
11800548   _Write_I2C
1180062c   _ReadCodecData
11800650   _WriteCodecData
11800674   _CheckForOverrun
118006a4   _Init_AIC3106
118008ec   _AIC3106_write_reg
11800928   _Reset_AIC3106
11800950   _SetSampleRate_AIC3106
11800a98   _Init_McASP0
11800e28   _Init_UART2
11800ee0   _Write_UART2
11800f08   _Puts_UART2
11800f48   _Read_UART2
11800f68   _IsDataReady_UART2
11800f8c   _IsTxReady_UART2
11800fc0   __divd
11802000   __printfi
11802440   _fputs
11803300   _free
11803580   _Codec_ISR
11803800   __divull
11804120   _fputc
11804120   _putc
11804540   _setvbuf
11804900   __divul
11804aa0   _HOSTrename
11804c20   _malloc
11805020   __closefile
11805260   _fseek
11805380   _HOSTlseek
11805480   __wrt_ok
11805580   _HOSTopen
11805660   _HOSTread
11805740   _atoi
11805820   _close
11805900   _memset
118059e0   _printf
11805ac0   _HOSTunlink
11805b80   _HOSTwrite
11805c40   __auto_init
11805dc0   __c6xabi_divu
11805dc0   __divu
11805e80   __doflush
11805f40   _exit
11806000   _ltoa
118060c0   _HOSTclose
11806160   _HOSTtime
11806200   __cleanup
118062a0   __divli
11806480   __fixdli
118065c0   _copy_in
11806700   _lseek
118067a0   _memcpy
11806980   _write
11806a20   __fltlid
11806aa0   __llshl
11806b20   _c_int00
11806ba0   _readmsg
11806c20   _unlink
11806ca0   _main
11806d20   ___TI_cpp_init
11806d80   __subcull
11806de0   _memccpy
11806e40   _writemsg
11806e98   C$$IO$$
11806ea0   ___isinf
11806f20   __args_main
11806f60   __frcmpyd_div
11806fa0   __llshru
11806fe0   __remli
11807020   _time
11807060   _stack
118070a0   _xcorr
118070e0   _StartUp
11807100   __negll
11807120   __nop
11807180   C$$EXIT
11807180   _abort
118071a0   _remove
118071c0   ___etext__
118071c0   _input
118071c0   etext
118081c0   _output
118091c0   _coeff
1180a1c0   _CodecDataIn
1180a1c4   _CodecDataOut
1180a1c8   __ftable
1180a3a8   __tmpnams
1180a4e8   __ft_end
1180a60c   __cleanup_ptr
1180a610   __dtors_ptr
1180a614   ___TI_enable_exit_profile_output
1180a618   __lock
1180a61c   __unlock
1180a630   __stack
1180aa30   __STACK_END
1180aa30   __sys_memory
1180ae30   ___cinit__
1180ae30   cinit
1180afb8   __ctypes_
1180b118   __CIOBUF_
1180b250   $bss
1180b250   .bss
1180b250   ___bss__
1180b250   _bytes
1180b258   _itr
1180b25c   ___end__
1180b25c   end
ffffffff   ___TI_pprof_out_hndl
ffffffff   ___TI_prof_data_size
ffffffff   ___TI_prof_data_start
ffffffff   ___binit__
ffffffff   ___c_args__
ffffffff   ___pinit__
ffffffff   binit
ffffffff   pinit

[136 symbols]
