******************************************************************************
               TMS320C6x Linker PC v7.4.14                     
******************************************************************************
>> Linked Thu Apr 12 16:36:18 2018

OUTPUT FILE NAME:   <lab2_problem2.out>
ENTRY POINT SYMBOL: "_c_int00"  address: 11806a80


MEMORY CONFIGURATION

         name            origin    length      used     unused   attr    fill
----------------------  --------  ---------  --------  --------  ----  --------
  VECTORS               11800000   00000200  00000200  00000000  RWIX
  DSPRAM                11800200   0003fe00  00008eb6  00036f4a  RWIX
  SHAREDRAM             80000000   00020000  00000000  00020000  RWIX
  SDRAM                 c0000000   08000000  00000000  08000000  RWIX


SECTION ALLOCATION MAP

 output                                  attributes/
section   page    origin      length       input sections
--------  ----  ----------  ----------   ----------------
vectors    0    11800000    00000200     
                  11800000    00000200     vectors.obj (vectors)

.text      0    11800200    00006e40     
                  11800200    00000dc0     LCDK_Support_DSP.obj (.text)
                  11800fc0    000005a0     rts6740.lib : divd.obj (.text:__divd)
                  11801560    00000580                 : _printfi.obj (.text:__getarg_diouxp)
                  11801ae0    00000520                 : _printfi.obj (.text:__setfield)
                  11802000    00000440                 : _printfi.obj (.text:__printfi)
                  11802440    000003a0                 : fputs.obj (.text:_fputs)
                  118027e0    00000320                 : _printfi.obj (.text:__pproc_fge)
                  11802b00    000002c0                 : _printfi.obj (.text:__pproc_fwp)
                  11802dc0    000002a0                 : _printfi.obj (.text:_ecvt)
                  11803060    000002a0                 : _printfi.obj (.text:_fcvt)
                  11803300    00000280                 : memory.obj (.text:_free)
                  11803580    00000280     ISRs.obj (.text:retain)
                  11803800    00000260     rts6740.lib : imath64.obj (.text:__divull)
                  11803a60    00000260                 : _printfi.obj (.text:__pconv_e)
                  11803cc0    00000240                 : _printfi.obj (.text:__pproc_diouxp)
                  11803f00    00000220                 : _printfi.obj (.text:__pproc_str)
                  11804120    00000220                 : fputc.obj (.text:_fputc)
                  11804340    00000200                 : _printfi.obj (.text:__pconv_g)
                  11804540    00000200                 : setvbuf.obj (.text:_setvbuf)
                  11804740    000001c0                 : _printfi.obj (.text:__mcpy)
                  11804900    000001a0                 : imath40.obj (.text:__divul)
                  11804aa0    00000180                 : trgdrv.obj (.text:_HOSTrename)
                  11804c20    00000180                 : memory.obj (.text:_malloc)
                  11804da0    00000140                 : _printfi.obj (.text:__pproc_fflags)
                  11804ee0    00000140                 : lowlev.obj (.text:_getdevice)
                  11805020    00000120                 : fclose.obj (.text:__closefile)
                  11805140    00000120                 : _printfi.obj (.text:__ltostr)
                  11805260    00000120                 : fseek.obj (.text:_fseek)
                  11805380    00000100                 : trgdrv.obj (.text:_HOSTlseek)
                  11805480    00000100                 : _io_perm.obj (.text:__wrt_ok)
                  11805580    000000e0                 : trgdrv.obj (.text:_HOSTopen)
                  11805660    000000e0                 : trgdrv.obj (.text:_HOSTread)
                  11805740    000000e0                 : atoi.obj (.text:_atoi)
                  11805820    000000e0                 : lowlev.obj (.text:_close)
                  11805900    000000e0                 : memset.obj (.text:_memset)
                  118059e0    000000e0                 : printf.obj (.text:_printf)
                  11805ac0    000000c0                 : trgdrv.obj (.text:_HOSTunlink)
                  11805b80    000000c0                 : trgdrv.obj (.text:_HOSTwrite)
                  11805c40    000000c0                 : autoinit.obj (.text:__auto_init)
                  11805d00    000000c0                 : _printfi.obj (.text:__div)
                  11805dc0    000000c0                 : divu.obj (.text:__divu)
                  11805e80    000000c0                 : fflush.obj (.text:__doflush)
                  11805f40    000000c0                 : exit.obj (.text:_exit)
                  11806000    000000c0                 : ltoa.obj (.text:_ltoa)
                  118060c0    000000a0                 : trgdrv.obj (.text:_HOSTclose)
                  11806160    000000a0                 : fopen.obj (.text:__cleanup)
                  11806200    000000a0                 : imath40.obj (.text:__divli)
                  118062a0    000000a0                 : _printfi.obj (.text:__ecpy)
                  11806340    000000a0                 : _printfi.obj (.text:__fcpy)
                  118063e0    000000a0                 : fixdli.obj (.text:__fixdli)
                  11806480    000000a0                 : _printfi.obj (.text:__pconv_f)
                  11806520    000000a0                 : cpy_tbl.obj (.text:_copy_in)
                  118065c0    000000a0                 : lowlev.obj (.text:_finddevice)
                  11806660    000000a0                 : lowlev.obj (.text:_lseek)
                  11806700    000000a0                 : memcpy64.obj (.text:_memcpy)
                  118067a0    000000a0                 : memory.obj (.text:_minsert)
                  11806840    000000a0                 : memory.obj (.text:_mremove)
                  118068e0    000000a0                 : lowlev.obj (.text:_write)
                  11806980    00000080                 : fltlid.obj (.text:__fltlid)
                  11806a00    00000080                 : llshift.obj (.text:__llshl)
                  11806a80    00000080                 : boot.obj (.text:_c_int00)
                  11806b00    00000080                 : trgmsg.obj (.text:_readmsg)
                  11806b80    00000080                 : lowlev.obj (.text:_unlink)
                  11806c00    00000060                 : cpp_init.obj (.text:___TI_cpp_init)
                  11806c60    00000060                 : imath64.obj (.text:__subcull)
                  11806cc0    00000060                 : memccpy.obj (.text:_memccpy)
                  11806d20    00000060                 : trgmsg.obj (.text:_writemsg)
                  11806d80    00000040                 : isinf.obj (.text:___isinf)
                  11806dc0    00000040                 : _printfi.obj (.text:___isnan)
                  11806e00    00000040                 : args_main.obj (.text:__args_main)
                  11806e40    00000040                 : frcmpyd_div.obj (.text:__frcmpyd_div)
                  11806e80    00000040                 : llshift.obj (.text:__llshru)
                  11806ec0    00000040                 : imath40.obj (.text:__remli)
                  11806f00    00000040     stack.obj (.text)
                  11806f40    00000020     StartUp.obj (.text)
                  11806f60    00000020     rts6740.lib : negll.obj (.text:__negll)
                  11806f80    00000020                 : _lock.obj (.text:__nop)
                  11806fa0    00000020                 : printf.obj (.text:__outc)
                  11806fc0    00000020                 : printf.obj (.text:__outs)
                  11806fe0    00000020                 : exit.obj (.text:_abort)
                  11807000    00000020                 : remove.obj (.text:_remove)
                  11807020    00000020     main.obj (.text)

.far       0    11807040    00001470     UNINITIALIZED
                  11807040    00001000     main.obj (.far)
                  11808040    00000324     rts6740.lib : defs.obj (.far)
                  11808364    00000004                 : fopen.obj (.far)
                  11808368    0000011c                 : lowlev.obj (.far)
                  11808484    0000000c                 : exit.obj (.far)
                  11808490    00000008     ISRs.obj (.far)
                  11808498    00000008     rts6740.lib : _lock.obj (.far)
                  118084a0    00000008                 : memory.obj (.far)
                  118084a8    00000008                 : trgdrv.obj (.far)

.stack     0    118084b0    00000400     UNINITIALIZED
                  118084b0    00000008     rts6740.lib : boot.obj (.stack)
                  118084b8    000003f8     --HOLE--

.sysmem    0    118088b0    00000400     UNINITIALIZED
                  118088b0    00000008     rts6740.lib : memory.obj (.sysmem)
                  118088b8    000003f8     --HOLE--

.cinit     0    11808cb0    00000184     
                  11808cb0    0000005c     rts6740.lib : defs.obj (.cinit)
                  11808d0c    00000004     --HOLE-- [fill = 0]
                  11808d10    0000005c                 : lowlev.obj (.cinit)
                  11808d6c    00000004     --HOLE-- [fill = 0]
                  11808d70    0000002c                 : exit.obj (.cinit)
                  11808d9c    00000004     --HOLE-- [fill = 0]
                  11808da0    0000002c                 : memory.obj (.cinit)
                  11808dcc    00000004     --HOLE-- [fill = 0]
                  11808dd0    0000001c     ISRs.obj (.cinit)
                  11808dec    00000004     --HOLE-- [fill = 0]
                  11808df0    0000001c     rts6740.lib : _lock.obj (.cinit)
                  11808e0c    00000004     --HOLE-- [fill = 0]
                  11808e10    0000000c     LCDK_Support_DSP.obj (.cinit)
                  11808e1c    00000004     --HOLE-- [fill = 0]
                  11808e20    0000000c     rts6740.lib : fopen.obj (.cinit)
                  11808e2c    00000004     --HOLE-- [fill = 0]
                  11808e30    00000004     (.pad.cinit) [fill = 0]

.const     0    11808e38    0000013e     
                  11808e38    00000101     rts6740.lib : ctype.obj (.const:.string:__ctypes_)
                  11808f39    00000023                 : _printfi.obj (.const:.string)
                  11808f5c    00000018     ISRs.obj (.const:.string)
                  11808f74    00000002     rts6740.lib : fputs.obj (.const:.string)

.cio       0    11808f78    00000120     UNINITIALIZED
                  11808f78    00000120     rts6740.lib : trgmsg.obj (.cio)

.switch    0    11809098    00000018     
                  11809098    00000018     LCDK_Support_DSP.obj (.switch:_SetSampleRate_AIC3106)

.bss       0    118090b0    0000000c     UNINITIALIZED
                  118090b0    00000008     ISRs.obj (.bss)
                  118090b8    00000004     LCDK_Support_DSP.obj (.bss)


GLOBAL SYMBOLS: SORTED ALPHABETICALLY BY Name 

address    name
--------   ----
118090b0   $bss
118090b0   .bss
11800200   .text
11806fe0   C$$EXIT
11806d78   C$$IO$$
118008ec   _AIC3106_write_reg
11800674   _CheckForOverrun
11808490   _CodecDataIn
11808494   _CodecDataOut
11803580   _Codec_ISR
11800208   _DSP_Init
11800228   _DSP_Init_EDMA
1180040c   _EnableInterrupts
11800458   _EnableInterrupts_EDMA
11800200   _GetSampleFreq
118060c0   _HOSTclose
11805380   _HOSTlseek
11805580   _HOSTopen
11805660   _HOSTread
11804aa0   _HOSTrename
11805ac0   _HOSTunlink
11805b80   _HOSTwrite
118003a4   _InitDigitalOutputs
11800248   _InitLEDs
118006a4   _Init_AIC3106
118004cc   _Init_I2C
118003c8   _Init_Interrupts
11800448   _Init_Interrupts_EDMA
11800a98   _Init_McASP0
11800e28   _Init_UART2
11800f68   _IsDataReady_UART2
11800f8c   _IsTxReady_UART2
11800f08   _Puts_UART2
1180062c   _ReadCodecData
1180038c   _ReadSwitches
11800f48   _Read_UART2
11800928   _Reset_AIC3106
11800528   _Reset_I2C
11800950   _SetSampleRate_AIC3106
11806f40   _StartUp
11800650   _WriteCodecData
118003b0   _WriteDigitalOutputs
118002a8   _WriteLEDs
11800548   _Write_I2C
11800ee0   _Write_UART2
11808f78   __CIOBUF_
118088b0   __STACK_END
00000400   __STACK_SIZE
00000400   __SYSMEM_SIZE
00000001   __TI_args_main
11806c00   ___TI_cpp_init
1180848c   ___TI_enable_exit_profile_output
ffffffff   ___TI_pprof_out_hndl
ffffffff   ___TI_prof_data_size
ffffffff   ___TI_prof_data_start
ffffffff   ___binit__
118090b0   ___bss__
ffffffff   ___c_args__
11808cb0   ___cinit__
118090bc   ___end__
11807040   ___etext__
11806d80   ___isinf
ffffffff   ___pinit__
11800200   ___text__
11806e00   __args_main
11805c40   __auto_init
11805dc0   __c6xabi_divu
11806160   __cleanup
11808484   __cleanup_ptr
11805020   __closefile
11808e38   __ctypes_
11800fc0   __divd
11806200   __divli
11805dc0   __divu
11804900   __divul
11803800   __divull
11805e80   __doflush
11808488   __dtors_ptr
118063e0   __fixdli
11806980   __fltlid
11806e40   __frcmpyd_div
11808360   __ft_end
11808040   __ftable
11806a00   __llshl
11806e80   __llshru
11808498   __lock
11806f60   __negll
11806f80   __nop
11802000   __printfi
11806ec0   __remli
118084b0   __stack
11806c60   __subcull
118088b0   __sys_memory
11808220   __tmpnams
1180849c   __unlock
11805480   __wrt_ok
11806fe0   _abort
11805740   _atoi
118090b0   _bytes
11806a80   _c_int00
11805820   _close
11806520   _copy_in
11805f40   _exit
11804120   _fputc
11802440   _fputs
11803300   _free
11805260   _fseek
11807040   _input
118090b4   _itr
11806660   _lseek
11806000   _ltoa
11807020   _main
11804c20   _malloc
11806cc0   _memccpy
11806700   _memcpy
11805900   _memset
11807840   _output
118059e0   _printf
11804120   _putc
11806b00   _readmsg
11807000   _remove
11804540   _setvbuf
11806f00   _stack
11806b80   _unlink
11800498   _wait
118068e0   _write
11806d20   _writemsg
ffffffff   binit
11808cb0   cinit
118090bc   end
11807040   etext
ffffffff   pinit


GLOBAL SYMBOLS: SORTED BY Symbol Address 

address    name
--------   ----
00000001   __TI_args_main
00000400   __STACK_SIZE
00000400   __SYSMEM_SIZE
11800200   .text
11800200   _GetSampleFreq
11800200   ___text__
11800208   _DSP_Init
11800228   _DSP_Init_EDMA
11800248   _InitLEDs
118002a8   _WriteLEDs
1180038c   _ReadSwitches
118003a4   _InitDigitalOutputs
118003b0   _WriteDigitalOutputs
118003c8   _Init_Interrupts
1180040c   _EnableInterrupts
11800448   _Init_Interrupts_EDMA
11800458   _EnableInterrupts_EDMA
11800498   _wait
118004cc   _Init_I2C
11800528   _Reset_I2C
11800548   _Write_I2C
1180062c   _ReadCodecData
11800650   _WriteCodecData
11800674   _CheckForOverrun
118006a4   _Init_AIC3106
118008ec   _AIC3106_write_reg
11800928   _Reset_AIC3106
11800950   _SetSampleRate_AIC3106
11800a98   _Init_McASP0
11800e28   _Init_UART2
11800ee0   _Write_UART2
11800f08   _Puts_UART2
11800f48   _Read_UART2
11800f68   _IsDataReady_UART2
11800f8c   _IsTxReady_UART2
11800fc0   __divd
11802000   __printfi
11802440   _fputs
11803300   _free
11803580   _Codec_ISR
11803800   __divull
11804120   _fputc
11804120   _putc
11804540   _setvbuf
11804900   __divul
11804aa0   _HOSTrename
11804c20   _malloc
11805020   __closefile
11805260   _fseek
11805380   _HOSTlseek
11805480   __wrt_ok
11805580   _HOSTopen
11805660   _HOSTread
11805740   _atoi
11805820   _close
11805900   _memset
118059e0   _printf
11805ac0   _HOSTunlink
11805b80   _HOSTwrite
11805c40   __auto_init
11805dc0   __c6xabi_divu
11805dc0   __divu
11805e80   __doflush
11805f40   _exit
11806000   _ltoa
118060c0   _HOSTclose
11806160   __cleanup
11806200   __divli
118063e0   __fixdli
11806520   _copy_in
11806660   _lseek
11806700   _memcpy
118068e0   _write
11806980   __fltlid
11806a00   __llshl
11806a80   _c_int00
11806b00   _readmsg
11806b80   _unlink
11806c00   ___TI_cpp_init
11806c60   __subcull
11806cc0   _memccpy
11806d20   _writemsg
11806d78   C$$IO$$
11806d80   ___isinf
11806e00   __args_main
11806e40   __frcmpyd_div
11806e80   __llshru
11806ec0   __remli
11806f00   _stack
11806f40   _StartUp
11806f60   __negll
11806f80   __nop
11806fe0   C$$EXIT
11806fe0   _abort
11807000   _remove
11807020   _main
11807040   ___etext__
11807040   _input
11807040   etext
11807840   _output
11808040   __ftable
11808220   __tmpnams
11808360   __ft_end
11808484   __cleanup_ptr
11808488   __dtors_ptr
1180848c   ___TI_enable_exit_profile_output
11808490   _CodecDataIn
11808494   _CodecDataOut
11808498   __lock
1180849c   __unlock
118084b0   __stack
118088b0   __STACK_END
118088b0   __sys_memory
11808cb0   ___cinit__
11808cb0   cinit
11808e38   __ctypes_
11808f78   __CIOBUF_
118090b0   $bss
118090b0   .bss
118090b0   ___bss__
118090b0   _bytes
118090b4   _itr
118090bc   ___end__
118090bc   end
ffffffff   ___TI_pprof_out_hndl
ffffffff   ___TI_prof_data_size
ffffffff   ___TI_prof_data_start
ffffffff   ___binit__
ffffffff   ___c_args__
ffffffff   ___pinit__
ffffffff   binit
ffffffff   pinit

[132 symbols]
