******************************************************************************
               TMS320C6x Linker Unix v7.4.16                   
******************************************************************************
>> Linked Thu Apr 12 19:38:42 2018

OUTPUT FILE NAME:   <lab2_problem2.out>
ENTRY POINT SYMBOL: "_c_int00"  address: 11806a60


MEMORY CONFIGURATION

         name            origin    length      used     unused   attr    fill
----------------------  --------  ---------  --------  --------  ----  --------
  VECTORS               11800000   00000200  00000200  00000000  RWIX
  DSPRAM                11800200   0003fe00  00008e9e  00036f62  RWIX
  SHAREDRAM             80000000   00020000  00000000  00020000  RWIX
  SDRAM                 c0000000   08000000  00000000  08000000  RWIX


SECTION ALLOCATION MAP

 output                                  attributes/
section   page    origin      length       input sections
--------  ----  ----------  ----------   ----------------
vectors    0    11800000    00000200     
                  11800000    00000200     vectors.obj (vectors)

.text      0    11800200    00006e40     
                  11800200    00000dc0     LCDK_Support_DSP.obj (.text)
                  11800fc0    000005a0     rts6740.lib : divd.obj (.text:__divd)
                  11801560    00000580                 : _printfi.obj (.text:__getarg_diouxp)
                  11801ae0    00000520                 : _printfi.obj (.text:__setfield)
                  11802000    00000440                 : _printfi.obj (.text:__printfi)
                  11802440    000003a0                 : fputs.obj (.text:_fputs)
                  118027e0    00000320                 : _printfi.obj (.text:__pproc_fge)
                  11802b00    000002c0                 : _printfi.obj (.text:__pproc_fwp)
                  11802dc0    000002a0                 : _printfi.obj (.text:_ecvt)
                  11803060    000002a0                 : _printfi.obj (.text:_fcvt)
                  11803300    00000280                 : memory.obj (.text:_free)
                  11803580    00000260                 : imath64.obj (.text:__divull)
                  118037e0    00000260                 : _printfi.obj (.text:__pconv_e)
                  11803a40    00000260     ISRs.obj (.text:retain)
                  11803ca0    00000240     rts6740.lib : _printfi.obj (.text:__pproc_diouxp)
                  11803ee0    00000220                 : _printfi.obj (.text:__pproc_str)
                  11804100    00000220                 : fputc.obj (.text:_fputc)
                  11804320    00000200                 : _printfi.obj (.text:__pconv_g)
                  11804520    00000200                 : setvbuf.obj (.text:_setvbuf)
                  11804720    000001c0                 : _printfi.obj (.text:__mcpy)
                  118048e0    000001a0                 : imath40.obj (.text:__divul)
                  11804a80    00000180                 : trgdrv.obj (.text:_HOSTrename)
                  11804c00    00000180                 : memory.obj (.text:_malloc)
                  11804d80    00000140                 : _printfi.obj (.text:__pproc_fflags)
                  11804ec0    00000140                 : lowlev.obj (.text:_getdevice)
                  11805000    00000120                 : fclose.obj (.text:__closefile)
                  11805120    00000120                 : _printfi.obj (.text:__ltostr)
                  11805240    00000120                 : fseek.obj (.text:_fseek)
                  11805360    00000100                 : trgdrv.obj (.text:_HOSTlseek)
                  11805460    00000100                 : _io_perm.obj (.text:__wrt_ok)
                  11805560    000000e0                 : trgdrv.obj (.text:_HOSTopen)
                  11805640    000000e0                 : trgdrv.obj (.text:_HOSTread)
                  11805720    000000e0                 : atoi.obj (.text:_atoi)
                  11805800    000000e0                 : lowlev.obj (.text:_close)
                  118058e0    000000e0                 : memset.obj (.text:_memset)
                  118059c0    000000e0                 : printf.obj (.text:_printf)
                  11805aa0    000000c0                 : trgdrv.obj (.text:_HOSTunlink)
                  11805b60    000000c0                 : trgdrv.obj (.text:_HOSTwrite)
                  11805c20    000000c0                 : autoinit.obj (.text:__auto_init)
                  11805ce0    000000c0                 : _printfi.obj (.text:__div)
                  11805da0    000000c0                 : divu.obj (.text:__divu)
                  11805e60    000000c0                 : fflush.obj (.text:__doflush)
                  11805f20    000000c0                 : exit.obj (.text:_exit)
                  11805fe0    000000c0                 : ltoa.obj (.text:_ltoa)
                  118060a0    000000a0                 : trgdrv.obj (.text:_HOSTclose)
                  11806140    000000a0                 : fopen.obj (.text:__cleanup)
                  118061e0    000000a0                 : imath40.obj (.text:__divli)
                  11806280    000000a0                 : _printfi.obj (.text:__ecpy)
                  11806320    000000a0                 : _printfi.obj (.text:__fcpy)
                  118063c0    000000a0                 : fixdli.obj (.text:__fixdli)
                  11806460    000000a0                 : _printfi.obj (.text:__pconv_f)
                  11806500    000000a0                 : cpy_tbl.obj (.text:_copy_in)
                  118065a0    000000a0                 : lowlev.obj (.text:_finddevice)
                  11806640    000000a0                 : lowlev.obj (.text:_lseek)
                  118066e0    000000a0                 : memcpy64.obj (.text:_memcpy)
                  11806780    000000a0                 : memory.obj (.text:_minsert)
                  11806820    000000a0                 : memory.obj (.text:_mremove)
                  118068c0    000000a0                 : lowlev.obj (.text:_write)
                  11806960    00000080                 : fltlid.obj (.text:__fltlid)
                  118069e0    00000080                 : llshift.obj (.text:__llshl)
                  11806a60    00000080                 : boot.obj (.text:_c_int00)
                  11806ae0    00000080                 : trgmsg.obj (.text:_readmsg)
                  11806b60    00000080                 : lowlev.obj (.text:_unlink)
                  11806be0    00000060                 : cpp_init.obj (.text:___TI_cpp_init)
                  11806c40    00000060                 : imath64.obj (.text:__subcull)
                  11806ca0    00000060                 : memccpy.obj (.text:_memccpy)
                  11806d00    00000060                 : trgmsg.obj (.text:_writemsg)
                  11806d60    00000040                 : isinf.obj (.text:___isinf)
                  11806da0    00000040                 : _printfi.obj (.text:___isnan)
                  11806de0    00000040                 : args_main.obj (.text:__args_main)
                  11806e20    00000040                 : frcmpyd_div.obj (.text:__frcmpyd_div)
                  11806e60    00000040                 : llshift.obj (.text:__llshru)
                  11806ea0    00000040                 : imath40.obj (.text:__remli)
                  11806ee0    00000040     main.obj (.text)
                  11806f20    00000020     StartUp.obj (.text)
                  11806f40    00000020     rts6740.lib : negll.obj (.text:__negll)
                  11806f60    00000020                 : _lock.obj (.text:__nop)
                  11806f80    00000020                 : printf.obj (.text:__outc)
                  11806fa0    00000020                 : printf.obj (.text:__outs)
                  11806fc0    00000020                 : exit.obj (.text:_abort)
                  11806fe0    00000020                 : remove.obj (.text:_remove)
                  11807000    00000040     stack.obj (.text)

.far       0    11807040    00001470     UNINITIALIZED
                  11807040    00001000     main.obj (.far)
                  11808040    00000324     rts6740.lib : defs.obj (.far)
                  11808364    00000004                 : fopen.obj (.far)
                  11808368    0000011c                 : lowlev.obj (.far)
                  11808484    0000000c                 : exit.obj (.far)
                  11808490    00000008     ISRs.obj (.far)
                  11808498    00000008     rts6740.lib : _lock.obj (.far)
                  118084a0    00000008                 : memory.obj (.far)
                  118084a8    00000008                 : trgdrv.obj (.far)

.stack     0    118084b0    00000400     UNINITIALIZED
                  118084b0    00000008     rts6740.lib : boot.obj (.stack)
                  118084b8    000003f8     --HOLE--

.sysmem    0    118088b0    00000400     UNINITIALIZED
                  118088b0    00000008     rts6740.lib : memory.obj (.sysmem)
                  118088b8    000003f8     --HOLE--

.cinit     0    11808cb0    00000184     
                  11808cb0    0000005c     rts6740.lib : defs.obj (.cinit)
                  11808d0c    00000004     --HOLE-- [fill = 0]
                  11808d10    0000005c                 : lowlev.obj (.cinit)
                  11808d6c    00000004     --HOLE-- [fill = 0]
                  11808d70    0000002c                 : exit.obj (.cinit)
                  11808d9c    00000004     --HOLE-- [fill = 0]
                  11808da0    0000002c                 : memory.obj (.cinit)
                  11808dcc    00000004     --HOLE-- [fill = 0]
                  11808dd0    0000001c                 : _lock.obj (.cinit)
                  11808dec    00000004     --HOLE-- [fill = 0]
                  11808df0    0000000c     ISRs.obj (.cinit)
                  11808dfc    00000004     --HOLE-- [fill = 0]
                  11808e00    0000000c     LCDK_Support_DSP.obj (.cinit)
                  11808e0c    00000004     --HOLE-- [fill = 0]
                  11808e10    0000000c     main.obj (.cinit)
                  11808e1c    00000004     --HOLE-- [fill = 0]
                  11808e20    0000000c     rts6740.lib : fopen.obj (.cinit)
                  11808e2c    00000004     --HOLE-- [fill = 0]
                  11808e30    00000004     (.pad.cinit) [fill = 0]

.const     0    11808e38    00000126     
                  11808e38    00000101     rts6740.lib : ctype.obj (.const:.string:__ctypes_)
                  11808f39    00000023                 : _printfi.obj (.const:.string)
                  11808f5c    00000002                 : fputs.obj (.const:.string)

.cio       0    11808f60    00000120     UNINITIALIZED
                  11808f60    00000120     rts6740.lib : trgmsg.obj (.cio)

.switch    0    11809080    00000018     
                  11809080    00000018     LCDK_Support_DSP.obj (.switch:_SetSampleRate_AIC3106)

.bss       0    11809098    0000000c     UNINITIALIZED
                  11809098    00000004     ISRs.obj (.bss)
                  1180909c    00000004     LCDK_Support_DSP.obj (.bss)
                  118090a0    00000004     main.obj (.bss)


GLOBAL SYMBOLS: SORTED ALPHABETICALLY BY Name 

address    name
--------   ----
11809098   $bss
11809098   .bss
11800200   .text
11806fc0   C$$EXIT
11806d58   C$$IO$$
118008ec   _AIC3106_write_reg
11800674   _CheckForOverrun
11808490   _CodecDataIn
11808494   _CodecDataOut
11803a40   _Codec_ISR
11800208   _DSP_Init
11800228   _DSP_Init_EDMA
1180040c   _EnableInterrupts
11800458   _EnableInterrupts_EDMA
11800200   _GetSampleFreq
118060a0   _HOSTclose
11805360   _HOSTlseek
11805560   _HOSTopen
11805640   _HOSTread
11804a80   _HOSTrename
11805aa0   _HOSTunlink
11805b60   _HOSTwrite
118003a4   _InitDigitalOutputs
11800248   _InitLEDs
118006a4   _Init_AIC3106
118004cc   _Init_I2C
118003c8   _Init_Interrupts
11800448   _Init_Interrupts_EDMA
11800a98   _Init_McASP0
11800e28   _Init_UART2
11800f68   _IsDataReady_UART2
11800f8c   _IsTxReady_UART2
11800f08   _Puts_UART2
1180062c   _ReadCodecData
1180038c   _ReadSwitches
11800f48   _Read_UART2
11800928   _Reset_AIC3106
11800528   _Reset_I2C
11800950   _SetSampleRate_AIC3106
11806f20   _StartUp
11800650   _WriteCodecData
118003b0   _WriteDigitalOutputs
118002a8   _WriteLEDs
11800548   _Write_I2C
11800ee0   _Write_UART2
11808f60   __CIOBUF_
118088b0   __STACK_END
00000400   __STACK_SIZE
00000400   __SYSMEM_SIZE
00000001   __TI_args_main
11806be0   ___TI_cpp_init
1180848c   ___TI_enable_exit_profile_output
ffffffff   ___TI_pprof_out_hndl
ffffffff   ___TI_prof_data_size
ffffffff   ___TI_prof_data_start
ffffffff   ___binit__
11809098   ___bss__
ffffffff   ___c_args__
11808cb0   ___cinit__
118090a4   ___end__
11807040   ___etext__
11806d60   ___isinf
ffffffff   ___pinit__
11800200   ___text__
11806de0   __args_main
11805c20   __auto_init
11805da0   __c6xabi_divu
11806140   __cleanup
11808484   __cleanup_ptr
11805000   __closefile
11808e38   __ctypes_
11800fc0   __divd
118061e0   __divli
11805da0   __divu
118048e0   __divul
11803580   __divull
11805e60   __doflush
11808488   __dtors_ptr
118063c0   __fixdli
11806960   __fltlid
11806e20   __frcmpyd_div
11808360   __ft_end
11808040   __ftable
118069e0   __llshl
11806e60   __llshru
11808498   __lock
11806f40   __negll
11806f60   __nop
11802000   __printfi
11806ea0   __remli
118084b0   __stack
11806c40   __subcull
118088b0   __sys_memory
11808220   __tmpnams
1180849c   __unlock
11805460   __wrt_ok
11806fc0   _abort
11805720   _atoi
11809098   _bytes
11806a60   _c_int00
11805800   _close
11806500   _copy_in
11805f20   _exit
11804100   _fputc
11802440   _fputs
11803300   _free
11805240   _fseek
11807040   _input
118090a0   _itr
11806640   _lseek
11805fe0   _ltoa
11806ee0   _main
11804c00   _malloc
11806ca0   _memccpy
118066e0   _memcpy
118058e0   _memset
11807840   _output
118059c0   _printf
11804100   _putc
11806ae0   _readmsg
11806fe0   _remove
11804520   _setvbuf
11807000   _stack
11806b60   _unlink
11800498   _wait
118068c0   _write
11806d00   _writemsg
ffffffff   binit
11808cb0   cinit
118090a4   end
11807040   etext
ffffffff   pinit


GLOBAL SYMBOLS: SORTED BY Symbol Address 

address    name
--------   ----
00000001   __TI_args_main
00000400   __STACK_SIZE
00000400   __SYSMEM_SIZE
11800200   .text
11800200   _GetSampleFreq
11800200   ___text__
11800208   _DSP_Init
11800228   _DSP_Init_EDMA
11800248   _InitLEDs
118002a8   _WriteLEDs
1180038c   _ReadSwitches
118003a4   _InitDigitalOutputs
118003b0   _WriteDigitalOutputs
118003c8   _Init_Interrupts
1180040c   _EnableInterrupts
11800448   _Init_Interrupts_EDMA
11800458   _EnableInterrupts_EDMA
11800498   _wait
118004cc   _Init_I2C
11800528   _Reset_I2C
11800548   _Write_I2C
1180062c   _ReadCodecData
11800650   _WriteCodecData
11800674   _CheckForOverrun
118006a4   _Init_AIC3106
118008ec   _AIC3106_write_reg
11800928   _Reset_AIC3106
11800950   _SetSampleRate_AIC3106
11800a98   _Init_McASP0
11800e28   _Init_UART2
11800ee0   _Write_UART2
11800f08   _Puts_UART2
11800f48   _Read_UART2
11800f68   _IsDataReady_UART2
11800f8c   _IsTxReady_UART2
11800fc0   __divd
11802000   __printfi
11802440   _fputs
11803300   _free
11803580   __divull
11803a40   _Codec_ISR
11804100   _fputc
11804100   _putc
11804520   _setvbuf
118048e0   __divul
11804a80   _HOSTrename
11804c00   _malloc
11805000   __closefile
11805240   _fseek
11805360   _HOSTlseek
11805460   __wrt_ok
11805560   _HOSTopen
11805640   _HOSTread
11805720   _atoi
11805800   _close
118058e0   _memset
118059c0   _printf
11805aa0   _HOSTunlink
11805b60   _HOSTwrite
11805c20   __auto_init
11805da0   __c6xabi_divu
11805da0   __divu
11805e60   __doflush
11805f20   _exit
11805fe0   _ltoa
118060a0   _HOSTclose
11806140   __cleanup
118061e0   __divli
118063c0   __fixdli
11806500   _copy_in
11806640   _lseek
118066e0   _memcpy
118068c0   _write
11806960   __fltlid
118069e0   __llshl
11806a60   _c_int00
11806ae0   _readmsg
11806b60   _unlink
11806be0   ___TI_cpp_init
11806c40   __subcull
11806ca0   _memccpy
11806d00   _writemsg
11806d58   C$$IO$$
11806d60   ___isinf
11806de0   __args_main
11806e20   __frcmpyd_div
11806e60   __llshru
11806ea0   __remli
11806ee0   _main
11806f20   _StartUp
11806f40   __negll
11806f60   __nop
11806fc0   C$$EXIT
11806fc0   _abort
11806fe0   _remove
11807000   _stack
11807040   ___etext__
11807040   _input
11807040   etext
11807840   _output
11808040   __ftable
11808220   __tmpnams
11808360   __ft_end
11808484   __cleanup_ptr
11808488   __dtors_ptr
1180848c   ___TI_enable_exit_profile_output
11808490   _CodecDataIn
11808494   _CodecDataOut
11808498   __lock
1180849c   __unlock
118084b0   __stack
118088b0   __STACK_END
118088b0   __sys_memory
11808cb0   ___cinit__
11808cb0   cinit
11808e38   __ctypes_
11808f60   __CIOBUF_
11809098   $bss
11809098   .bss
11809098   ___bss__
11809098   _bytes
118090a0   _itr
118090a4   ___end__
118090a4   end
ffffffff   ___TI_pprof_out_hndl
ffffffff   ___TI_prof_data_size
ffffffff   ___TI_prof_data_start
ffffffff   ___binit__
ffffffff   ___c_args__
ffffffff   ___pinit__
ffffffff   binit
ffffffff   pinit

[132 symbols]
