<?xml version="1.0"?>
<link_info>
   <banner>TMS320C6x Linker PC v7.4.14</banner>
   <copyright>Copyright (c) 1996-2015 Texas Instruments Incorporated</copyright>
   <link_time>0x5acfed72</link_time>
   <output_file>lab2_problem2.out</output_file>
   <entry_point>
      <name>_c_int00</name>
      <address>0x11806a80</address>
   </entry_point>
   <input_file_list>
      <input_file id="fl-2">
         <path>.\</path>
         <kind>object</kind>
         <file>ISRs.obj</file>
         <name>ISRs.obj</name>
      </input_file>
      <input_file id="fl-3">
         <path>.\</path>
         <kind>object</kind>
         <file>LCDK_Support_DSP.obj</file>
         <name>LCDK_Support_DSP.obj</name>
      </input_file>
      <input_file id="fl-4">
         <path>.\</path>
         <kind>object</kind>
         <file>StartUp.obj</file>
         <name>StartUp.obj</name>
      </input_file>
      <input_file id="fl-5">
         <path>.\</path>
         <kind>object</kind>
         <file>main.obj</file>
         <name>main.obj</name>
      </input_file>
      <input_file id="fl-6">
         <path>.\</path>
         <kind>object</kind>
         <file>stack.obj</file>
         <name>stack.obj</name>
      </input_file>
      <input_file id="fl-7">
         <path>.\</path>
         <kind>object</kind>
         <file>vectors.obj</file>
         <name>vectors.obj</name>
      </input_file>
      <input_file id="fl-c">
         <path>C:\ti\ccsv6\tools\compiler\c6000_7.4.14\lib\</path>
         <kind>archive</kind>
         <file>rts6740.lib</file>
         <name>boot.obj</name>
      </input_file>
      <input_file id="fl-d">
         <path>C:\ti\ccsv6\tools\compiler\c6000_7.4.14\lib\</path>
         <kind>archive</kind>
         <file>rts6740.lib</file>
         <name>divu.obj</name>
      </input_file>
      <input_file id="fl-e">
         <path>C:\ti\ccsv6\tools\compiler\c6000_7.4.14\lib\</path>
         <kind>archive</kind>
         <file>rts6740.lib</file>
         <name>exit.obj</name>
      </input_file>
      <input_file id="fl-f">
         <path>C:\ti\ccsv6\tools\compiler\c6000_7.4.14\lib\</path>
         <kind>archive</kind>
         <file>rts6740.lib</file>
         <name>printf.obj</name>
      </input_file>
      <input_file id="fl-10">
         <path>C:\ti\ccsv6\tools\compiler\c6000_7.4.14\lib\</path>
         <kind>archive</kind>
         <file>rts6740.lib</file>
         <name>_lock.obj</name>
      </input_file>
      <input_file id="fl-11">
         <path>C:\ti\ccsv6\tools\compiler\c6000_7.4.14\lib\</path>
         <kind>archive</kind>
         <file>rts6740.lib</file>
         <name>_printfi.obj</name>
      </input_file>
      <input_file id="fl-12">
         <path>C:\ti\ccsv6\tools\compiler\c6000_7.4.14\lib\</path>
         <kind>archive</kind>
         <file>rts6740.lib</file>
         <name>args_main.obj</name>
      </input_file>
      <input_file id="fl-13">
         <path>C:\ti\ccsv6\tools\compiler\c6000_7.4.14\lib\</path>
         <kind>archive</kind>
         <file>rts6740.lib</file>
         <name>atoi.obj</name>
      </input_file>
      <input_file id="fl-14">
         <path>C:\ti\ccsv6\tools\compiler\c6000_7.4.14\lib\</path>
         <kind>archive</kind>
         <file>rts6740.lib</file>
         <name>autoinit.obj</name>
      </input_file>
      <input_file id="fl-15">
         <path>C:\ti\ccsv6\tools\compiler\c6000_7.4.14\lib\</path>
         <kind>archive</kind>
         <file>rts6740.lib</file>
         <name>cpp_init.obj</name>
      </input_file>
      <input_file id="fl-16">
         <path>C:\ti\ccsv6\tools\compiler\c6000_7.4.14\lib\</path>
         <kind>archive</kind>
         <file>rts6740.lib</file>
         <name>cpy_tbl.obj</name>
      </input_file>
      <input_file id="fl-17">
         <path>C:\ti\ccsv6\tools\compiler\c6000_7.4.14\lib\</path>
         <kind>archive</kind>
         <file>rts6740.lib</file>
         <name>ctype.obj</name>
      </input_file>
      <input_file id="fl-18">
         <path>C:\ti\ccsv6\tools\compiler\c6000_7.4.14\lib\</path>
         <kind>archive</kind>
         <file>rts6740.lib</file>
         <name>defs.obj</name>
      </input_file>
      <input_file id="fl-19">
         <path>C:\ti\ccsv6\tools\compiler\c6000_7.4.14\lib\</path>
         <kind>archive</kind>
         <file>rts6740.lib</file>
         <name>divd.obj</name>
      </input_file>
      <input_file id="fl-1a">
         <path>C:\ti\ccsv6\tools\compiler\c6000_7.4.14\lib\</path>
         <kind>archive</kind>
         <file>rts6740.lib</file>
         <name>fixdli.obj</name>
      </input_file>
      <input_file id="fl-1b">
         <path>C:\ti\ccsv6\tools\compiler\c6000_7.4.14\lib\</path>
         <kind>archive</kind>
         <file>rts6740.lib</file>
         <name>fltlid.obj</name>
      </input_file>
      <input_file id="fl-1c">
         <path>C:\ti\ccsv6\tools\compiler\c6000_7.4.14\lib\</path>
         <kind>archive</kind>
         <file>rts6740.lib</file>
         <name>fputc.obj</name>
      </input_file>
      <input_file id="fl-1d">
         <path>C:\ti\ccsv6\tools\compiler\c6000_7.4.14\lib\</path>
         <kind>archive</kind>
         <file>rts6740.lib</file>
         <name>fputs.obj</name>
      </input_file>
      <input_file id="fl-1e">
         <path>C:\ti\ccsv6\tools\compiler\c6000_7.4.14\lib\</path>
         <kind>archive</kind>
         <file>rts6740.lib</file>
         <name>frcmpyd_div.obj</name>
      </input_file>
      <input_file id="fl-1f">
         <path>C:\ti\ccsv6\tools\compiler\c6000_7.4.14\lib\</path>
         <kind>archive</kind>
         <file>rts6740.lib</file>
         <name>imath40.obj</name>
      </input_file>
      <input_file id="fl-20">
         <path>C:\ti\ccsv6\tools\compiler\c6000_7.4.14\lib\</path>
         <kind>archive</kind>
         <file>rts6740.lib</file>
         <name>imath64.obj</name>
      </input_file>
      <input_file id="fl-21">
         <path>C:\ti\ccsv6\tools\compiler\c6000_7.4.14\lib\</path>
         <kind>archive</kind>
         <file>rts6740.lib</file>
         <name>isinf.obj</name>
      </input_file>
      <input_file id="fl-22">
         <path>C:\ti\ccsv6\tools\compiler\c6000_7.4.14\lib\</path>
         <kind>archive</kind>
         <file>rts6740.lib</file>
         <name>llshift.obj</name>
      </input_file>
      <input_file id="fl-23">
         <path>C:\ti\ccsv6\tools\compiler\c6000_7.4.14\lib\</path>
         <kind>archive</kind>
         <file>rts6740.lib</file>
         <name>lowlev.obj</name>
      </input_file>
      <input_file id="fl-24">
         <path>C:\ti\ccsv6\tools\compiler\c6000_7.4.14\lib\</path>
         <kind>archive</kind>
         <file>rts6740.lib</file>
         <name>ltoa.obj</name>
      </input_file>
      <input_file id="fl-25">
         <path>C:\ti\ccsv6\tools\compiler\c6000_7.4.14\lib\</path>
         <kind>archive</kind>
         <file>rts6740.lib</file>
         <name>memccpy.obj</name>
      </input_file>
      <input_file id="fl-26">
         <path>C:\ti\ccsv6\tools\compiler\c6000_7.4.14\lib\</path>
         <kind>archive</kind>
         <file>rts6740.lib</file>
         <name>memcpy64.obj</name>
      </input_file>
      <input_file id="fl-27">
         <path>C:\ti\ccsv6\tools\compiler\c6000_7.4.14\lib\</path>
         <kind>archive</kind>
         <file>rts6740.lib</file>
         <name>memset.obj</name>
      </input_file>
      <input_file id="fl-28">
         <path>C:\ti\ccsv6\tools\compiler\c6000_7.4.14\lib\</path>
         <kind>archive</kind>
         <file>rts6740.lib</file>
         <name>negll.obj</name>
      </input_file>
      <input_file id="fl-29">
         <path>C:\ti\ccsv6\tools\compiler\c6000_7.4.14\lib\</path>
         <kind>archive</kind>
         <file>rts6740.lib</file>
         <name>trgdrv.obj</name>
      </input_file>
      <input_file id="fl-2a">
         <path>C:\ti\ccsv6\tools\compiler\c6000_7.4.14\lib\</path>
         <kind>archive</kind>
         <file>rts6740.lib</file>
         <name>trgmsg.obj</name>
      </input_file>
      <input_file id="fl-2b">
         <path>C:\ti\ccsv6\tools\compiler\c6000_7.4.14\lib\</path>
         <kind>archive</kind>
         <file>rts6740.lib</file>
         <name>_io_perm.obj</name>
      </input_file>
      <input_file id="fl-2c">
         <path>C:\ti\ccsv6\tools\compiler\c6000_7.4.14\lib\</path>
         <kind>archive</kind>
         <file>rts6740.lib</file>
         <name>abs.obj</name>
      </input_file>
      <input_file id="fl-2d">
         <path>C:\ti\ccsv6\tools\compiler\c6000_7.4.14\lib\</path>
         <kind>archive</kind>
         <file>rts6740.lib</file>
         <name>fflush.obj</name>
      </input_file>
      <input_file id="fl-2e">
         <path>C:\ti\ccsv6\tools\compiler\c6000_7.4.14\lib\</path>
         <kind>archive</kind>
         <file>rts6740.lib</file>
         <name>fseek.obj</name>
      </input_file>
      <input_file id="fl-2f">
         <path>C:\ti\ccsv6\tools\compiler\c6000_7.4.14\lib\</path>
         <kind>archive</kind>
         <file>rts6740.lib</file>
         <name>setvbuf.obj</name>
      </input_file>
      <input_file id="fl-30">
         <path>C:\ti\ccsv6\tools\compiler\c6000_7.4.14\lib\</path>
         <kind>archive</kind>
         <file>rts6740.lib</file>
         <name>fopen.obj</name>
      </input_file>
      <input_file id="fl-31">
         <path>C:\ti\ccsv6\tools\compiler\c6000_7.4.14\lib\</path>
         <kind>archive</kind>
         <file>rts6740.lib</file>
         <name>memory.obj</name>
      </input_file>
      <input_file id="fl-32">
         <path>C:\ti\ccsv6\tools\compiler\c6000_7.4.14\lib\</path>
         <kind>archive</kind>
         <file>rts6740.lib</file>
         <name>fclose.obj</name>
      </input_file>
      <input_file id="fl-33">
         <path>C:\ti\ccsv6\tools\compiler\c6000_7.4.14\lib\</path>
         <kind>archive</kind>
         <file>rts6740.lib</file>
         <name>remove.obj</name>
      </input_file>
   </input_file_list>
   <object_component_list>
      <object_component id="oc-2b">
         <name>vectors</name>
         <load_address>0x11800000</load_address>
         <run_address>0x11800000</run_address>
         <size>0x200</size>
         <input_file_ref idref="fl-7"/>
      </object_component>
      <object_component id="oc-f">
         <name>.bss</name>
         <uninitialized>true</uninitialized>
         <run_address>0x118090b0</run_address>
         <size>0x8</size>
         <input_file_ref idref="fl-2"/>
      </object_component>
      <object_component id="oc-18">
         <name>.bss</name>
         <uninitialized>true</uninitialized>
         <run_address>0x118090b8</run_address>
         <size>0x4</size>
         <input_file_ref idref="fl-3"/>
      </object_component>
      <object_component id="oc-59">
         <name>.cinit</name>
         <load_address>0x11808cb0</load_address>
         <run_address>0x11808cb0</run_address>
         <size>0x5c</size>
         <input_file_ref idref="fl-18"/>
      </object_component>
      <object_component id="oc-7c">
         <name>.cinit</name>
         <load_address>0x11808d10</load_address>
         <run_address>0x11808d10</run_address>
         <size>0x5c</size>
         <input_file_ref idref="fl-23"/>
      </object_component>
      <object_component id="oc-37">
         <name>.cinit</name>
         <load_address>0x11808d70</load_address>
         <run_address>0x11808d70</run_address>
         <size>0x2c</size>
         <input_file_ref idref="fl-e"/>
      </object_component>
      <object_component id="oc-ac">
         <name>.cinit</name>
         <load_address>0x11808da0</load_address>
         <run_address>0x11808da0</run_address>
         <size>0x2c</size>
         <input_file_ref idref="fl-31"/>
      </object_component>
      <object_component id="oc-11">
         <name>.cinit</name>
         <load_address>0x11808dd0</load_address>
         <run_address>0x11808dd0</run_address>
         <size>0x1c</size>
         <input_file_ref idref="fl-2"/>
      </object_component>
      <object_component id="oc-3f">
         <name>.cinit</name>
         <load_address>0x11808df0</load_address>
         <run_address>0x11808df0</run_address>
         <size>0x1c</size>
         <input_file_ref idref="fl-10"/>
      </object_component>
      <object_component id="oc-1a">
         <name>.cinit</name>
         <load_address>0x11808e10</load_address>
         <run_address>0x11808e10</run_address>
         <size>0xc</size>
         <input_file_ref idref="fl-3"/>
      </object_component>
      <object_component id="oc-a7">
         <name>.cinit</name>
         <load_address>0x11808e20</load_address>
         <run_address>0x11808e20</run_address>
         <size>0xc</size>
         <input_file_ref idref="fl-30"/>
      </object_component>
      <object_component id="oc-94">
         <name>.cio</name>
         <uninitialized>true</uninitialized>
         <run_address>0x11808f78</run_address>
         <size>0x120</size>
         <input_file_ref idref="fl-2a"/>
      </object_component>
      <object_component id="oc-e1">
         <name>.const:.string:__ctypes_</name>
         <load_address>0x11808e38</load_address>
         <run_address>0x11808e38</run_address>
         <size>0x101</size>
         <input_file_ref idref="fl-17"/>
      </object_component>
      <object_component id="oc-44">
         <name>.const:.string</name>
         <load_address>0x11808f39</load_address>
         <run_address>0x11808f39</run_address>
         <size>0x23</size>
         <input_file_ref idref="fl-11"/>
      </object_component>
      <object_component id="oc-14">
         <name>.const:.string</name>
         <load_address>0x11808f5c</load_address>
         <run_address>0x11808f5c</run_address>
         <size>0x18</size>
         <input_file_ref idref="fl-2"/>
      </object_component>
      <object_component id="oc-69">
         <name>.const:.string</name>
         <load_address>0x11808f74</load_address>
         <run_address>0x11808f74</run_address>
         <size>0x2</size>
         <input_file_ref idref="fl-1d"/>
      </object_component>
      <object_component id="oc-30">
         <name>.stack</name>
         <uninitialized>true</uninitialized>
         <run_address>0x118084b0</run_address>
         <size>0x8</size>
         <input_file_ref idref="fl-c"/>
      </object_component>
      <object_component id="oc-11d">
         <name>.stack</name>
         <uninitialized>true</uninitialized>
         <run_address>0x118084b0</run_address>
         <size>0x0</size>
      </object_component>
      <object_component id="oc-ae">
         <name>.sysmem</name>
         <uninitialized>true</uninitialized>
         <run_address>0x118088b0</run_address>
         <size>0x8</size>
         <input_file_ref idref="fl-31"/>
      </object_component>
      <object_component id="oc-11e">
         <name>.sysmem</name>
         <uninitialized>true</uninitialized>
         <run_address>0x118088b0</run_address>
         <size>0x0</size>
      </object_component>
      <object_component id="oc-ba">
         <name>.text</name>
         <load_address>0x11800200</load_address>
         <run_address>0x11800200</run_address>
         <size>0xdc0</size>
         <input_file_ref idref="fl-3"/>
      </object_component>
      <object_component id="oc-f3">
         <name>.text:__divd</name>
         <load_address>0x11800fc0</load_address>
         <run_address>0x11800fc0</run_address>
         <size>0x5a0</size>
         <input_file_ref idref="fl-19"/>
      </object_component>
      <object_component id="oc-e7">
         <name>.text:__getarg_diouxp</name>
         <load_address>0x11801560</load_address>
         <run_address>0x11801560</run_address>
         <size>0x580</size>
         <input_file_ref idref="fl-11"/>
      </object_component>
      <object_component id="oc-d4">
         <name>.text:__setfield</name>
         <load_address>0x11801ae0</load_address>
         <run_address>0x11801ae0</run_address>
         <size>0x520</size>
         <input_file_ref idref="fl-11"/>
      </object_component>
      <object_component id="oc-cc">
         <name>.text:__printfi</name>
         <load_address>0x11802000</load_address>
         <run_address>0x11802000</run_address>
         <size>0x440</size>
         <input_file_ref idref="fl-11"/>
      </object_component>
      <object_component id="oc-d1">
         <name>.text:_fputs</name>
         <load_address>0x11802440</load_address>
         <run_address>0x11802440</run_address>
         <size>0x3a0</size>
         <input_file_ref idref="fl-1d"/>
      </object_component>
      <object_component id="oc-dc">
         <name>.text:__pproc_fge</name>
         <load_address>0x118027e0</load_address>
         <run_address>0x118027e0</run_address>
         <size>0x320</size>
         <input_file_ref idref="fl-11"/>
      </object_component>
      <object_component id="oc-d3">
         <name>.text:__pproc_fwp</name>
         <load_address>0x11802b00</load_address>
         <run_address>0x11802b00</run_address>
         <size>0x2c0</size>
         <input_file_ref idref="fl-11"/>
      </object_component>
      <object_component id="oc-ee">
         <name>.text:_ecvt</name>
         <load_address>0x11802dc0</load_address>
         <run_address>0x11802dc0</run_address>
         <size>0x2a0</size>
         <input_file_ref idref="fl-11"/>
      </object_component>
      <object_component id="oc-f1">
         <name>.text:_fcvt</name>
         <load_address>0x11803060</load_address>
         <run_address>0x11803060</run_address>
         <size>0x2a0</size>
         <input_file_ref idref="fl-11"/>
      </object_component>
      <object_component id="oc-eb">
         <name>.text:_free</name>
         <load_address>0x11803300</load_address>
         <run_address>0x11803300</run_address>
         <size>0x280</size>
         <input_file_ref idref="fl-31"/>
      </object_component>
      <object_component id="oc-13">
         <name>.text:retain</name>
         <load_address>0x11803580</load_address>
         <run_address>0x11803580</run_address>
         <size>0x280</size>
         <input_file_ref idref="fl-2"/>
      </object_component>
      <object_component id="oc-fe">
         <name>.text:__divull</name>
         <load_address>0x11803800</load_address>
         <run_address>0x11803800</run_address>
         <size>0x260</size>
         <input_file_ref idref="fl-20"/>
      </object_component>
      <object_component id="oc-e6">
         <name>.text:__pconv_e</name>
         <load_address>0x11803a60</load_address>
         <run_address>0x11803a60</run_address>
         <size>0x260</size>
         <input_file_ref idref="fl-11"/>
      </object_component>
      <object_component id="oc-dd">
         <name>.text:__pproc_diouxp</name>
         <load_address>0x11803cc0</load_address>
         <run_address>0x11803cc0</run_address>
         <size>0x240</size>
         <input_file_ref idref="fl-11"/>
      </object_component>
      <object_component id="oc-d5">
         <name>.text:__pproc_str</name>
         <load_address>0x11803f00</load_address>
         <run_address>0x11803f00</run_address>
         <size>0x220</size>
         <input_file_ref idref="fl-11"/>
      </object_component>
      <object_component id="oc-d6">
         <name>.text:_fputc</name>
         <load_address>0x11804120</load_address>
         <run_address>0x11804120</run_address>
         <size>0x220</size>
         <input_file_ref idref="fl-1c"/>
      </object_component>
      <object_component id="oc-e4">
         <name>.text:__pconv_g</name>
         <load_address>0x11804340</load_address>
         <run_address>0x11804340</run_address>
         <size>0x200</size>
         <input_file_ref idref="fl-11"/>
      </object_component>
      <object_component id="oc-e0">
         <name>.text:_setvbuf</name>
         <load_address>0x11804540</load_address>
         <run_address>0x11804540</run_address>
         <size>0x200</size>
         <input_file_ref idref="fl-2f"/>
      </object_component>
      <object_component id="oc-f0">
         <name>.text:__mcpy</name>
         <load_address>0x11804740</load_address>
         <run_address>0x11804740</run_address>
         <size>0x1c0</size>
         <input_file_ref idref="fl-11"/>
      </object_component>
      <object_component id="oc-fd">
         <name>.text:__divul</name>
         <load_address>0x11804900</load_address>
         <run_address>0x11804900</run_address>
         <size>0x1a0</size>
         <input_file_ref idref="fl-1f"/>
      </object_component>
      <object_component id="oc-c3">
         <name>.text:_HOSTrename</name>
         <load_address>0x11804aa0</load_address>
         <run_address>0x11804aa0</run_address>
         <size>0x180</size>
         <input_file_ref idref="fl-29"/>
      </object_component>
      <object_component id="oc-ec">
         <name>.text:_malloc</name>
         <load_address>0x11804c20</load_address>
         <run_address>0x11804c20</run_address>
         <size>0x180</size>
         <input_file_ref idref="fl-31"/>
      </object_component>
      <object_component id="oc-d2">
         <name>.text:__pproc_fflags</name>
         <load_address>0x11804da0</load_address>
         <run_address>0x11804da0</run_address>
         <size>0x140</size>
         <input_file_ref idref="fl-11"/>
      </object_component>
      <object_component id="oc-106">
         <name>.text:_getdevice</name>
         <load_address>0x11804ee0</load_address>
         <run_address>0x11804ee0</run_address>
         <size>0x140</size>
         <input_file_ref idref="fl-23"/>
      </object_component>
      <object_component id="oc-f7">
         <name>.text:__closefile</name>
         <load_address>0x11805020</load_address>
         <run_address>0x11805020</run_address>
         <size>0x120</size>
         <input_file_ref idref="fl-32"/>
      </object_component>
      <object_component id="oc-e9">
         <name>.text:__ltostr</name>
         <load_address>0x11805140</load_address>
         <run_address>0x11805140</run_address>
         <size>0x120</size>
         <input_file_ref idref="fl-11"/>
      </object_component>
      <object_component id="oc-df">
         <name>.text:_fseek</name>
         <load_address>0x11805260</load_address>
         <run_address>0x11805260</run_address>
         <size>0x120</size>
         <input_file_ref idref="fl-2e"/>
      </object_component>
      <object_component id="oc-c1">
         <name>.text:_HOSTlseek</name>
         <load_address>0x11805380</load_address>
         <run_address>0x11805380</run_address>
         <size>0x100</size>
         <input_file_ref idref="fl-29"/>
      </object_component>
      <object_component id="oc-d7">
         <name>.text:__wrt_ok</name>
         <load_address>0x11805480</load_address>
         <run_address>0x11805480</run_address>
         <size>0x100</size>
         <input_file_ref idref="fl-2b"/>
      </object_component>
      <object_component id="oc-bd">
         <name>.text:_HOSTopen</name>
         <load_address>0x11805580</load_address>
         <run_address>0x11805580</run_address>
         <size>0xe0</size>
         <input_file_ref idref="fl-29"/>
      </object_component>
      <object_component id="oc-bf">
         <name>.text:_HOSTread</name>
         <load_address>0x11805660</load_address>
         <run_address>0x11805660</run_address>
         <size>0xe0</size>
         <input_file_ref idref="fl-29"/>
      </object_component>
      <object_component id="oc-db">
         <name>.text:_atoi</name>
         <load_address>0x11805740</load_address>
         <run_address>0x11805740</run_address>
         <size>0xe0</size>
         <input_file_ref idref="fl-13"/>
      </object_component>
      <object_component id="oc-ff">
         <name>.text:_close</name>
         <load_address>0x11805820</load_address>
         <run_address>0x11805820</run_address>
         <size>0xe0</size>
         <input_file_ref idref="fl-23"/>
      </object_component>
      <object_component id="oc-da">
         <name>.text:_memset</name>
         <load_address>0x11805900</load_address>
         <run_address>0x11805900</run_address>
         <size>0xe0</size>
         <input_file_ref idref="fl-27"/>
      </object_component>
      <object_component id="oc-bb">
         <name>.text:_printf</name>
         <load_address>0x118059e0</load_address>
         <run_address>0x118059e0</run_address>
         <size>0xe0</size>
         <input_file_ref idref="fl-f"/>
      </object_component>
      <object_component id="oc-c2">
         <name>.text:_HOSTunlink</name>
         <load_address>0x11805ac0</load_address>
         <run_address>0x11805ac0</run_address>
         <size>0xc0</size>
         <input_file_ref idref="fl-29"/>
      </object_component>
      <object_component id="oc-c0">
         <name>.text:_HOSTwrite</name>
         <load_address>0x11805b80</load_address>
         <run_address>0x11805b80</run_address>
         <size>0xc0</size>
         <input_file_ref idref="fl-29"/>
      </object_component>
      <object_component id="oc-b7">
         <name>.text:__auto_init</name>
         <load_address>0x11805c40</load_address>
         <run_address>0x11805c40</run_address>
         <size>0xc0</size>
         <input_file_ref idref="fl-14"/>
      </object_component>
      <object_component id="oc-f4">
         <name>.text:__div</name>
         <load_address>0x11805d00</load_address>
         <run_address>0x11805d00</run_address>
         <size>0xc0</size>
         <input_file_ref idref="fl-11"/>
      </object_component>
      <object_component id="oc-ca">
         <name>.text:__divu</name>
         <load_address>0x11805dc0</load_address>
         <run_address>0x11805dc0</run_address>
         <size>0xc0</size>
         <input_file_ref idref="fl-d"/>
      </object_component>
      <object_component id="oc-d8">
         <name>.text:__doflush</name>
         <load_address>0x11805e80</load_address>
         <run_address>0x11805e80</run_address>
         <size>0xc0</size>
         <input_file_ref idref="fl-2d"/>
      </object_component>
      <object_component id="oc-b9">
         <name>.text:_exit</name>
         <load_address>0x11805f40</load_address>
         <run_address>0x11805f40</run_address>
         <size>0xc0</size>
         <input_file_ref idref="fl-e"/>
      </object_component>
      <object_component id="oc-f9">
         <name>.text:_ltoa</name>
         <load_address>0x11806000</load_address>
         <run_address>0x11806000</run_address>
         <size>0xc0</size>
         <input_file_ref idref="fl-24"/>
      </object_component>
      <object_component id="oc-be">
         <name>.text:_HOSTclose</name>
         <load_address>0x118060c0</load_address>
         <run_address>0x118060c0</run_address>
         <size>0xa0</size>
         <input_file_ref idref="fl-29"/>
      </object_component>
      <object_component id="oc-ed">
         <name>.text:__cleanup</name>
         <load_address>0x11806160</load_address>
         <run_address>0x11806160</run_address>
         <size>0xa0</size>
         <input_file_ref idref="fl-30"/>
      </object_component>
      <object_component id="oc-102">
         <name>.text:__divli</name>
         <load_address>0x11806200</load_address>
         <run_address>0x11806200</run_address>
         <size>0xa0</size>
         <input_file_ref idref="fl-1f"/>
      </object_component>
      <object_component id="oc-ef">
         <name>.text:__ecpy</name>
         <load_address>0x118062a0</load_address>
         <run_address>0x118062a0</run_address>
         <size>0xa0</size>
         <input_file_ref idref="fl-11"/>
      </object_component>
      <object_component id="oc-f2">
         <name>.text:__fcpy</name>
         <load_address>0x11806340</load_address>
         <run_address>0x11806340</run_address>
         <size>0xa0</size>
         <input_file_ref idref="fl-11"/>
      </object_component>
      <object_component id="oc-f8">
         <name>.text:__fixdli</name>
         <load_address>0x118063e0</load_address>
         <run_address>0x118063e0</run_address>
         <size>0xa0</size>
         <input_file_ref idref="fl-1a"/>
      </object_component>
      <object_component id="oc-e5">
         <name>.text:__pconv_f</name>
         <load_address>0x11806480</load_address>
         <run_address>0x11806480</run_address>
         <size>0xa0</size>
         <input_file_ref idref="fl-11"/>
      </object_component>
      <object_component id="oc-c4">
         <name>.text:_copy_in</name>
         <load_address>0x11806520</load_address>
         <run_address>0x11806520</run_address>
         <size>0xa0</size>
         <input_file_ref idref="fl-16"/>
      </object_component>
      <object_component id="oc-107">
         <name>.text:_finddevice</name>
         <load_address>0x118065c0</load_address>
         <run_address>0x118065c0</run_address>
         <size>0xa0</size>
         <input_file_ref idref="fl-23"/>
      </object_component>
      <object_component id="oc-ea">
         <name>.text:_lseek</name>
         <load_address>0x11806660</load_address>
         <run_address>0x11806660</run_address>
         <size>0xa0</size>
         <input_file_ref idref="fl-23"/>
      </object_component>
      <object_component id="oc-c5">
         <name>.text:_memcpy</name>
         <load_address>0x11806700</load_address>
         <run_address>0x11806700</run_address>
         <size>0xa0</size>
         <input_file_ref idref="fl-26"/>
      </object_component>
      <object_component id="oc-f6">
         <name>.text:_minsert</name>
         <load_address>0x118067a0</load_address>
         <run_address>0x118067a0</run_address>
         <size>0xa0</size>
         <input_file_ref idref="fl-31"/>
      </object_component>
      <object_component id="oc-f5">
         <name>.text:_mremove</name>
         <load_address>0x11806840</load_address>
         <run_address>0x11806840</run_address>
         <size>0xa0</size>
         <input_file_ref idref="fl-31"/>
      </object_component>
      <object_component id="oc-d9">
         <name>.text:_write</name>
         <load_address>0x118068e0</load_address>
         <run_address>0x118068e0</run_address>
         <size>0xa0</size>
         <input_file_ref idref="fl-23"/>
      </object_component>
      <object_component id="oc-fa">
         <name>.text:__fltlid</name>
         <load_address>0x11806980</load_address>
         <run_address>0x11806980</run_address>
         <size>0x80</size>
         <input_file_ref idref="fl-1b"/>
      </object_component>
      <object_component id="oc-103">
         <name>.text:__llshl</name>
         <load_address>0x11806a00</load_address>
         <run_address>0x11806a00</run_address>
         <size>0x80</size>
         <input_file_ref idref="fl-22"/>
      </object_component>
      <object_component id="oc-e">
         <name>.text:_c_int00</name>
         <load_address>0x11806a80</load_address>
         <run_address>0x11806a80</run_address>
         <size>0x80</size>
         <input_file_ref idref="fl-c"/>
      </object_component>
      <object_component id="oc-cf">
         <name>.text:_readmsg</name>
         <load_address>0x11806b00</load_address>
         <run_address>0x11806b00</run_address>
         <size>0x80</size>
         <input_file_ref idref="fl-2a"/>
      </object_component>
      <object_component id="oc-105">
         <name>.text:_unlink</name>
         <load_address>0x11806b80</load_address>
         <run_address>0x11806b80</run_address>
         <size>0x80</size>
         <input_file_ref idref="fl-23"/>
      </object_component>
      <object_component id="oc-c6">
         <name>.text:___TI_cpp_init</name>
         <load_address>0x11806c00</load_address>
         <run_address>0x11806c00</run_address>
         <size>0x60</size>
         <input_file_ref idref="fl-15"/>
      </object_component>
      <object_component id="oc-104">
         <name>.text:__subcull</name>
         <load_address>0x11806c60</load_address>
         <run_address>0x11806c60</run_address>
         <size>0x60</size>
         <input_file_ref idref="fl-20"/>
      </object_component>
      <object_component id="oc-de">
         <name>.text:_memccpy</name>
         <load_address>0x11806cc0</load_address>
         <run_address>0x11806cc0</run_address>
         <size>0x60</size>
         <input_file_ref idref="fl-25"/>
      </object_component>
      <object_component id="oc-ce">
         <name>.text:_writemsg</name>
         <load_address>0x11806d20</load_address>
         <run_address>0x11806d20</run_address>
         <size>0x60</size>
         <input_file_ref idref="fl-2a"/>
      </object_component>
      <object_component id="oc-e3">
         <name>.text:___isinf</name>
         <load_address>0x11806d80</load_address>
         <run_address>0x11806d80</run_address>
         <size>0x40</size>
         <input_file_ref idref="fl-21"/>
      </object_component>
      <object_component id="oc-e2">
         <name>.text:___isnan</name>
         <load_address>0x11806dc0</load_address>
         <run_address>0x11806dc0</run_address>
         <size>0x40</size>
         <input_file_ref idref="fl-11"/>
      </object_component>
      <object_component id="oc-b8">
         <name>.text:__args_main</name>
         <load_address>0x11806e00</load_address>
         <run_address>0x11806e00</run_address>
         <size>0x40</size>
         <input_file_ref idref="fl-12"/>
      </object_component>
      <object_component id="oc-fc">
         <name>.text:__frcmpyd_div</name>
         <load_address>0x11806e40</load_address>
         <run_address>0x11806e40</run_address>
         <size>0x40</size>
         <input_file_ref idref="fl-1e"/>
      </object_component>
      <object_component id="oc-fb">
         <name>.text:__llshru</name>
         <load_address>0x11806e80</load_address>
         <run_address>0x11806e80</run_address>
         <size>0x40</size>
         <input_file_ref idref="fl-22"/>
      </object_component>
      <object_component id="oc-101">
         <name>.text:__remli</name>
         <load_address>0x11806ec0</load_address>
         <run_address>0x11806ec0</run_address>
         <size>0x40</size>
         <input_file_ref idref="fl-1f"/>
      </object_component>
      <object_component id="oc-27">
         <name>.text</name>
         <load_address>0x11806f00</load_address>
         <run_address>0x11806f00</run_address>
         <size>0x40</size>
         <input_file_ref idref="fl-6"/>
      </object_component>
      <object_component id="oc-d0">
         <name>.text</name>
         <load_address>0x11806f40</load_address>
         <run_address>0x11806f40</run_address>
         <size>0x20</size>
         <input_file_ref idref="fl-4"/>
      </object_component>
      <object_component id="oc-e8">
         <name>.text:__negll</name>
         <load_address>0x11806f60</load_address>
         <run_address>0x11806f60</run_address>
         <size>0x20</size>
         <input_file_ref idref="fl-28"/>
      </object_component>
      <object_component id="oc-bc">
         <name>.text:__nop</name>
         <load_address>0x11806f80</load_address>
         <run_address>0x11806f80</run_address>
         <size>0x20</size>
         <input_file_ref idref="fl-10"/>
      </object_component>
      <object_component id="oc-cd">
         <name>.text:__outc</name>
         <load_address>0x11806fa0</load_address>
         <run_address>0x11806fa0</run_address>
         <size>0x20</size>
         <input_file_ref idref="fl-f"/>
      </object_component>
      <object_component id="oc-cb">
         <name>.text:__outs</name>
         <load_address>0x11806fc0</load_address>
         <run_address>0x11806fc0</run_address>
         <size>0x20</size>
         <input_file_ref idref="fl-f"/>
      </object_component>
      <object_component id="oc-c8">
         <name>.text:_abort</name>
         <load_address>0x11806fe0</load_address>
         <run_address>0x11806fe0</run_address>
         <size>0x20</size>
         <input_file_ref idref="fl-e"/>
      </object_component>
      <object_component id="oc-100">
         <name>.text:_remove</name>
         <load_address>0x11807000</load_address>
         <run_address>0x11807000</run_address>
         <size>0x20</size>
         <input_file_ref idref="fl-33"/>
      </object_component>
      <object_component id="oc-c7">
         <name>.text</name>
         <load_address>0x11807020</load_address>
         <run_address>0x11807020</run_address>
         <size>0x20</size>
         <input_file_ref idref="fl-5"/>
      </object_component>
      <object_component id="oc-c9">
         <name>.switch:_SetSampleRate_AIC3106</name>
         <load_address>0x11809098</load_address>
         <run_address>0x11809098</run_address>
         <size>0x18</size>
         <input_file_ref idref="fl-3"/>
      </object_component>
      <object_component id="oc-12">
         <name>.far</name>
         <uninitialized>true</uninitialized>
         <run_address>0x11808490</run_address>
         <size>0x8</size>
         <input_file_ref idref="fl-2"/>
      </object_component>
      <object_component id="oc-23">
         <name>.far</name>
         <uninitialized>true</uninitialized>
         <run_address>0x11807040</run_address>
         <size>0x1000</size>
         <input_file_ref idref="fl-5"/>
      </object_component>
      <object_component id="oc-38">
         <name>.far</name>
         <uninitialized>true</uninitialized>
         <run_address>0x11808484</run_address>
         <size>0xc</size>
         <input_file_ref idref="fl-e"/>
      </object_component>
      <object_component id="oc-40">
         <name>.far</name>
         <uninitialized>true</uninitialized>
         <run_address>0x11808498</run_address>
         <size>0x8</size>
         <input_file_ref idref="fl-10"/>
      </object_component>
      <object_component id="oc-5a">
         <name>.far</name>
         <uninitialized>true</uninitialized>
         <run_address>0x11808040</run_address>
         <size>0x324</size>
         <input_file_ref idref="fl-18"/>
      </object_component>
      <object_component id="oc-7d">
         <name>.far</name>
         <uninitialized>true</uninitialized>
         <run_address>0x11808368</run_address>
         <size>0x11c</size>
         <input_file_ref idref="fl-23"/>
      </object_component>
      <object_component id="oc-90">
         <name>.far</name>
         <uninitialized>true</uninitialized>
         <run_address>0x118084a8</run_address>
         <size>0x8</size>
         <input_file_ref idref="fl-29"/>
      </object_component>
      <object_component id="oc-a8">
         <name>.far</name>
         <uninitialized>true</uninitialized>
         <run_address>0x11808364</run_address>
         <size>0x4</size>
         <input_file_ref idref="fl-30"/>
      </object_component>
      <object_component id="oc-ad">
         <name>.far</name>
         <uninitialized>true</uninitialized>
         <run_address>0x118084a0</run_address>
         <size>0x8</size>
         <input_file_ref idref="fl-31"/>
      </object_component>
      <object_component id="oc-10">
         <name>.debug_info</name>
         <load_address>0x0</load_address>
         <run_address>0x0</run_address>
         <size>0x865</size>
         <input_file_ref idref="fl-2"/>
      </object_component>
      <object_component id="oc-19">
         <name>.debug_info</name>
         <load_address>0x865</load_address>
         <run_address>0x865</run_address>
         <size>0x2b89</size>
         <input_file_ref idref="fl-3"/>
      </object_component>
      <object_component id="oc-1e">
         <name>.debug_info</name>
         <load_address>0x33ee</load_address>
         <run_address>0x33ee</run_address>
         <size>0x63a</size>
         <input_file_ref idref="fl-4"/>
      </object_component>
      <object_component id="oc-22">
         <name>.debug_info</name>
         <load_address>0x3a28</load_address>
         <run_address>0x3a28</run_address>
         <size>0x714</size>
         <input_file_ref idref="fl-5"/>
      </object_component>
      <object_component id="oc-28">
         <name>.debug_info</name>
         <load_address>0x413c</load_address>
         <run_address>0x413c</run_address>
         <size>0xec</size>
         <input_file_ref idref="fl-6"/>
      </object_component>
      <object_component id="oc-2c">
         <name>.debug_info</name>
         <load_address>0x4228</load_address>
         <run_address>0x4228</run_address>
         <size>0xf2</size>
         <input_file_ref idref="fl-7"/>
      </object_component>
      <object_component id="oc-2f">
         <name>.debug_info</name>
         <load_address>0x431a</load_address>
         <run_address>0x431a</run_address>
         <size>0x6f3</size>
         <input_file_ref idref="fl-c"/>
      </object_component>
      <object_component id="oc-33">
         <name>.debug_info</name>
         <load_address>0x4a0d</load_address>
         <run_address>0x4a0d</run_address>
         <size>0xbc</size>
         <input_file_ref idref="fl-d"/>
      </object_component>
      <object_component id="oc-36">
         <name>.debug_info</name>
         <load_address>0x4ac9</load_address>
         <run_address>0x4ac9</run_address>
         <size>0x7c0</size>
         <input_file_ref idref="fl-e"/>
      </object_component>
      <object_component id="oc-3b">
         <name>.debug_info</name>
         <load_address>0x5289</load_address>
         <run_address>0x5289</run_address>
         <size>0x8ea</size>
         <input_file_ref idref="fl-f"/>
      </object_component>
      <object_component id="oc-3e">
         <name>.debug_info</name>
         <load_address>0x5b73</load_address>
         <run_address>0x5b73</run_address>
         <size>0x634</size>
         <input_file_ref idref="fl-10"/>
      </object_component>
      <object_component id="oc-43">
         <name>.debug_info</name>
         <load_address>0x61a7</load_address>
         <run_address>0x61a7</run_address>
         <size>0x2684</size>
         <input_file_ref idref="fl-11"/>
      </object_component>
      <object_component id="oc-47">
         <name>.debug_info</name>
         <load_address>0x882b</load_address>
         <run_address>0x882b</run_address>
         <size>0x6c9</size>
         <input_file_ref idref="fl-12"/>
      </object_component>
      <object_component id="oc-4a">
         <name>.debug_info</name>
         <load_address>0x8ef4</load_address>
         <run_address>0x8ef4</run_address>
         <size>0x6d6</size>
         <input_file_ref idref="fl-13"/>
      </object_component>
      <object_component id="oc-4d">
         <name>.debug_info</name>
         <load_address>0x95ca</load_address>
         <run_address>0x95ca</run_address>
         <size>0x83f</size>
         <input_file_ref idref="fl-14"/>
      </object_component>
      <object_component id="oc-50">
         <name>.debug_info</name>
         <load_address>0x9e09</load_address>
         <run_address>0x9e09</run_address>
         <size>0x6b7</size>
         <input_file_ref idref="fl-15"/>
      </object_component>
      <object_component id="oc-53">
         <name>.debug_info</name>
         <load_address>0xa4c0</load_address>
         <run_address>0xa4c0</run_address>
         <size>0x7ad</size>
         <input_file_ref idref="fl-16"/>
      </object_component>
      <object_component id="oc-56">
         <name>.debug_info</name>
         <load_address>0xac6d</load_address>
         <run_address>0xac6d</run_address>
         <size>0x5e2</size>
         <input_file_ref idref="fl-17"/>
      </object_component>
      <object_component id="oc-58">
         <name>.debug_info</name>
         <load_address>0xb24f</load_address>
         <run_address>0xb24f</run_address>
         <size>0x6cf</size>
         <input_file_ref idref="fl-18"/>
      </object_component>
      <object_component id="oc-5c">
         <name>.debug_info</name>
         <load_address>0xb91e</load_address>
         <run_address>0xb91e</run_address>
         <size>0x96b</size>
         <input_file_ref idref="fl-19"/>
      </object_component>
      <object_component id="oc-5f">
         <name>.debug_info</name>
         <load_address>0xc289</load_address>
         <run_address>0xc289</run_address>
         <size>0x679</size>
         <input_file_ref idref="fl-1a"/>
      </object_component>
      <object_component id="oc-62">
         <name>.debug_info</name>
         <load_address>0xc902</load_address>
         <run_address>0xc902</run_address>
         <size>0x698</size>
         <input_file_ref idref="fl-1b"/>
      </object_component>
      <object_component id="oc-65">
         <name>.debug_info</name>
         <load_address>0xcf9a</load_address>
         <run_address>0xcf9a</run_address>
         <size>0x812</size>
         <input_file_ref idref="fl-1c"/>
      </object_component>
      <object_component id="oc-68">
         <name>.debug_info</name>
         <load_address>0xd7ac</load_address>
         <run_address>0xd7ac</run_address>
         <size>0xa9e</size>
         <input_file_ref idref="fl-1d"/>
      </object_component>
      <object_component id="oc-6c">
         <name>.debug_info</name>
         <load_address>0xe24a</load_address>
         <run_address>0xe24a</run_address>
         <size>0x654</size>
         <input_file_ref idref="fl-1e"/>
      </object_component>
      <object_component id="oc-6f">
         <name>.debug_info</name>
         <load_address>0xe89e</load_address>
         <run_address>0xe89e</run_address>
         <size>0x78b</size>
         <input_file_ref idref="fl-1f"/>
      </object_component>
      <object_component id="oc-72">
         <name>.debug_info</name>
         <load_address>0xf029</load_address>
         <run_address>0xf029</run_address>
         <size>0x786</size>
         <input_file_ref idref="fl-20"/>
      </object_component>
      <object_component id="oc-75">
         <name>.debug_info</name>
         <load_address>0xf7af</load_address>
         <run_address>0xf7af</run_address>
         <size>0x7fe</size>
         <input_file_ref idref="fl-21"/>
      </object_component>
      <object_component id="oc-78">
         <name>.debug_info</name>
         <load_address>0xffad</load_address>
         <run_address>0xffad</run_address>
         <size>0x6e9</size>
         <input_file_ref idref="fl-22"/>
      </object_component>
      <object_component id="oc-7b">
         <name>.debug_info</name>
         <load_address>0x10696</load_address>
         <run_address>0x10696</run_address>
         <size>0xe71</size>
         <input_file_ref idref="fl-23"/>
      </object_component>
      <object_component id="oc-80">
         <name>.debug_info</name>
         <load_address>0x11507</load_address>
         <run_address>0x11507</run_address>
         <size>0x717</size>
         <input_file_ref idref="fl-24"/>
      </object_component>
      <object_component id="oc-83">
         <name>.debug_info</name>
         <load_address>0x11c1e</load_address>
         <run_address>0x11c1e</run_address>
         <size>0x6ba</size>
         <input_file_ref idref="fl-25"/>
      </object_component>
      <object_component id="oc-86">
         <name>.debug_info</name>
         <load_address>0x122d8</load_address>
         <run_address>0x122d8</run_address>
         <size>0xcb</size>
         <input_file_ref idref="fl-26"/>
      </object_component>
      <object_component id="oc-89">
         <name>.debug_info</name>
         <load_address>0x123a3</load_address>
         <run_address>0x123a3</run_address>
         <size>0x79e</size>
         <input_file_ref idref="fl-27"/>
      </object_component>
      <object_component id="oc-8c">
         <name>.debug_info</name>
         <load_address>0x12b41</load_address>
         <run_address>0x12b41</run_address>
         <size>0x600</size>
         <input_file_ref idref="fl-28"/>
      </object_component>
      <object_component id="oc-8f">
         <name>.debug_info</name>
         <load_address>0x13141</load_address>
         <run_address>0x13141</run_address>
         <size>0xdc4</size>
         <input_file_ref idref="fl-29"/>
      </object_component>
      <object_component id="oc-93">
         <name>.debug_info</name>
         <load_address>0x13f05</load_address>
         <run_address>0x13f05</run_address>
         <size>0x851</size>
         <input_file_ref idref="fl-2a"/>
      </object_component>
      <object_component id="oc-97">
         <name>.debug_info</name>
         <load_address>0x14756</load_address>
         <run_address>0x14756</run_address>
         <size>0x742</size>
         <input_file_ref idref="fl-2b"/>
      </object_component>
      <object_component id="oc-9a">
         <name>.debug_info</name>
         <load_address>0x14e98</load_address>
         <run_address>0x14e98</run_address>
         <size>0x5b4</size>
         <input_file_ref idref="fl-2c"/>
      </object_component>
      <object_component id="oc-9d">
         <name>.debug_info</name>
         <load_address>0x1544c</load_address>
         <run_address>0x1544c</run_address>
         <size>0x769</size>
         <input_file_ref idref="fl-2d"/>
      </object_component>
      <object_component id="oc-a0">
         <name>.debug_info</name>
         <load_address>0x15bb5</load_address>
         <run_address>0x15bb5</run_address>
         <size>0x7a1</size>
         <input_file_ref idref="fl-2e"/>
      </object_component>
      <object_component id="oc-a3">
         <name>.debug_info</name>
         <load_address>0x16356</load_address>
         <run_address>0x16356</run_address>
         <size>0x7fb</size>
         <input_file_ref idref="fl-2f"/>
      </object_component>
      <object_component id="oc-a6">
         <name>.debug_info</name>
         <load_address>0x16b51</load_address>
         <run_address>0x16b51</run_address>
         <size>0x853</size>
         <input_file_ref idref="fl-30"/>
      </object_component>
      <object_component id="oc-ab">
         <name>.debug_info</name>
         <load_address>0x173a4</load_address>
         <run_address>0x173a4</run_address>
         <size>0xac7</size>
         <input_file_ref idref="fl-31"/>
      </object_component>
      <object_component id="oc-b1">
         <name>.debug_info</name>
         <load_address>0x17e6b</load_address>
         <run_address>0x17e6b</run_address>
         <size>0x7ee</size>
         <input_file_ref idref="fl-32"/>
      </object_component>
      <object_component id="oc-b4">
         <name>.debug_info</name>
         <load_address>0x18659</load_address>
         <run_address>0x18659</run_address>
         <size>0x64c</size>
         <input_file_ref idref="fl-33"/>
      </object_component>
      <object_component id="oc-11f">
         <name>.debug_info</name>
         <load_address>0x18ca5</load_address>
         <run_address>0x18ca5</run_address>
         <size>0x6e</size>
      </object_component>
      <object_component id="oc-15">
         <name>.debug_frame</name>
         <load_address>0x0</load_address>
         <run_address>0x0</run_address>
         <size>0x37f</size>
         <input_file_ref idref="fl-2"/>
      </object_component>
      <object_component id="oc-1b">
         <name>.debug_frame</name>
         <load_address>0x37f</load_address>
         <run_address>0x37f</run_address>
         <size>0x57a</size>
         <input_file_ref idref="fl-3"/>
      </object_component>
      <object_component id="oc-1f">
         <name>.debug_frame</name>
         <load_address>0x8f9</load_address>
         <run_address>0x8f9</run_address>
         <size>0x254</size>
         <input_file_ref idref="fl-4"/>
      </object_component>
      <object_component id="oc-24">
         <name>.debug_frame</name>
         <load_address>0xb4d</load_address>
         <run_address>0xb4d</run_address>
         <size>0x259</size>
         <input_file_ref idref="fl-5"/>
      </object_component>
      <object_component id="oc-16">
         <name>.debug_line</name>
         <load_address>0x0</load_address>
         <run_address>0x0</run_address>
         <size>0x5b</size>
         <input_file_ref idref="fl-2"/>
      </object_component>
      <object_component id="oc-1c">
         <name>.debug_line</name>
         <load_address>0x5b</load_address>
         <run_address>0x5b</run_address>
         <size>0x64c</size>
         <input_file_ref idref="fl-3"/>
      </object_component>
      <object_component id="oc-20">
         <name>.debug_line</name>
         <load_address>0x6a7</load_address>
         <run_address>0x6a7</run_address>
         <size>0x3b</size>
         <input_file_ref idref="fl-4"/>
      </object_component>
      <object_component id="oc-25">
         <name>.debug_line</name>
         <load_address>0x6e2</load_address>
         <run_address>0x6e2</run_address>
         <size>0x40</size>
         <input_file_ref idref="fl-5"/>
      </object_component>
      <object_component id="oc-29">
         <name>.debug_line</name>
         <load_address>0x722</load_address>
         <run_address>0x722</run_address>
         <size>0x46</size>
         <input_file_ref idref="fl-6"/>
      </object_component>
      <object_component id="oc-2d">
         <name>.debug_line</name>
         <load_address>0x768</load_address>
         <run_address>0x768</run_address>
         <size>0xb9</size>
         <input_file_ref idref="fl-7"/>
      </object_component>
      <object_component id="oc-31">
         <name>.debug_line</name>
         <load_address>0x821</load_address>
         <run_address>0x821</run_address>
         <size>0x3d</size>
         <input_file_ref idref="fl-c"/>
      </object_component>
      <object_component id="oc-34">
         <name>.debug_line</name>
         <load_address>0x85e</load_address>
         <run_address>0x85e</run_address>
         <size>0x44</size>
         <input_file_ref idref="fl-d"/>
      </object_component>
      <object_component id="oc-39">
         <name>.debug_line</name>
         <load_address>0x8a2</load_address>
         <run_address>0x8a2</run_address>
         <size>0x4f</size>
         <input_file_ref idref="fl-e"/>
      </object_component>
      <object_component id="oc-3c">
         <name>.debug_line</name>
         <load_address>0x8f1</load_address>
         <run_address>0x8f1</run_address>
         <size>0x6a</size>
         <input_file_ref idref="fl-f"/>
      </object_component>
      <object_component id="oc-41">
         <name>.debug_line</name>
         <load_address>0x95b</load_address>
         <run_address>0x95b</run_address>
         <size>0x35</size>
         <input_file_ref idref="fl-10"/>
      </object_component>
      <object_component id="oc-45">
         <name>.debug_line</name>
         <load_address>0x990</load_address>
         <run_address>0x990</run_address>
         <size>0x31a</size>
         <input_file_ref idref="fl-11"/>
      </object_component>
      <object_component id="oc-48">
         <name>.debug_line</name>
         <load_address>0xcaa</load_address>
         <run_address>0xcaa</run_address>
         <size>0x3f</size>
         <input_file_ref idref="fl-12"/>
      </object_component>
      <object_component id="oc-4b">
         <name>.debug_line</name>
         <load_address>0xce9</load_address>
         <run_address>0xce9</run_address>
         <size>0x45</size>
         <input_file_ref idref="fl-13"/>
      </object_component>
      <object_component id="oc-4e">
         <name>.debug_line</name>
         <load_address>0xd2e</load_address>
         <run_address>0xd2e</run_address>
         <size>0x49</size>
         <input_file_ref idref="fl-14"/>
      </object_component>
      <object_component id="oc-51">
         <name>.debug_line</name>
         <load_address>0xd77</load_address>
         <run_address>0xd77</run_address>
         <size>0x45</size>
         <input_file_ref idref="fl-15"/>
      </object_component>
      <object_component id="oc-54">
         <name>.debug_line</name>
         <load_address>0xdbc</load_address>
         <run_address>0xdbc</run_address>
         <size>0x44</size>
         <input_file_ref idref="fl-16"/>
      </object_component>
      <object_component id="oc-5d">
         <name>.debug_line</name>
         <load_address>0xe00</load_address>
         <run_address>0xe00</run_address>
         <size>0x3c</size>
         <input_file_ref idref="fl-19"/>
      </object_component>
      <object_component id="oc-60">
         <name>.debug_line</name>
         <load_address>0xe3c</load_address>
         <run_address>0xe3c</run_address>
         <size>0x3d</size>
         <input_file_ref idref="fl-1a"/>
      </object_component>
      <object_component id="oc-63">
         <name>.debug_line</name>
         <load_address>0xe79</load_address>
         <run_address>0xe79</run_address>
         <size>0x3d</size>
         <input_file_ref idref="fl-1b"/>
      </object_component>
      <object_component id="oc-66">
         <name>.debug_line</name>
         <load_address>0xeb6</load_address>
         <run_address>0xeb6</run_address>
         <size>0x3f</size>
         <input_file_ref idref="fl-1c"/>
      </object_component>
      <object_component id="oc-6a">
         <name>.debug_line</name>
         <load_address>0xef5</load_address>
         <run_address>0xef5</run_address>
         <size>0x93</size>
         <input_file_ref idref="fl-1d"/>
      </object_component>
      <object_component id="oc-6d">
         <name>.debug_line</name>
         <load_address>0xf88</load_address>
         <run_address>0xf88</run_address>
         <size>0x3e</size>
         <input_file_ref idref="fl-1e"/>
      </object_component>
      <object_component id="oc-70">
         <name>.debug_line</name>
         <load_address>0xfc6</load_address>
         <run_address>0xfc6</run_address>
         <size>0x73</size>
         <input_file_ref idref="fl-1f"/>
      </object_component>
      <object_component id="oc-73">
         <name>.debug_line</name>
         <load_address>0x1039</load_address>
         <run_address>0x1039</run_address>
         <size>0x61</size>
         <input_file_ref idref="fl-20"/>
      </object_component>
      <object_component id="oc-76">
         <name>.debug_line</name>
         <load_address>0x109a</load_address>
         <run_address>0x109a</run_address>
         <size>0x38</size>
         <input_file_ref idref="fl-21"/>
      </object_component>
      <object_component id="oc-79">
         <name>.debug_line</name>
         <load_address>0x10d2</load_address>
         <run_address>0x10d2</run_address>
         <size>0x56</size>
         <input_file_ref idref="fl-22"/>
      </object_component>
      <object_component id="oc-7e">
         <name>.debug_line</name>
         <load_address>0x1128</load_address>
         <run_address>0x1128</run_address>
         <size>0xf5</size>
         <input_file_ref idref="fl-23"/>
      </object_component>
      <object_component id="oc-81">
         <name>.debug_line</name>
         <load_address>0x121d</load_address>
         <run_address>0x121d</run_address>
         <size>0x40</size>
         <input_file_ref idref="fl-24"/>
      </object_component>
      <object_component id="oc-84">
         <name>.debug_line</name>
         <load_address>0x125d</load_address>
         <run_address>0x125d</run_address>
         <size>0x3f</size>
         <input_file_ref idref="fl-25"/>
      </object_component>
      <object_component id="oc-87">
         <name>.debug_line</name>
         <load_address>0x129c</load_address>
         <run_address>0x129c</run_address>
         <size>0x4a</size>
         <input_file_ref idref="fl-26"/>
      </object_component>
      <object_component id="oc-8a">
         <name>.debug_line</name>
         <load_address>0x12e6</load_address>
         <run_address>0x12e6</run_address>
         <size>0x46</size>
         <input_file_ref idref="fl-27"/>
      </object_component>
      <object_component id="oc-8d">
         <name>.debug_line</name>
         <load_address>0x132c</load_address>
         <run_address>0x132c</run_address>
         <size>0x39</size>
         <input_file_ref idref="fl-28"/>
      </object_component>
      <object_component id="oc-91">
         <name>.debug_line</name>
         <load_address>0x1365</load_address>
         <run_address>0x1365</run_address>
         <size>0x126</size>
         <input_file_ref idref="fl-29"/>
      </object_component>
      <object_component id="oc-95">
         <name>.debug_line</name>
         <load_address>0x148b</load_address>
         <run_address>0x148b</run_address>
         <size>0x66</size>
         <input_file_ref idref="fl-2a"/>
      </object_component>
      <object_component id="oc-98">
         <name>.debug_line</name>
         <load_address>0x14f1</load_address>
         <run_address>0x14f1</run_address>
         <size>0x40</size>
         <input_file_ref idref="fl-2b"/>
      </object_component>
      <object_component id="oc-9b">
         <name>.debug_line</name>
         <load_address>0x1531</load_address>
         <run_address>0x1531</run_address>
         <size>0x23</size>
         <input_file_ref idref="fl-2c"/>
      </object_component>
      <object_component id="oc-9e">
         <name>.debug_line</name>
         <load_address>0x1554</load_address>
         <run_address>0x1554</run_address>
         <size>0x3e</size>
         <input_file_ref idref="fl-2d"/>
      </object_component>
      <object_component id="oc-a1">
         <name>.debug_line</name>
         <load_address>0x1592</load_address>
         <run_address>0x1592</run_address>
         <size>0x3c</size>
         <input_file_ref idref="fl-2e"/>
      </object_component>
      <object_component id="oc-a4">
         <name>.debug_line</name>
         <load_address>0x15ce</load_address>
         <run_address>0x15ce</run_address>
         <size>0x40</size>
         <input_file_ref idref="fl-2f"/>
      </object_component>
      <object_component id="oc-a9">
         <name>.debug_line</name>
         <load_address>0x160e</load_address>
         <run_address>0x160e</run_address>
         <size>0x42</size>
         <input_file_ref idref="fl-30"/>
      </object_component>
      <object_component id="oc-af">
         <name>.debug_line</name>
         <load_address>0x1650</load_address>
         <run_address>0x1650</run_address>
         <size>0xa7</size>
         <input_file_ref idref="fl-31"/>
      </object_component>
      <object_component id="oc-b2">
         <name>.debug_line</name>
         <load_address>0x16f7</load_address>
         <run_address>0x16f7</run_address>
         <size>0x3e</size>
         <input_file_ref idref="fl-32"/>
      </object_component>
      <object_component id="oc-b5">
         <name>.debug_line</name>
         <load_address>0x1735</load_address>
         <run_address>0x1735</run_address>
         <size>0x39</size>
         <input_file_ref idref="fl-33"/>
      </object_component>
      <object_component id="oc-17">
         <name>.debug_abbrev</name>
         <load_address>0x0</load_address>
         <run_address>0x0</run_address>
         <size>0x115</size>
         <input_file_ref idref="fl-2"/>
      </object_component>
      <object_component id="oc-1d">
         <name>.debug_abbrev</name>
         <load_address>0x115</load_address>
         <run_address>0x115</run_address>
         <size>0x1a5</size>
         <input_file_ref idref="fl-3"/>
      </object_component>
      <object_component id="oc-21">
         <name>.debug_abbrev</name>
         <load_address>0x2ba</load_address>
         <run_address>0x2ba</run_address>
         <size>0x69</size>
         <input_file_ref idref="fl-4"/>
      </object_component>
      <object_component id="oc-26">
         <name>.debug_abbrev</name>
         <load_address>0x323</load_address>
         <run_address>0x323</run_address>
         <size>0xc1</size>
         <input_file_ref idref="fl-5"/>
      </object_component>
      <object_component id="oc-2a">
         <name>.debug_abbrev</name>
         <load_address>0x3e4</load_address>
         <run_address>0x3e4</run_address>
         <size>0x21</size>
         <input_file_ref idref="fl-6"/>
      </object_component>
      <object_component id="oc-2e">
         <name>.debug_abbrev</name>
         <load_address>0x405</load_address>
         <run_address>0x405</run_address>
         <size>0x21</size>
         <input_file_ref idref="fl-7"/>
      </object_component>
      <object_component id="oc-32">
         <name>.debug_abbrev</name>
         <load_address>0x426</load_address>
         <run_address>0x426</run_address>
         <size>0xfe</size>
         <input_file_ref idref="fl-c"/>
      </object_component>
      <object_component id="oc-35">
         <name>.debug_abbrev</name>
         <load_address>0x524</load_address>
         <run_address>0x524</run_address>
         <size>0x3b</size>
         <input_file_ref idref="fl-d"/>
      </object_component>
      <object_component id="oc-3a">
         <name>.debug_abbrev</name>
         <load_address>0x55f</load_address>
         <run_address>0x55f</run_address>
         <size>0x119</size>
         <input_file_ref idref="fl-e"/>
      </object_component>
      <object_component id="oc-3d">
         <name>.debug_abbrev</name>
         <load_address>0x678</load_address>
         <run_address>0x678</run_address>
         <size>0x161</size>
         <input_file_ref idref="fl-f"/>
      </object_component>
      <object_component id="oc-42">
         <name>.debug_abbrev</name>
         <load_address>0x7d9</load_address>
         <run_address>0x7d9</run_address>
         <size>0x9f</size>
         <input_file_ref idref="fl-10"/>
      </object_component>
      <object_component id="oc-46">
         <name>.debug_abbrev</name>
         <load_address>0x878</load_address>
         <run_address>0x878</run_address>
         <size>0x1d1</size>
         <input_file_ref idref="fl-11"/>
      </object_component>
      <object_component id="oc-49">
         <name>.debug_abbrev</name>
         <load_address>0xa49</load_address>
         <run_address>0xa49</run_address>
         <size>0xe1</size>
         <input_file_ref idref="fl-12"/>
      </object_component>
      <object_component id="oc-4c">
         <name>.debug_abbrev</name>
         <load_address>0xb2a</load_address>
         <run_address>0xb2a</run_address>
         <size>0xcc</size>
         <input_file_ref idref="fl-13"/>
      </object_component>
      <object_component id="oc-4f">
         <name>.debug_abbrev</name>
         <load_address>0xbf6</load_address>
         <run_address>0xbf6</run_address>
         <size>0x13f</size>
         <input_file_ref idref="fl-14"/>
      </object_component>
      <object_component id="oc-52">
         <name>.debug_abbrev</name>
         <load_address>0xd35</load_address>
         <run_address>0xd35</run_address>
         <size>0xdd</size>
         <input_file_ref idref="fl-15"/>
      </object_component>
      <object_component id="oc-55">
         <name>.debug_abbrev</name>
         <load_address>0xe12</load_address>
         <run_address>0xe12</run_address>
         <size>0x10c</size>
         <input_file_ref idref="fl-16"/>
      </object_component>
      <object_component id="oc-57">
         <name>.debug_abbrev</name>
         <load_address>0xf1e</load_address>
         <run_address>0xf1e</run_address>
         <size>0x5f</size>
         <input_file_ref idref="fl-17"/>
      </object_component>
      <object_component id="oc-5b">
         <name>.debug_abbrev</name>
         <load_address>0xf7d</load_address>
         <run_address>0xf7d</run_address>
         <size>0x8e</size>
         <input_file_ref idref="fl-18"/>
      </object_component>
      <object_component id="oc-5e">
         <name>.debug_abbrev</name>
         <load_address>0x100b</load_address>
         <run_address>0x100b</run_address>
         <size>0xf5</size>
         <input_file_ref idref="fl-19"/>
      </object_component>
      <object_component id="oc-61">
         <name>.debug_abbrev</name>
         <load_address>0x1100</load_address>
         <run_address>0x1100</run_address>
         <size>0xac</size>
         <input_file_ref idref="fl-1a"/>
      </object_component>
      <object_component id="oc-64">
         <name>.debug_abbrev</name>
         <load_address>0x11ac</load_address>
         <run_address>0x11ac</run_address>
         <size>0xc3</size>
         <input_file_ref idref="fl-1b"/>
      </object_component>
      <object_component id="oc-67">
         <name>.debug_abbrev</name>
         <load_address>0x126f</load_address>
         <run_address>0x126f</run_address>
         <size>0x11f</size>
         <input_file_ref idref="fl-1c"/>
      </object_component>
      <object_component id="oc-6b">
         <name>.debug_abbrev</name>
         <load_address>0x138e</load_address>
         <run_address>0x138e</run_address>
         <size>0x14b</size>
         <input_file_ref idref="fl-1d"/>
      </object_component>
      <object_component id="oc-6e">
         <name>.debug_abbrev</name>
         <load_address>0x14d9</load_address>
         <run_address>0x14d9</run_address>
         <size>0x8c</size>
         <input_file_ref idref="fl-1e"/>
      </object_component>
      <object_component id="oc-71">
         <name>.debug_abbrev</name>
         <load_address>0x1565</load_address>
         <run_address>0x1565</run_address>
         <size>0xc3</size>
         <input_file_ref idref="fl-1f"/>
      </object_component>
      <object_component id="oc-74">
         <name>.debug_abbrev</name>
         <load_address>0x1628</load_address>
         <run_address>0x1628</run_address>
         <size>0xc3</size>
         <input_file_ref idref="fl-20"/>
      </object_component>
      <object_component id="oc-77">
         <name>.debug_abbrev</name>
         <load_address>0x16eb</load_address>
         <run_address>0x16eb</run_address>
         <size>0xd0</size>
         <input_file_ref idref="fl-21"/>
      </object_component>
      <object_component id="oc-7a">
         <name>.debug_abbrev</name>
         <load_address>0x17bb</load_address>
         <run_address>0x17bb</run_address>
         <size>0xa3</size>
         <input_file_ref idref="fl-22"/>
      </object_component>
      <object_component id="oc-7f">
         <name>.debug_abbrev</name>
         <load_address>0x185e</load_address>
         <run_address>0x185e</run_address>
         <size>0x215</size>
         <input_file_ref idref="fl-23"/>
      </object_component>
      <object_component id="oc-82">
         <name>.debug_abbrev</name>
         <load_address>0x1a73</load_address>
         <run_address>0x1a73</run_address>
         <size>0xe3</size>
         <input_file_ref idref="fl-24"/>
      </object_component>
      <object_component id="oc-85">
         <name>.debug_abbrev</name>
         <load_address>0x1b56</load_address>
         <run_address>0x1b56</run_address>
         <size>0xae</size>
         <input_file_ref idref="fl-25"/>
      </object_component>
      <object_component id="oc-88">
         <name>.debug_abbrev</name>
         <load_address>0x1c04</load_address>
         <run_address>0x1c04</run_address>
         <size>0x3b</size>
         <input_file_ref idref="fl-26"/>
      </object_component>
      <object_component id="oc-8b">
         <name>.debug_abbrev</name>
         <load_address>0x1c3f</load_address>
         <run_address>0x1c3f</run_address>
         <size>0xd0</size>
         <input_file_ref idref="fl-27"/>
      </object_component>
      <object_component id="oc-8e">
         <name>.debug_abbrev</name>
         <load_address>0x1d0f</load_address>
         <run_address>0x1d0f</run_address>
         <size>0x71</size>
         <input_file_ref idref="fl-28"/>
      </object_component>
      <object_component id="oc-92">
         <name>.debug_abbrev</name>
         <load_address>0x1d80</load_address>
         <run_address>0x1d80</run_address>
         <size>0x180</size>
         <input_file_ref idref="fl-29"/>
      </object_component>
      <object_component id="oc-96">
         <name>.debug_abbrev</name>
         <load_address>0x1f00</load_address>
         <run_address>0x1f00</run_address>
         <size>0xd5</size>
         <input_file_ref idref="fl-2a"/>
      </object_component>
      <object_component id="oc-99">
         <name>.debug_abbrev</name>
         <load_address>0x1fd5</load_address>
         <run_address>0x1fd5</run_address>
         <size>0xd1</size>
         <input_file_ref idref="fl-2b"/>
      </object_component>
      <object_component id="oc-9c">
         <name>.debug_abbrev</name>
         <load_address>0x20a6</load_address>
         <run_address>0x20a6</run_address>
         <size>0x90</size>
         <input_file_ref idref="fl-2c"/>
      </object_component>
      <object_component id="oc-9f">
         <name>.debug_abbrev</name>
         <load_address>0x2136</load_address>
         <run_address>0x2136</run_address>
         <size>0x12d</size>
         <input_file_ref idref="fl-2d"/>
      </object_component>
      <object_component id="oc-a2">
         <name>.debug_abbrev</name>
         <load_address>0x2263</load_address>
         <run_address>0x2263</run_address>
         <size>0xf7</size>
         <input_file_ref idref="fl-2e"/>
      </object_component>
      <object_component id="oc-a5">
         <name>.debug_abbrev</name>
         <load_address>0x235a</load_address>
         <run_address>0x235a</run_address>
         <size>0x11a</size>
         <input_file_ref idref="fl-2f"/>
      </object_component>
      <object_component id="oc-aa">
         <name>.debug_abbrev</name>
         <load_address>0x2474</load_address>
         <run_address>0x2474</run_address>
         <size>0x1cd</size>
         <input_file_ref idref="fl-30"/>
      </object_component>
      <object_component id="oc-b0">
         <name>.debug_abbrev</name>
         <load_address>0x2641</load_address>
         <run_address>0x2641</run_address>
         <size>0x1f6</size>
         <input_file_ref idref="fl-31"/>
      </object_component>
      <object_component id="oc-b3">
         <name>.debug_abbrev</name>
         <load_address>0x2837</load_address>
         <run_address>0x2837</run_address>
         <size>0x130</size>
         <input_file_ref idref="fl-32"/>
      </object_component>
      <object_component id="oc-b6">
         <name>.debug_abbrev</name>
         <load_address>0x2967</load_address>
         <run_address>0x2967</run_address>
         <size>0xab</size>
         <input_file_ref idref="fl-33"/>
      </object_component>
      <object_component id="oc-120">
         <name>.debug_abbrev</name>
         <load_address>0x2a12</load_address>
         <run_address>0x2a12</run_address>
         <size>0xd</size>
      </object_component>
   </object_component_list>
   <logical_group_list>
      <logical_group id="lg-2">
         <name>vectors</name>
         <load_address>0x11800000</load_address>
         <run_address>0x11800000</run_address>
         <size>0x200</size>
         <contents>
            <object_component_ref idref="oc-2b"/>
         </contents>
      </logical_group>
      <logical_group id="lg-3">
         <name>.bss</name>
         <run_address>0x118090b0</run_address>
         <size>0xc</size>
         <contents>
            <object_component_ref idref="oc-f"/>
            <object_component_ref idref="oc-18"/>
         </contents>
      </logical_group>
      <logical_group id="lg-4">
         <name>.cinit</name>
         <load_address>0x11808cb0</load_address>
         <run_address>0x11808cb0</run_address>
         <size>0x184</size>
         <contents>
            <object_component_ref idref="oc-59"/>
            <object_component_ref idref="oc-7c"/>
            <object_component_ref idref="oc-37"/>
            <object_component_ref idref="oc-ac"/>
            <object_component_ref idref="oc-11"/>
            <object_component_ref idref="oc-3f"/>
            <object_component_ref idref="oc-1a"/>
            <object_component_ref idref="oc-a7"/>
         </contents>
      </logical_group>
      <logical_group id="lg-5">
         <name>.cio</name>
         <run_address>0x11808f78</run_address>
         <size>0x120</size>
         <contents>
            <object_component_ref idref="oc-94"/>
         </contents>
      </logical_group>
      <logical_group id="lg-6">
         <name>.const</name>
         <load_address>0x11808e38</load_address>
         <run_address>0x11808e38</run_address>
         <size>0x13e</size>
         <contents>
            <object_component_ref idref="oc-e1"/>
            <object_component_ref idref="oc-44"/>
            <object_component_ref idref="oc-14"/>
            <object_component_ref idref="oc-69"/>
         </contents>
      </logical_group>
      <logical_group id="lg-7">
         <name>.stack</name>
         <run_address>0x118084b0</run_address>
         <size>0x400</size>
         <contents>
            <object_component_ref idref="oc-30"/>
            <object_component_ref idref="oc-11d"/>
         </contents>
      </logical_group>
      <logical_group id="lg-8">
         <name>.sysmem</name>
         <run_address>0x118088b0</run_address>
         <size>0x400</size>
         <contents>
            <object_component_ref idref="oc-ae"/>
            <object_component_ref idref="oc-11e"/>
         </contents>
      </logical_group>
      <logical_group id="lg-9">
         <name>.text</name>
         <load_address>0x11800200</load_address>
         <run_address>0x11800200</run_address>
         <size>0x6e40</size>
         <contents>
            <object_component_ref idref="oc-ba"/>
            <object_component_ref idref="oc-f3"/>
            <object_component_ref idref="oc-e7"/>
            <object_component_ref idref="oc-d4"/>
            <object_component_ref idref="oc-cc"/>
            <object_component_ref idref="oc-d1"/>
            <object_component_ref idref="oc-dc"/>
            <object_component_ref idref="oc-d3"/>
            <object_component_ref idref="oc-ee"/>
            <object_component_ref idref="oc-f1"/>
            <object_component_ref idref="oc-eb"/>
            <object_component_ref idref="oc-13"/>
            <object_component_ref idref="oc-fe"/>
            <object_component_ref idref="oc-e6"/>
            <object_component_ref idref="oc-dd"/>
            <object_component_ref idref="oc-d5"/>
            <object_component_ref idref="oc-d6"/>
            <object_component_ref idref="oc-e4"/>
            <object_component_ref idref="oc-e0"/>
            <object_component_ref idref="oc-f0"/>
            <object_component_ref idref="oc-fd"/>
            <object_component_ref idref="oc-c3"/>
            <object_component_ref idref="oc-ec"/>
            <object_component_ref idref="oc-d2"/>
            <object_component_ref idref="oc-106"/>
            <object_component_ref idref="oc-f7"/>
            <object_component_ref idref="oc-e9"/>
            <object_component_ref idref="oc-df"/>
            <object_component_ref idref="oc-c1"/>
            <object_component_ref idref="oc-d7"/>
            <object_component_ref idref="oc-bd"/>
            <object_component_ref idref="oc-bf"/>
            <object_component_ref idref="oc-db"/>
            <object_component_ref idref="oc-ff"/>
            <object_component_ref idref="oc-da"/>
            <object_component_ref idref="oc-bb"/>
            <object_component_ref idref="oc-c2"/>
            <object_component_ref idref="oc-c0"/>
            <object_component_ref idref="oc-b7"/>
            <object_component_ref idref="oc-f4"/>
            <object_component_ref idref="oc-ca"/>
            <object_component_ref idref="oc-d8"/>
            <object_component_ref idref="oc-b9"/>
            <object_component_ref idref="oc-f9"/>
            <object_component_ref idref="oc-be"/>
            <object_component_ref idref="oc-ed"/>
[...]
         <used_space>0x0</used_space>
         <unused_space>0x8000000</unused_space>
         <attributes>RWIX</attributes>
         <usage_details>
         </usage_details>
      </memory_area>
   </placement_map>
   <symbol_table>
      <symbol id="sm-0">
         <name>cinit</name>
         <value>0x11808cb0</value>
      </symbol>
      <symbol id="sm-1">
         <name>___cinit__</name>
         <value>0x11808cb0</value>
      </symbol>
      <symbol id="sm-2">
         <name>pinit</name>
         <value>0xffffffff</value>
      </symbol>
      <symbol id="sm-3">
         <name>___pinit__</name>
         <value>0xffffffff</value>
      </symbol>
      <symbol id="sm-4">
         <name>binit</name>
         <value>0xffffffff</value>
      </symbol>
      <symbol id="sm-5">
         <name>___binit__</name>
         <value>0xffffffff</value>
      </symbol>
      <symbol id="sm-6">
         <name>__STACK_SIZE</name>
         <value>0x400</value>
      </symbol>
      <symbol id="sm-7">
         <name>__STACK_END</name>
         <value>0x118088b0</value>
      </symbol>
      <symbol id="sm-8">
         <name>__SYSMEM_SIZE</name>
         <value>0x400</value>
      </symbol>
      <symbol id="sm-9">
         <name>___c_args__</name>
         <value>0xffffffff</value>
      </symbol>
      <symbol id="sm-a">
         <name>.text</name>
         <value>0x11800200</value>
      </symbol>
      <symbol id="sm-b">
         <name>___text__</name>
         <value>0x11800200</value>
      </symbol>
      <symbol id="sm-c">
         <name>etext</name>
         <value>0x11807040</value>
      </symbol>
      <symbol id="sm-d">
         <name>___etext__</name>
         <value>0x11807040</value>
      </symbol>
      <symbol id="sm-e">
         <name>.bss</name>
         <value>0x118090b0</value>
      </symbol>
      <symbol id="sm-f">
         <name>___bss__</name>
         <value>0x118090b0</value>
      </symbol>
      <symbol id="sm-10">
         <name>end</name>
         <value>0x118090bc</value>
      </symbol>
      <symbol id="sm-11">
         <name>___end__</name>
         <value>0x118090bc</value>
      </symbol>
      <symbol id="sm-12">
         <name>___TI_pprof_out_hndl</name>
         <value>0xffffffff</value>
      </symbol>
      <symbol id="sm-13">
         <name>___TI_prof_data_start</name>
         <value>0xffffffff</value>
      </symbol>
      <symbol id="sm-14">
         <name>___TI_prof_data_size</name>
         <value>0xffffffff</value>
      </symbol>
      <symbol id="sm-15">
         <name>$bss</name>
         <value>0x118090b0</value>
      </symbol>
      <symbol id="sm-50">
         <name>_Codec_ISR</name>
         <value>0x11803580</value>
         <object_component_ref idref="oc-13"/>
      </symbol>
      <symbol id="sm-51">
         <name>_CodecDataIn</name>
         <value>0x11808490</value>
         <object_component_ref idref="oc-12"/>
      </symbol>
      <symbol id="sm-52">
         <name>_itr</name>
         <value>0x118090b4</value>
         <object_component_ref idref="oc-f"/>
      </symbol>
      <symbol id="sm-53">
         <name>_bytes</name>
         <value>0x118090b0</value>
         <object_component_ref idref="oc-f"/>
      </symbol>
      <symbol id="sm-54">
         <name>_CodecDataOut</name>
         <value>0x11808494</value>
         <object_component_ref idref="oc-12"/>
      </symbol>
      <symbol id="sm-11c">
         <name>_CheckForOverrun</name>
         <value>0x11800674</value>
         <object_component_ref idref="oc-ba"/>
      </symbol>
      <symbol id="sm-11d">
         <name>_Reset_I2C</name>
         <value>0x11800528</value>
         <object_component_ref idref="oc-ba"/>
      </symbol>
      <symbol id="sm-11e">
         <name>_Init_McASP0</name>
         <value>0x11800a98</value>
         <object_component_ref idref="oc-ba"/>
      </symbol>
      <symbol id="sm-11f">
         <name>_SetSampleRate_AIC3106</name>
         <value>0x11800950</value>
         <object_component_ref idref="oc-ba"/>
      </symbol>
      <symbol id="sm-120">
         <name>_Read_UART2</name>
         <value>0x11800f48</value>
         <object_component_ref idref="oc-ba"/>
      </symbol>
      <symbol id="sm-121">
         <name>_Puts_UART2</name>
         <value>0x11800f08</value>
         <object_component_ref idref="oc-ba"/>
      </symbol>
      <symbol id="sm-122">
         <name>_Init_AIC3106</name>
         <value>0x118006a4</value>
         <object_component_ref idref="oc-ba"/>
      </symbol>
      <symbol id="sm-123">
         <name>_WriteDigitalOutputs</name>
         <value>0x118003b0</value>
         <object_component_ref idref="oc-ba"/>
      </symbol>
      <symbol id="sm-124">
         <name>_wait</name>
         <value>0x11800498</value>
         <object_component_ref idref="oc-ba"/>
      </symbol>
      <symbol id="sm-125">
         <name>_Init_UART2</name>
         <value>0x11800e28</value>
         <object_component_ref idref="oc-ba"/>
      </symbol>
      <symbol id="sm-126">
         <name>_Reset_AIC3106</name>
         <value>0x11800928</value>
         <object_component_ref idref="oc-ba"/>
      </symbol>
      <symbol id="sm-127">
         <name>_DSP_Init</name>
         <value>0x11800208</value>
         <object_component_ref idref="oc-ba"/>
      </symbol>
      <symbol id="sm-128">
         <name>_IsDataReady_UART2</name>
         <value>0x11800f68</value>
         <object_component_ref idref="oc-ba"/>
      </symbol>
      <symbol id="sm-129">
         <name>_IsTxReady_UART2</name>
         <value>0x11800f8c</value>
         <object_component_ref idref="oc-ba"/>
      </symbol>
      <symbol id="sm-12a">
         <name>_Init_Interrupts_EDMA</name>
         <value>0x11800448</value>
         <object_component_ref idref="oc-ba"/>
      </symbol>
      <symbol id="sm-12b">
         <name>_AIC3106_write_reg</name>
         <value>0x118008ec</value>
         <object_component_ref idref="oc-ba"/>
      </symbol>
      <symbol id="sm-12c">
         <name>_WriteLEDs</name>
         <value>0x118002a8</value>
         <object_component_ref idref="oc-ba"/>
      </symbol>
      <symbol id="sm-12d">
         <name>_Init_I2C</name>
         <value>0x118004cc</value>
         <object_component_ref idref="oc-ba"/>
      </symbol>
      <symbol id="sm-12e">
         <name>_InitDigitalOutputs</name>
         <value>0x118003a4</value>
         <object_component_ref idref="oc-ba"/>
      </symbol>
      <symbol id="sm-12f">
         <name>_InitLEDs</name>
         <value>0x11800248</value>
         <object_component_ref idref="oc-ba"/>
      </symbol>
      <symbol id="sm-130">
         <name>_WriteCodecData</name>
         <value>0x11800650</value>
         <object_component_ref idref="oc-ba"/>
      </symbol>
      <symbol id="sm-131">
         <name>_ReadSwitches</name>
         <value>0x1180038c</value>
         <object_component_ref idref="oc-ba"/>
      </symbol>
      <symbol id="sm-132">
         <name>_DSP_Init_EDMA</name>
         <value>0x11800228</value>
         <object_component_ref idref="oc-ba"/>
      </symbol>
      <symbol id="sm-133">
         <name>_Write_I2C</name>
         <value>0x11800548</value>
         <object_component_ref idref="oc-ba"/>
      </symbol>
      <symbol id="sm-134">
         <name>_Write_UART2</name>
         <value>0x11800ee0</value>
         <object_component_ref idref="oc-ba"/>
      </symbol>
      <symbol id="sm-135">
         <name>_ReadCodecData</name>
         <value>0x1180062c</value>
         <object_component_ref idref="oc-ba"/>
      </symbol>
      <symbol id="sm-136">
         <name>_EnableInterrupts</name>
         <value>0x1180040c</value>
         <object_component_ref idref="oc-ba"/>
      </symbol>
      <symbol id="sm-137">
         <name>_Init_Interrupts</name>
         <value>0x118003c8</value>
         <object_component_ref idref="oc-ba"/>
      </symbol>
      <symbol id="sm-138">
         <name>_GetSampleFreq</name>
         <value>0x11800200</value>
         <object_component_ref idref="oc-ba"/>
      </symbol>
      <symbol id="sm-139">
         <name>_EnableInterrupts_EDMA</name>
         <value>0x11800458</value>
         <object_component_ref idref="oc-ba"/>
      </symbol>
      <symbol id="sm-141">
         <name>_StartUp</name>
         <value>0x11806f40</value>
         <object_component_ref idref="oc-d0"/>
      </symbol>
      <symbol id="sm-152">
         <name>_main</name>
         <value>0x11807020</value>
         <object_component_ref idref="oc-c7"/>
      </symbol>
      <symbol id="sm-153">
         <name>_output</name>
         <value>0x11807840</value>
         <object_component_ref idref="oc-23"/>
      </symbol>
      <symbol id="sm-154">
         <name>_input</name>
         <value>0x11807040</value>
         <object_component_ref idref="oc-23"/>
      </symbol>
      <symbol id="sm-15e">
         <name>_stack</name>
         <value>0x11806f00</value>
         <object_component_ref idref="oc-27"/>
      </symbol>
      <symbol id="sm-184">
         <name>_c_int00</name>
         <value>0x11806a80</value>
         <object_component_ref idref="oc-e"/>
      </symbol>
      <symbol id="sm-185">
         <name>__stack</name>
         <value>0x118084b0</value>
         <object_component_ref idref="oc-30"/>
      </symbol>
      <symbol id="sm-18e">
         <name>__c6xabi_divu</name>
         <value>0x11805dc0</value>
         <object_component_ref idref="oc-ca"/>
      </symbol>
      <symbol id="sm-18f">
         <name>__divu</name>
         <value>0x11805dc0</value>
         <object_component_ref idref="oc-ca"/>
      </symbol>
      <symbol id="sm-1a6">
         <name>C$$EXIT</name>
         <value>0x11806fe0</value>
         <object_component_ref idref="oc-c8"/>
      </symbol>
      <symbol id="sm-1a7">
         <name>_exit</name>
         <value>0x11805f40</value>
         <object_component_ref idref="oc-b9"/>
      </symbol>
      <symbol id="sm-1a8">
         <name>___TI_enable_exit_profile_output</name>
         <value>0x1180848c</value>
         <object_component_ref idref="oc-38"/>
      </symbol>
      <symbol id="sm-1a9">
         <name>_abort</name>
         <value>0x11806fe0</value>
         <object_component_ref idref="oc-c8"/>
      </symbol>
      <symbol id="sm-1aa">
         <name>__cleanup_ptr</name>
         <value>0x11808484</value>
         <object_component_ref idref="oc-38"/>
      </symbol>
      <symbol id="sm-1ab">
         <name>__dtors_ptr</name>
         <value>0x11808488</value>
         <object_component_ref idref="oc-38"/>
      </symbol>
      <symbol id="sm-1c0">
         <name>_printf</name>
         <value>0x118059e0</value>
         <object_component_ref idref="oc-bb"/>
      </symbol>
      <symbol id="sm-1ce">
         <name>__unlock</name>
         <value>0x1180849c</value>
         <object_component_ref idref="oc-40"/>
      </symbol>
      <symbol id="sm-1cf">
         <name>__lock</name>
         <value>0x11808498</value>
         <object_component_ref idref="oc-40"/>
      </symbol>
      <symbol id="sm-1d0">
         <name>__nop</name>
         <value>0x11806f80</value>
         <object_component_ref idref="oc-bc"/>
      </symbol>
      <symbol id="sm-2d9">
         <name>__printfi</name>
         <value>0x11802000</value>
         <object_component_ref idref="oc-cc"/>
      </symbol>
      <symbol id="sm-2e3">
         <name>__args_main</name>
         <value>0x11806e00</value>
         <object_component_ref idref="oc-b8"/>
      </symbol>
      <symbol id="sm-2e4">
         <name>__TI_args_main</name>
         <value>0x1</value>
      </symbol>
      <symbol id="sm-2f2">
         <name>_atoi</name>
         <value>0x11805740</value>
         <object_component_ref idref="oc-db"/>
      </symbol>
      <symbol id="sm-301">
         <name>__auto_init</name>
         <value>0x11805c40</value>
         <object_component_ref idref="oc-b7"/>
      </symbol>
      <symbol id="sm-30e">
         <name>___TI_cpp_init</name>
         <value>0x11806c00</value>
         <object_component_ref idref="oc-c6"/>
      </symbol>
      <symbol id="sm-31c">
         <name>_copy_in</name>
         <value>0x11806520</value>
         <object_component_ref idref="oc-c4"/>
      </symbol>
      <symbol id="sm-324">
         <name>__ctypes_</name>
         <value>0x11808e38</value>
         <object_component_ref idref="oc-e1"/>
      </symbol>
      <symbol id="sm-32e">
         <name>__tmpnams</name>
         <value>0x11808220</value>
         <object_component_ref idref="oc-5a"/>
      </symbol>
      <symbol id="sm-32f">
         <name>__ft_end</name>
         <value>0x11808360</value>
         <object_component_ref idref="oc-5a"/>
      </symbol>
      <symbol id="sm-330">
         <name>__ftable</name>
         <value>0x11808040</value>
         <object_component_ref idref="oc-5a"/>
      </symbol>
      <symbol id="sm-342">
         <name>__divd</name>
         <value>0x11800fc0</value>
         <object_component_ref idref="oc-f3"/>
      </symbol>
      <symbol id="sm-34f">
         <name>__fixdli</name>
         <value>0x118063e0</value>
         <object_component_ref idref="oc-f8"/>
      </symbol>
      <symbol id="sm-35a">
         <name>__fltlid</name>
         <value>0x11806980</value>
         <object_component_ref idref="oc-fa"/>
      </symbol>
      <symbol id="sm-375">
         <name>_putc</name>
         <value>0x11804120</value>
         <object_component_ref idref="oc-d6"/>
      </symbol>
      <symbol id="sm-376">
         <name>_fputc</name>
         <value>0x11804120</value>
         <object_component_ref idref="oc-d6"/>
      </symbol>
      <symbol id="sm-398">
         <name>_fputs</name>
         <value>0x11802440</value>
         <object_component_ref idref="oc-d1"/>
      </symbol>
      <symbol id="sm-3a2">
         <name>__frcmpyd_div</name>
         <value>0x11806e40</value>
         <object_component_ref idref="oc-fc"/>
      </symbol>
      <symbol id="sm-3b2">
         <name>__divul</name>
         <value>0x11804900</value>
         <object_component_ref idref="oc-fd"/>
      </symbol>
      <symbol id="sm-3b3">
         <name>__remli</name>
         <value>0x11806ec0</value>
         <object_component_ref idref="oc-101"/>
      </symbol>
      <symbol id="sm-3b4">
         <name>__divli</name>
         <value>0x11806200</value>
         <object_component_ref idref="oc-102"/>
      </symbol>
      <symbol id="sm-3c8">
         <name>__subcull</name>
         <value>0x11806c60</value>
         <object_component_ref idref="oc-104"/>
      </symbol>
      <symbol id="sm-3c9">
         <name>__divull</name>
         <value>0x11803800</value>
         <object_component_ref idref="oc-fe"/>
      </symbol>
      <symbol id="sm-3d3">
         <name>___isinf</name>
         <value>0x11806d80</value>
         <object_component_ref idref="oc-e3"/>
      </symbol>
      <symbol id="sm-3e1">
         <name>__llshl</name>
         <value>0x11806a00</value>
         <object_component_ref idref="oc-103"/>
      </symbol>
      <symbol id="sm-3e2">
         <name>__llshru</name>
         <value>0x11806e80</value>
         <object_component_ref idref="oc-fb"/>
      </symbol>
      <symbol id="sm-41f">
         <name>_unlink</name>
         <value>0x11806b80</value>
         <object_component_ref idref="oc-105"/>
      </symbol>
      <symbol id="sm-420">
         <name>_lseek</name>
         <value>0x11806660</value>
         <object_component_ref idref="oc-ea"/>
      </symbol>
      <symbol id="sm-421">
         <name>_close</name>
         <value>0x11805820</value>
         <object_component_ref idref="oc-ff"/>
      </symbol>
      <symbol id="sm-422">
         <name>_write</name>
         <value>0x118068e0</value>
         <object_component_ref idref="oc-d9"/>
      </symbol>
      <symbol id="sm-42f">
         <name>_ltoa</name>
         <value>0x11806000</value>
         <object_component_ref idref="oc-f9"/>
      </symbol>
      <symbol id="sm-43c">
         <name>_memccpy</name>
         <value>0x11806cc0</value>
         <object_component_ref idref="oc-de"/>
      </symbol>
      <symbol id="sm-444">
         <name>_memcpy</name>
         <value>0x11806700</value>
         <object_component_ref idref="oc-c5"/>
      </symbol>
      <symbol id="sm-44f">
         <name>_memset</name>
         <value>0x11805900</value>
         <object_component_ref idref="oc-da"/>
      </symbol>
      <symbol id="sm-459">
         <name>__negll</name>
         <value>0x11806f60</value>
         <object_component_ref idref="oc-e8"/>
      </symbol>
      <symbol id="sm-482">
         <name>_HOSTopen</name>
         <value>0x11805580</value>
         <object_component_ref idref="oc-bd"/>
      </symbol>
      <symbol id="sm-483">
         <name>_HOSTread</name>
         <value>0x11805660</value>
         <object_component_ref idref="oc-bf"/>
      </symbol>
      <symbol id="sm-484">
         <name>_HOSTrename</name>
         <value>0x11804aa0</value>
         <object_component_ref idref="oc-c3"/>
      </symbol>
      <symbol id="sm-485">
         <name>_HOSTwrite</name>
         <value>0x11805b80</value>
         <object_component_ref idref="oc-c0"/>
      </symbol>
      <symbol id="sm-486">
         <name>_HOSTlseek</name>
         <value>0x11805380</value>
         <object_component_ref idref="oc-c1"/>
      </symbol>
      <symbol id="sm-487">
         <name>_HOSTunlink</name>
         <value>0x11805ac0</value>
         <object_component_ref idref="oc-c2"/>
      </symbol>
      <symbol id="sm-488">
         <name>_HOSTclose</name>
         <value>0x118060c0</value>
         <object_component_ref idref="oc-be"/>
      </symbol>
      <symbol id="sm-498">
         <name>C$$IO$$</name>
         <value>0x11806d78</value>
         <object_component_ref idref="oc-ce"/>
      </symbol>
      <symbol id="sm-499">
         <name>__CIOBUF_</name>
         <value>0x11808f78</value>
         <object_component_ref idref="oc-94"/>
      </symbol>
      <symbol id="sm-49a">
         <name>_readmsg</name>
         <value>0x11806b00</value>
         <object_component_ref idref="oc-cf"/>
      </symbol>
      <symbol id="sm-49b">
         <name>_writemsg</name>
         <value>0x11806d20</value>
         <object_component_ref idref="oc-ce"/>
      </symbol>
      <symbol id="sm-4aa">
         <name>__wrt_ok</name>
         <value>0x11805480</value>
         <object_component_ref idref="oc-d7"/>
      </symbol>
      <symbol id="sm-4be">
         <name>__doflush</name>
         <value>0x11805e80</value>
         <object_component_ref idref="oc-d8"/>
      </symbol>
      <symbol id="sm-4cf">
         <name>_fseek</name>
         <value>0x11805260</value>
         <object_component_ref idref="oc-df"/>
      </symbol>
      <symbol id="sm-4e6">
         <name>_setvbuf</name>
         <value>0x11804540</value>
         <object_component_ref idref="oc-e0"/>
      </symbol>
      <symbol id="sm-4f9">
         <name>__cleanup</name>
         <value>0x11806160</value>
         <object_component_ref idref="oc-ed"/>
      </symbol>
      <symbol id="sm-531">
         <name>__sys_memory</name>
         <value>0x118088b0</value>
         <object_component_ref idref="oc-ae"/>
      </symbol>
      <symbol id="sm-532">
         <name>_free</name>
         <value>0x11803300</value>
         <object_component_ref idref="oc-eb"/>
      </symbol>
      <symbol id="sm-533">
         <name>_malloc</name>
         <value>0x11804c20</value>
         <object_component_ref idref="oc-ec"/>
      </symbol>
      <symbol id="sm-545">
         <name>__closefile</name>
         <value>0x11805020</value>
         <object_component_ref idref="oc-f7"/>
      </symbol>
      <symbol id="sm-54f">
         <name>_remove</name>
         <value>0x11807000</value>
         <object_component_ref idref="oc-100"/>
      </symbol>
   </symbol_table>
</link_info>
