******************************************************************************
               TMS320C6x Linker Unix v7.4.16                   
******************************************************************************
>> Linked Sun Apr 15 00:28:12 2018

OUTPUT FILE NAME:   <lab2_problem2.out>
ENTRY POINT SYMBOL: "_c_int00"  address: 11806b60


MEMORY CONFIGURATION

         name            origin    length      used     unused   attr    fill
----------------------  --------  ---------  --------  --------  ----  --------
  VECTORS               11800000   00000200  00000200  00000000  RWIX
  DSPRAM                11800200   0003fe00  00008f9e  00036e62  RWIX
  SHAREDRAM             80000000   00020000  00000000  00020000  RWIX
  SDRAM                 c0000000   08000000  00000000  08000000  RWIX


SECTION ALLOCATION MAP

 output                                  attributes/
section   page    origin      length       input sections
--------  ----  ----------  ----------   ----------------
vectors    0    11800000    00000200     
                  11800000    00000200     vectors.obj (vectors)

.text      0    11800200    00006f20     
                  11800200    00000dc0     LCDK_Support_DSP.obj (.text)
                  11800fc0    000005a0     rts6740.lib : divd.obj (.text:__divd)
                  11801560    00000580                 : _printfi.obj (.text:__getarg_diouxp)
                  11801ae0    00000520                 : _printfi.obj (.text:__setfield)
                  11802000    00000440                 : _printfi.obj (.text:__printfi)
                  11802440    000003a0                 : fputs.obj (.text:_fputs)
                  118027e0    00000320                 : _printfi.obj (.text:__pproc_fge)
                  11802b00    000002c0                 : _printfi.obj (.text:__pproc_fwp)
                  11802dc0    000002a0                 : _printfi.obj (.text:_ecvt)
                  11803060    000002a0                 : _printfi.obj (.text:_fcvt)
                  11803300    00000280                 : memory.obj (.text:_free)
                  11803580    00000260                 : imath64.obj (.text:__divull)
                  118037e0    00000260                 : _printfi.obj (.text:__pconv_e)
                  11803a40    00000260     ISRs.obj (.text:retain)
                  11803ca0    00000240     rts6740.lib : _printfi.obj (.text:__pproc_diouxp)
                  11803ee0    00000220                 : _printfi.obj (.text:__pproc_str)
                  11804100    00000220                 : fputc.obj (.text:_fputc)
                  11804320    00000200                 : _printfi.obj (.text:__pconv_g)
                  11804520    00000200                 : setvbuf.obj (.text:_setvbuf)
                  11804720    000001c0                 : _printfi.obj (.text:__mcpy)
                  118048e0    000001a0                 : imath40.obj (.text:__divul)
                  11804a80    00000180                 : trgdrv.obj (.text:_HOSTrename)
                  11804c00    00000180                 : memory.obj (.text:_malloc)
                  11804d80    00000140                 : _printfi.obj (.text:__pproc_fflags)
                  11804ec0    00000140                 : lowlev.obj (.text:_getdevice)
                  11805000    00000120                 : fclose.obj (.text:__closefile)
                  11805120    00000120                 : _printfi.obj (.text:__ltostr)
                  11805240    00000120                 : fseek.obj (.text:_fseek)
                  11805360    00000100     ISRs.obj (.text)
                  11805460    00000100     rts6740.lib : trgdrv.obj (.text:_HOSTlseek)
                  11805560    00000100                 : _io_perm.obj (.text:__wrt_ok)
                  11805660    000000e0                 : trgdrv.obj (.text:_HOSTopen)
                  11805740    000000e0                 : trgdrv.obj (.text:_HOSTread)
                  11805820    000000e0                 : atoi.obj (.text:_atoi)
                  11805900    000000e0                 : lowlev.obj (.text:_close)
                  118059e0    000000e0                 : memset.obj (.text:_memset)
                  11805ac0    000000e0                 : printf.obj (.text:_printf)
                  11805ba0    000000c0                 : trgdrv.obj (.text:_HOSTunlink)
                  11805c60    000000c0                 : trgdrv.obj (.text:_HOSTwrite)
                  11805d20    000000c0                 : autoinit.obj (.text:__auto_init)
                  11805de0    000000c0                 : _printfi.obj (.text:__div)
                  11805ea0    000000c0                 : divu.obj (.text:__divu)
                  11805f60    000000c0                 : fflush.obj (.text:__doflush)
                  11806020    000000c0                 : exit.obj (.text:_exit)
                  118060e0    000000c0                 : ltoa.obj (.text:_ltoa)
                  118061a0    000000a0                 : trgdrv.obj (.text:_HOSTclose)
                  11806240    000000a0                 : fopen.obj (.text:__cleanup)
                  118062e0    000000a0                 : imath40.obj (.text:__divli)
                  11806380    000000a0                 : _printfi.obj (.text:__ecpy)
                  11806420    000000a0                 : _printfi.obj (.text:__fcpy)
                  118064c0    000000a0                 : fixdli.obj (.text:__fixdli)
                  11806560    000000a0                 : _printfi.obj (.text:__pconv_f)
                  11806600    000000a0                 : cpy_tbl.obj (.text:_copy_in)
                  118066a0    000000a0                 : lowlev.obj (.text:_finddevice)
                  11806740    000000a0                 : lowlev.obj (.text:_lseek)
                  118067e0    000000a0                 : memcpy64.obj (.text:_memcpy)
                  11806880    000000a0                 : memory.obj (.text:_minsert)
                  11806920    000000a0                 : memory.obj (.text:_mremove)
                  118069c0    000000a0                 : lowlev.obj (.text:_write)
                  11806a60    00000080                 : fltlid.obj (.text:__fltlid)
                  11806ae0    00000080                 : llshift.obj (.text:__llshl)
                  11806b60    00000080                 : boot.obj (.text:_c_int00)
                  11806be0    00000080                 : trgmsg.obj (.text:_readmsg)
                  11806c60    00000080                 : lowlev.obj (.text:_unlink)
                  11806ce0    00000060                 : cpp_init.obj (.text:___TI_cpp_init)
                  11806d40    00000060                 : imath64.obj (.text:__subcull)
                  11806da0    00000060                 : memccpy.obj (.text:_memccpy)
                  11806e00    00000060                 : trgmsg.obj (.text:_writemsg)
                  11806e60    00000040                 : isinf.obj (.text:___isinf)
                  11806ea0    00000040                 : _printfi.obj (.text:___isnan)
                  11806ee0    00000040                 : args_main.obj (.text:__args_main)
                  11806f20    00000040                 : frcmpyd_div.obj (.text:__frcmpyd_div)
                  11806f60    00000040                 : llshift.obj (.text:__llshru)
                  11806fa0    00000040                 : imath40.obj (.text:__remli)
                  11806fe0    00000020     StartUp.obj (.text)
                  11807000    00000040     stack.obj (.text)
                  11807040    00000020     rts6740.lib : negll.obj (.text:__negll)
                  11807060    00000020                 : _lock.obj (.text:__nop)
                  11807080    00000020                 : printf.obj (.text:__outc)
                  118070a0    00000020                 : printf.obj (.text:__outs)
                  118070c0    00000020                 : exit.obj (.text:_abort)
                  118070e0    00000020                 : remove.obj (.text:_remove)
                  11807100    00000020     main.obj (.text)

.far       0    11807120    00001470     UNINITIALIZED
                  11807120    00001008     ISRs.obj (.far)
                  11808128    00000324     rts6740.lib : defs.obj (.far)
                  1180844c    00000004                 : fopen.obj (.far)
                  11808450    0000011c                 : lowlev.obj (.far)
                  1180856c    0000000c                 : exit.obj (.far)
                  11808578    00000008                 : _lock.obj (.far)
                  11808580    00000008                 : memory.obj (.far)
                  11808588    00000008                 : trgdrv.obj (.far)

.stack     0    11808590    00000400     UNINITIALIZED
                  11808590    00000008     rts6740.lib : boot.obj (.stack)
                  11808598    000003f8     --HOLE--

.sysmem    0    11808990    00000400     UNINITIALIZED
                  11808990    00000008     rts6740.lib : memory.obj (.sysmem)
                  11808998    000003f8     --HOLE--

.cinit     0    11808d90    00000184     
                  11808d90    0000005c     rts6740.lib : defs.obj (.cinit)
                  11808dec    00000004     --HOLE-- [fill = 0]
                  11808df0    0000005c                 : lowlev.obj (.cinit)
                  11808e4c    00000004     --HOLE-- [fill = 0]
                  11808e50    0000002c                 : exit.obj (.cinit)
                  11808e7c    00000004     --HOLE-- [fill = 0]
                  11808e80    0000002c                 : memory.obj (.cinit)
                  11808eac    00000004     --HOLE-- [fill = 0]
                  11808eb0    0000001c     ISRs.obj (.cinit)
                  11808ecc    00000004     --HOLE-- [fill = 0]
                  11808ed0    0000001c     rts6740.lib : _lock.obj (.cinit)
                  11808eec    00000004     --HOLE-- [fill = 0]
                  11808ef0    0000000c     LCDK_Support_DSP.obj (.cinit)
                  11808efc    00000004     --HOLE-- [fill = 0]
                  11808f00    0000000c     rts6740.lib : fopen.obj (.cinit)
                  11808f0c    00000004     --HOLE-- [fill = 0]
                  11808f10    00000004     (.pad.cinit) [fill = 0]

.const     0    11808f18    00000146     
                  11808f18    00000101     rts6740.lib : ctype.obj (.const:.string:__ctypes_)
                  11809019    00000023                 : _printfi.obj (.const:.string)
                  1180903c    00000020     ISRs.obj (.const:.string)
                  1180905c    00000002     rts6740.lib : fputs.obj (.const:.string)

.cio       0    11809060    00000120     UNINITIALIZED
                  11809060    00000120     rts6740.lib : trgmsg.obj (.cio)

.switch    0    11809180    00000018     
                  11809180    00000018     LCDK_Support_DSP.obj (.switch:_SetSampleRate_AIC3106)

.bss       0    11809198    0000000c     UNINITIALIZED
                  11809198    00000008     ISRs.obj (.bss)
                  118091a0    00000004     LCDK_Support_DSP.obj (.bss)


GLOBAL SYMBOLS: SORTED ALPHABETICALLY BY Name 

address    name
--------   ----
11809198   $bss
11809198   .bss
11800200   .text
118070c0   C$$EXIT
11806e58   C$$IO$$
118008ec   _AIC3106_write_reg
11800674   _CheckForOverrun
11808120   _CodecDataIn
11808124   _CodecDataOut
11803a40   _Codec_ISR
11800208   _DSP_Init
11800228   _DSP_Init_EDMA
1180040c   _EnableInterrupts
11800458   _EnableInterrupts_EDMA
11800200   _GetSampleFreq
118061a0   _HOSTclose
11805460   _HOSTlseek
11805660   _HOSTopen
11805740   _HOSTread
11804a80   _HOSTrename
11805ba0   _HOSTunlink
11805c60   _HOSTwrite
118003a4   _InitDigitalOutputs
11800248   _InitLEDs
118006a4   _Init_AIC3106
118004cc   _Init_I2C
118003c8   _Init_Interrupts
11800448   _Init_Interrupts_EDMA
11800a98   _Init_McASP0
11800e28   _Init_UART2
11800f68   _IsDataReady_UART2
11800f8c   _IsTxReady_UART2
11800f08   _Puts_UART2
1180062c   _ReadCodecData
1180038c   _ReadSwitches
11800f48   _Read_UART2
11800928   _Reset_AIC3106
11800528   _Reset_I2C
11800950   _SetSampleRate_AIC3106
11806fe0   _StartUp
11800650   _WriteCodecData
118003b0   _WriteDigitalOutputs
118002a8   _WriteLEDs
11800548   _Write_I2C
11800ee0   _Write_UART2
11809060   __CIOBUF_
11808990   __STACK_END
00000400   __STACK_SIZE
00000400   __SYSMEM_SIZE
00000001   __TI_args_main
11806ce0   ___TI_cpp_init
11808574   ___TI_enable_exit_profile_output
ffffffff   ___TI_pprof_out_hndl
ffffffff   ___TI_prof_data_size
ffffffff   ___TI_prof_data_start
ffffffff   ___binit__
11809198   ___bss__
ffffffff   ___c_args__
11808d90   ___cinit__
118091a4   ___end__
11807120   ___etext__
11806e60   ___isinf
ffffffff   ___pinit__
11800200   ___text__
11806ee0   __args_main
11805d20   __auto_init
11805ea0   __c6xabi_divu
11806240   __cleanup
1180856c   __cleanup_ptr
11805000   __closefile
11808f18   __ctypes_
11800fc0   __divd
118062e0   __divli
11805ea0   __divu
118048e0   __divul
11803580   __divull
11805f60   __doflush
11808570   __dtors_ptr
118064c0   __fixdli
11806a60   __fltlid
11806f20   __frcmpyd_div
11808448   __ft_end
11808128   __ftable
11806ae0   __llshl
11806f60   __llshru
11808578   __lock
11807040   __negll
11807060   __nop
11802000   __printfi
11806fa0   __remli
11808590   __stack
11806d40   __subcull
11808990   __sys_memory
11808308   __tmpnams
1180857c   __unlock
11805560   __wrt_ok
118070c0   _abort
11805820   _atoi
11809198   _bytes
11806b60   _c_int00
11805900   _close
11806600   _copy_in
11806020   _exit
11804100   _fputc
11802440   _fputs
11803300   _free
11805240   _fseek
11807120   _input
1180919c   _itr
11806740   _lseek
118060e0   _ltoa
11807100   _main
11804c00   _malloc
11806da0   _memccpy
118067e0   _memcpy
118059e0   _memset
11807920   _output
11805360   _printArrays
11805ac0   _printf
11804100   _putc
11806be0   _readmsg
118070e0   _remove
11804520   _setvbuf
11807000   _stack
11806c60   _unlink
11800498   _wait
118069c0   _write
11806e00   _writemsg
ffffffff   binit
11808d90   cinit
118091a4   end
11807120   etext
ffffffff   pinit


GLOBAL SYMBOLS: SORTED BY Symbol Address 

address    name
--------   ----
00000001   __TI_args_main
00000400   __STACK_SIZE
00000400   __SYSMEM_SIZE
11800200   .text
11800200   _GetSampleFreq
11800200   ___text__
11800208   _DSP_Init
11800228   _DSP_Init_EDMA
11800248   _InitLEDs
118002a8   _WriteLEDs
1180038c   _ReadSwitches
118003a4   _InitDigitalOutputs
118003b0   _WriteDigitalOutputs
118003c8   _Init_Interrupts
1180040c   _EnableInterrupts
11800448   _Init_Interrupts_EDMA
11800458   _EnableInterrupts_EDMA
11800498   _wait
118004cc   _Init_I2C
11800528   _Reset_I2C
11800548   _Write_I2C
1180062c   _ReadCodecData
11800650   _WriteCodecData
11800674   _CheckForOverrun
118006a4   _Init_AIC3106
118008ec   _AIC3106_write_reg
11800928   _Reset_AIC3106
11800950   _SetSampleRate_AIC3106
11800a98   _Init_McASP0
11800e28   _Init_UART2
11800ee0   _Write_UART2
11800f08   _Puts_UART2
11800f48   _Read_UART2
11800f68   _IsDataReady_UART2
11800f8c   _IsTxReady_UART2
11800fc0   __divd
11802000   __printfi
11802440   _fputs
11803300   _free
11803580   __divull
11803a40   _Codec_ISR
11804100   _fputc
11804100   _putc
11804520   _setvbuf
118048e0   __divul
11804a80   _HOSTrename
11804c00   _malloc
11805000   __closefile
11805240   _fseek
11805360   _printArrays
11805460   _HOSTlseek
11805560   __wrt_ok
11805660   _HOSTopen
11805740   _HOSTread
11805820   _atoi
11805900   _close
118059e0   _memset
11805ac0   _printf
11805ba0   _HOSTunlink
11805c60   _HOSTwrite
11805d20   __auto_init
11805ea0   __c6xabi_divu
11805ea0   __divu
11805f60   __doflush
11806020   _exit
118060e0   _ltoa
118061a0   _HOSTclose
11806240   __cleanup
118062e0   __divli
118064c0   __fixdli
11806600   _copy_in
11806740   _lseek
118067e0   _memcpy
118069c0   _write
11806a60   __fltlid
11806ae0   __llshl
11806b60   _c_int00
11806be0   _readmsg
11806c60   _unlink
11806ce0   ___TI_cpp_init
11806d40   __subcull
11806da0   _memccpy
11806e00   _writemsg
11806e58   C$$IO$$
11806e60   ___isinf
11806ee0   __args_main
11806f20   __frcmpyd_div
11806f60   __llshru
11806fa0   __remli
11806fe0   _StartUp
11807000   _stack
11807040   __negll
11807060   __nop
118070c0   C$$EXIT
118070c0   _abort
118070e0   _remove
11807100   _main
11807120   ___etext__
11807120   _input
11807120   etext
11807920   _output
11808120   _CodecDataIn
11808124   _CodecDataOut
11808128   __ftable
11808308   __tmpnams
11808448   __ft_end
1180856c   __cleanup_ptr
11808570   __dtors_ptr
11808574   ___TI_enable_exit_profile_output
11808578   __lock
1180857c   __unlock
11808590   __stack
11808990   __STACK_END
11808990   __sys_memory
11808d90   ___cinit__
11808d90   cinit
11808f18   __ctypes_
11809060   __CIOBUF_
11809198   $bss
11809198   .bss
11809198   ___bss__
11809198   _bytes
1180919c   _itr
118091a4   ___end__
118091a4   end
ffffffff   ___TI_pprof_out_hndl
ffffffff   ___TI_prof_data_size
ffffffff   ___TI_prof_data_start
ffffffff   ___binit__
ffffffff   ___c_args__
ffffffff   ___pinit__
ffffffff   binit
ffffffff   pinit

[133 symbols]
