<?xml version="1.0"?>
<link_info>
   <banner>TMS320C6x Linker PC v7.4.14</banner>
   <copyright>Copyright (c) 1996-2015 Texas Instruments Incorporated</copyright>
   <link_time>0x5ad634c3</link_time>
   <output_file>lab2_problem1.out</output_file>
   <entry_point>
      <name>_c_int00</name>
      <address>0x11811180</address>
   </entry_point>
   <input_file_list>
      <input_file id="fl-2">
         <path>.\</path>
         <kind>object</kind>
         <file>ISRs.obj</file>
         <name>ISRs.obj</name>
      </input_file>
      <input_file id="fl-3">
         <path>.\</path>
         <kind>object</kind>
         <file>LCDK_Support_DSP.obj</file>
         <name>LCDK_Support_DSP.obj</name>
      </input_file>
      <input_file id="fl-4">
         <path>.\</path>
         <kind>object</kind>
         <file>StartUp.obj</file>
         <name>StartUp.obj</name>
      </input_file>
      <input_file id="fl-5">
         <path>.\</path>
         <kind>object</kind>
         <file>main.obj</file>
         <name>main.obj</name>
      </input_file>
      <input_file id="fl-6">
         <path>.\</path>
         <kind>object</kind>
         <file>vectors.obj</file>
         <name>vectors.obj</name>
      </input_file>
      <input_file id="fl-b">
         <path>C:\ti\ccsv6\tools\compiler\c6000_7.4.14\lib\</path>
         <kind>archive</kind>
         <file>rts6740.lib</file>
         <name>boot.obj</name>
      </input_file>
      <input_file id="fl-c">
         <path>C:\ti\ccsv6\tools\compiler\c6000_7.4.14\lib\</path>
         <kind>archive</kind>
         <file>rts6740.lib</file>
         <name>divu.obj</name>
      </input_file>
      <input_file id="fl-d">
         <path>C:\ti\ccsv6\tools\compiler\c6000_7.4.14\lib\</path>
         <kind>archive</kind>
         <file>rts6740.lib</file>
         <name>exit.obj</name>
      </input_file>
      <input_file id="fl-e">
         <path>C:\ti\ccsv6\tools\compiler\c6000_7.4.14\lib\</path>
         <kind>archive</kind>
         <file>rts6740.lib</file>
         <name>args_main.obj</name>
      </input_file>
      <input_file id="fl-f">
         <path>C:\ti\ccsv6\tools\compiler\c6000_7.4.14\lib\</path>
         <kind>archive</kind>
         <file>rts6740.lib</file>
         <name>autoinit.obj</name>
      </input_file>
      <input_file id="fl-10">
         <path>C:\ti\ccsv6\tools\compiler\c6000_7.4.14\lib\</path>
         <kind>archive</kind>
         <file>rts6740.lib</file>
         <name>cpp_init.obj</name>
      </input_file>
      <input_file id="fl-11">
         <path>C:\ti\ccsv6\tools\compiler\c6000_7.4.14\lib\</path>
         <kind>archive</kind>
         <file>rts6740.lib</file>
         <name>cpy_tbl.obj</name>
      </input_file>
      <input_file id="fl-12">
         <path>C:\ti\ccsv6\tools\compiler\c6000_7.4.14\lib\</path>
         <kind>archive</kind>
         <file>rts6740.lib</file>
         <name>memcpy64.obj</name>
      </input_file>
   </input_file_list>
   <object_component_list>
      <object_component id="oc-25">
         <name>vectors</name>
         <load_address>0x11800000</load_address>
         <run_address>0x11800000</run_address>
         <size>0x200</size>
         <input_file_ref idref="fl-6"/>
      </object_component>
      <object_component id="oc-f">
         <name>.bss</name>
         <uninitialized>true</uninitialized>
         <run_address>0x11811764</run_address>
         <size>0x18</size>
         <input_file_ref idref="fl-2"/>
      </object_component>
      <object_component id="oc-17">
         <name>.bss</name>
         <uninitialized>true</uninitialized>
         <run_address>0x1181177c</run_address>
         <size>0x4</size>
         <input_file_ref idref="fl-3"/>
      </object_component>
      <object_component id="oc-31">
         <name>.cinit</name>
         <load_address>0x11811700</load_address>
         <run_address>0x11811700</run_address>
         <size>0x2c</size>
         <input_file_ref idref="fl-d"/>
      </object_component>
      <object_component id="oc-11">
         <name>.cinit</name>
         <load_address>0x11811730</load_address>
         <run_address>0x11811730</run_address>
         <size>0x1c</size>
         <input_file_ref idref="fl-2"/>
      </object_component>
      <object_component id="oc-19">
         <name>.cinit</name>
         <load_address>0x11811750</load_address>
         <run_address>0x11811750</run_address>
         <size>0xc</size>
         <input_file_ref idref="fl-3"/>
      </object_component>
      <object_component id="oc-2a">
         <name>.stack</name>
         <uninitialized>true</uninitialized>
         <run_address>0x11811300</run_address>
         <size>0x8</size>
         <input_file_ref idref="fl-b"/>
      </object_component>
      <object_component id="oc-66">
         <name>.stack</name>
         <uninitialized>true</uninitialized>
         <run_address>0x11811300</run_address>
         <size>0x0</size>
      </object_component>
      <object_component id="oc-47">
         <name>.text</name>
         <load_address>0x1180fc20</load_address>
         <run_address>0x1180fc20</run_address>
         <size>0xdc0</size>
         <input_file_ref idref="fl-3"/>
      </object_component>
      <object_component id="oc-13">
         <name>.text:retain</name>
         <load_address>0x118109e0</load_address>
         <run_address>0x118109e0</run_address>
         <size>0x3a0</size>
         <input_file_ref idref="fl-2"/>
      </object_component>
      <object_component id="oc-44">
         <name>.text:__auto_init</name>
         <load_address>0x11810d80</load_address>
         <run_address>0x11810d80</run_address>
         <size>0xc0</size>
         <input_file_ref idref="fl-f"/>
      </object_component>
      <object_component id="oc-4f">
         <name>.text:__divu</name>
         <load_address>0x11810e40</load_address>
         <run_address>0x11810e40</run_address>
         <size>0xc0</size>
         <input_file_ref idref="fl-c"/>
      </object_component>
      <object_component id="oc-46">
         <name>.text:_exit</name>
         <load_address>0x11810f00</load_address>
         <run_address>0x11810f00</run_address>
         <size>0xc0</size>
         <input_file_ref idref="fl-d"/>
      </object_component>
      <object_component id="oc-49">
         <name>.text:_copy_in</name>
         <load_address>0x11810fc0</load_address>
         <run_address>0x11810fc0</run_address>
         <size>0xa0</size>
         <input_file_ref idref="fl-11"/>
      </object_component>
      <object_component id="oc-4a">
         <name>.text:_memcpy</name>
         <load_address>0x11811060</load_address>
         <run_address>0x11811060</run_address>
         <size>0xa0</size>
         <input_file_ref idref="fl-12"/>
      </object_component>
      <object_component id="oc-48">
         <name>.text</name>
         <load_address>0x11811100</load_address>
         <run_address>0x11811100</run_address>
         <size>0x80</size>
         <input_file_ref idref="fl-2"/>
      </object_component>
      <object_component id="oc-e">
         <name>.text:_c_int00</name>
         <load_address>0x11811180</load_address>
         <run_address>0x11811180</run_address>
         <size>0x80</size>
         <input_file_ref idref="fl-b"/>
      </object_component>
      <object_component id="oc-4b">
         <name>.text:___TI_cpp_init</name>
         <load_address>0x11811200</load_address>
         <run_address>0x11811200</run_address>
         <size>0x60</size>
         <input_file_ref idref="fl-10"/>
      </object_component>
      <object_component id="oc-45">
         <name>.text:__args_main</name>
         <load_address>0x11811260</load_address>
         <run_address>0x11811260</run_address>
         <size>0x40</size>
         <input_file_ref idref="fl-e"/>
      </object_component>
      <object_component id="oc-50">
         <name>.text</name>
         <load_address>0x118112a0</load_address>
         <run_address>0x118112a0</run_address>
         <size>0x20</size>
         <input_file_ref idref="fl-4"/>
      </object_component>
      <object_component id="oc-4d">
         <name>.text:_abort</name>
         <load_address>0x118112c0</load_address>
         <run_address>0x118112c0</run_address>
         <size>0x20</size>
         <input_file_ref idref="fl-d"/>
      </object_component>
      <object_component id="oc-4c">
         <name>.text</name>
         <load_address>0x118112e0</load_address>
         <run_address>0x118112e0</run_address>
         <size>0x20</size>
         <input_file_ref idref="fl-5"/>
      </object_component>
      <object_component id="oc-4e">
         <name>.switch:_SetSampleRate_AIC3106</name>
         <load_address>0x11811780</load_address>
         <run_address>0x11811780</run_address>
         <size>0x18</size>
         <input_file_ref idref="fl-3"/>
      </object_component>
      <object_component id="oc-12">
         <name>.far</name>
         <uninitialized>true</uninitialized>
         <run_address>0x11800200</run_address>
         <size>0xfa10</size>
         <input_file_ref idref="fl-2"/>
      </object_component>
      <object_component id="oc-32">
         <name>.far</name>
         <uninitialized>true</uninitialized>
         <run_address>0x1180fc10</run_address>
         <size>0xc</size>
         <input_file_ref idref="fl-d"/>
      </object_component>
      <object_component id="oc-10">
         <name>.debug_info</name>
         <load_address>0x0</load_address>
         <run_address>0x0</run_address>
         <size>0xa3c</size>
         <input_file_ref idref="fl-2"/>
      </object_component>
      <object_component id="oc-18">
         <name>.debug_info</name>
         <load_address>0xa3c</load_address>
         <run_address>0xa3c</run_address>
         <size>0x2b89</size>
         <input_file_ref idref="fl-3"/>
      </object_component>
      <object_component id="oc-1d">
         <name>.debug_info</name>
         <load_address>0x35c5</load_address>
         <run_address>0x35c5</run_address>
         <size>0x63a</size>
         <input_file_ref idref="fl-4"/>
      </object_component>
      <object_component id="oc-21">
         <name>.debug_info</name>
         <load_address>0x3bff</load_address>
         <run_address>0x3bff</run_address>
         <size>0x6cf</size>
         <input_file_ref idref="fl-5"/>
      </object_component>
      <object_component id="oc-26">
         <name>.debug_info</name>
         <load_address>0x42ce</load_address>
         <run_address>0x42ce</run_address>
         <size>0xf2</size>
         <input_file_ref idref="fl-6"/>
      </object_component>
      <object_component id="oc-29">
         <name>.debug_info</name>
         <load_address>0x43c0</load_address>
         <run_address>0x43c0</run_address>
         <size>0x6f3</size>
         <input_file_ref idref="fl-b"/>
      </object_component>
      <object_component id="oc-2d">
         <name>.debug_info</name>
         <load_address>0x4ab3</load_address>
         <run_address>0x4ab3</run_address>
         <size>0xbc</size>
         <input_file_ref idref="fl-c"/>
      </object_component>
      <object_component id="oc-30">
         <name>.debug_info</name>
         <load_address>0x4b6f</load_address>
         <run_address>0x4b6f</run_address>
         <size>0x7c0</size>
         <input_file_ref idref="fl-d"/>
      </object_component>
      <object_component id="oc-35">
         <name>.debug_info</name>
         <load_address>0x532f</load_address>
         <run_address>0x532f</run_address>
         <size>0x6c9</size>
         <input_file_ref idref="fl-e"/>
      </object_component>
      <object_component id="oc-38">
         <name>.debug_info</name>
         <load_address>0x59f8</load_address>
         <run_address>0x59f8</run_address>
         <size>0x83f</size>
         <input_file_ref idref="fl-f"/>
      </object_component>
      <object_component id="oc-3b">
         <name>.debug_info</name>
         <load_address>0x6237</load_address>
         <run_address>0x6237</run_address>
         <size>0x6b7</size>
         <input_file_ref idref="fl-10"/>
      </object_component>
      <object_component id="oc-3e">
         <name>.debug_info</name>
         <load_address>0x68ee</load_address>
         <run_address>0x68ee</run_address>
         <size>0x7ad</size>
         <input_file_ref idref="fl-11"/>
      </object_component>
      <object_component id="oc-41">
         <name>.debug_info</name>
         <load_address>0x709b</load_address>
         <run_address>0x709b</run_address>
         <size>0xcb</size>
         <input_file_ref idref="fl-12"/>
      </object_component>
      <object_component id="oc-67">
         <name>.debug_info</name>
         <load_address>0x7166</load_address>
         <run_address>0x7166</run_address>
         <size>0x6e</size>
      </object_component>
      <object_component id="oc-14">
         <name>.debug_frame</name>
         <load_address>0x0</load_address>
         <run_address>0x0</run_address>
         <size>0x39a</size>
         <input_file_ref idref="fl-2"/>
      </object_component>
      <object_component id="oc-1a">
         <name>.debug_frame</name>
         <load_address>0x39a</load_address>
         <run_address>0x39a</run_address>
         <size>0x57a</size>
         <input_file_ref idref="fl-3"/>
      </object_component>
      <object_component id="oc-1e">
         <name>.debug_frame</name>
         <load_address>0x914</load_address>
         <run_address>0x914</run_address>
         <size>0x254</size>
         <input_file_ref idref="fl-4"/>
      </object_component>
      <object_component id="oc-22">
         <name>.debug_frame</name>
         <load_address>0xb68</load_address>
         <run_address>0xb68</run_address>
         <size>0x259</size>
         <input_file_ref idref="fl-5"/>
      </object_component>
      <object_component id="oc-15">
         <name>.debug_line</name>
         <load_address>0x0</load_address>
         <run_address>0x0</run_address>
         <size>0xc1</size>
         <input_file_ref idref="fl-2"/>
      </object_component>
      <object_component id="oc-1b">
         <name>.debug_line</name>
         <load_address>0xc1</load_address>
         <run_address>0xc1</run_address>
         <size>0x64c</size>
         <input_file_ref idref="fl-3"/>
      </object_component>
      <object_component id="oc-1f">
         <name>.debug_line</name>
         <load_address>0x70d</load_address>
         <run_address>0x70d</run_address>
         <size>0x3b</size>
         <input_file_ref idref="fl-4"/>
      </object_component>
      <object_component id="oc-23">
         <name>.debug_line</name>
         <load_address>0x748</load_address>
         <run_address>0x748</run_address>
         <size>0x40</size>
         <input_file_ref idref="fl-5"/>
      </object_component>
      <object_component id="oc-27">
         <name>.debug_line</name>
         <load_address>0x788</load_address>
         <run_address>0x788</run_address>
         <size>0xb9</size>
         <input_file_ref idref="fl-6"/>
      </object_component>
      <object_component id="oc-2b">
         <name>.debug_line</name>
         <load_address>0x841</load_address>
         <run_address>0x841</run_address>
         <size>0x3d</size>
         <input_file_ref idref="fl-b"/>
      </object_component>
      <object_component id="oc-2e">
         <name>.debug_line</name>
         <load_address>0x87e</load_address>
         <run_address>0x87e</run_address>
         <size>0x44</size>
         <input_file_ref idref="fl-c"/>
      </object_component>
      <object_component id="oc-33">
         <name>.debug_line</name>
         <load_address>0x8c2</load_address>
         <run_address>0x8c2</run_address>
         <size>0x4f</size>
         <input_file_ref idref="fl-d"/>
      </object_component>
      <object_component id="oc-36">
         <name>.debug_line</name>
         <load_address>0x911</load_address>
         <run_address>0x911</run_address>
         <size>0x3f</size>
         <input_file_ref idref="fl-e"/>
      </object_component>
      <object_component id="oc-39">
         <name>.debug_line</name>
         <load_address>0x950</load_address>
         <run_address>0x950</run_address>
         <size>0x49</size>
         <input_file_ref idref="fl-f"/>
      </object_component>
      <object_component id="oc-3c">
         <name>.debug_line</name>
         <load_address>0x999</load_address>
         <run_address>0x999</run_address>
         <size>0x45</size>
         <input_file_ref idref="fl-10"/>
      </object_component>
      <object_component id="oc-3f">
         <name>.debug_line</name>
         <load_address>0x9de</load_address>
         <run_address>0x9de</run_address>
         <size>0x44</size>
         <input_file_ref idref="fl-11"/>
      </object_component>
      <object_component id="oc-42">
         <name>.debug_line</name>
         <load_address>0xa22</load_address>
         <run_address>0xa22</run_address>
         <size>0x4a</size>
         <input_file_ref idref="fl-12"/>
      </object_component>
      <object_component id="oc-16">
         <name>.debug_abbrev</name>
         <load_address>0x0</load_address>
         <run_address>0x0</run_address>
         <size>0x14f</size>
         <input_file_ref idref="fl-2"/>
      </object_component>
      <object_component id="oc-1c">
         <name>.debug_abbrev</name>
         <load_address>0x14f</load_address>
         <run_address>0x14f</run_address>
         <size>0x1a5</size>
         <input_file_ref idref="fl-3"/>
      </object_component>
      <object_component id="oc-20">
         <name>.debug_abbrev</name>
         <load_address>0x2f4</load_address>
         <run_address>0x2f4</run_address>
         <size>0x69</size>
         <input_file_ref idref="fl-4"/>
      </object_component>
      <object_component id="oc-24">
         <name>.debug_abbrev</name>
         <load_address>0x35d</load_address>
         <run_address>0x35d</run_address>
         <size>0x98</size>
         <input_file_ref idref="fl-5"/>
      </object_component>
      <object_component id="oc-28">
         <name>.debug_abbrev</name>
         <load_address>0x3f5</load_address>
         <run_address>0x3f5</run_address>
         <size>0x21</size>
         <input_file_ref idref="fl-6"/>
      </object_component>
      <object_component id="oc-2c">
         <name>.debug_abbrev</name>
         <load_address>0x416</load_address>
         <run_address>0x416</run_address>
         <size>0xfe</size>
         <input_file_ref idref="fl-b"/>
      </object_component>
      <object_component id="oc-2f">
         <name>.debug_abbrev</name>
         <load_address>0x514</load_address>
         <run_address>0x514</run_address>
         <size>0x3b</size>
         <input_file_ref idref="fl-c"/>
      </object_component>
      <object_component id="oc-34">
         <name>.debug_abbrev</name>
         <load_address>0x54f</load_address>
         <run_address>0x54f</run_address>
         <size>0x119</size>
         <input_file_ref idref="fl-d"/>
      </object_component>
      <object_component id="oc-37">
         <name>.debug_abbrev</name>
         <load_address>0x668</load_address>
         <run_address>0x668</run_address>
         <size>0xe1</size>
         <input_file_ref idref="fl-e"/>
      </object_component>
      <object_component id="oc-3a">
         <name>.debug_abbrev</name>
         <load_address>0x749</load_address>
         <run_address>0x749</run_address>
         <size>0x13f</size>
         <input_file_ref idref="fl-f"/>
      </object_component>
      <object_component id="oc-3d">
         <name>.debug_abbrev</name>
         <load_address>0x888</load_address>
         <run_address>0x888</run_address>
         <size>0xdd</size>
         <input_file_ref idref="fl-10"/>
      </object_component>
      <object_component id="oc-40">
         <name>.debug_abbrev</name>
         <load_address>0x965</load_address>
         <run_address>0x965</run_address>
         <size>0x10c</size>
         <input_file_ref idref="fl-11"/>
      </object_component>
      <object_component id="oc-43">
         <name>.debug_abbrev</name>
         <load_address>0xa71</load_address>
         <run_address>0xa71</run_address>
         <size>0x3b</size>
         <input_file_ref idref="fl-12"/>
      </object_component>
      <object_component id="oc-68">
         <name>.debug_abbrev</name>
         <load_address>0xaac</load_address>
         <run_address>0xaac</run_address>
         <size>0xd</size>
      </object_component>
   </object_component_list>
   <logical_group_list>
      <logical_group id="lg-2">
         <name>vectors</name>
         <load_address>0x11800000</load_address>
         <run_address>0x11800000</run_address>
         <size>0x200</size>
         <contents>
            <object_component_ref idref="oc-25"/>
         </contents>
      </logical_group>
      <logical_group id="lg-3">
         <name>.bss</name>
         <run_address>0x11811764</run_address>
         <size>0x1c</size>
         <contents>
            <object_component_ref idref="oc-f"/>
            <object_component_ref idref="oc-17"/>
         </contents>
      </logical_group>
      <logical_group id="lg-4">
         <name>.cinit</name>
         <load_address>0x11811700</load_address>
         <run_address>0x11811700</run_address>
         <size>0x64</size>
         <contents>
            <object_component_ref idref="oc-31"/>
            <object_component_ref idref="oc-11"/>
            <object_component_ref idref="oc-19"/>
         </contents>
      </logical_group>
      <logical_group id="lg-5">
         <name>.cio</name>
         <run_address>0x0</run_address>
         <size>0x0</size>
         <contents>
         </contents>
      </logical_group>
      <logical_group id="lg-6">
         <name>.const</name>
         <run_address>0x0</run_address>
         <size>0x0</size>
         <contents>
         </contents>
      </logical_group>
      <logical_group id="lg-7">
         <name>.stack</name>
         <run_address>0x11811300</run_address>
         <size>0x400</size>
         <contents>
            <object_component_ref idref="oc-2a"/>
            <object_component_ref idref="oc-66"/>
         </contents>
      </logical_group>
      <logical_group id="lg-8">
         <name>.sysmem</name>
         <run_address>0x0</run_address>
         <size>0x0</size>
         <contents>
         </contents>
      </logical_group>
      <logical_group id="lg-9">
         <name>.text</name>
         <load_address>0x1180fc20</load_address>
         <run_address>0x1180fc20</run_address>
         <size>0x16e0</size>
         <contents>
            <object_component_ref idref="oc-47"/>
            <object_component_ref idref="oc-13"/>
            <object_component_ref idref="oc-44"/>
            <object_component_ref idref="oc-4f"/>
            <object_component_ref idref="oc-46"/>
            <object_component_ref idref="oc-49"/>
            <object_component_ref idref="oc-4a"/>
            <object_component_ref idref="oc-48"/>
            <object_component_ref idref="oc-e"/>
            <object_component_ref idref="oc-4b"/>
            <object_component_ref idref="oc-45"/>
            <object_component_ref idref="oc-50"/>
            <object_component_ref idref="oc-4d"/>
            <object_component_ref idref="oc-4c"/>
         </contents>
      </logical_group>
      <logical_group id="lg-a">
         <name>.switch</name>
         <load_address>0x11811780</load_address>
         <run_address>0x11811780</run_address>
         <size>0x18</size>
         <contents>
            <object_component_ref idref="oc-4e"/>
         </contents>
      </logical_group>
      <logical_group id="lg-b">
         <name>.far</name>
         <run_address>0x11800200</run_address>
         <size>0xfa1c</size>
         <contents>
            <object_component_ref idref="oc-12"/>
            <object_component_ref idref="oc-32"/>
         </contents>
      </logical_group>
      <logical_group id="lg-c">
         <name>SHARED_SRAM</name>
         <run_address>0x0</run_address>
         <size>0x0</size>
         <contents>
         </contents>
      </logical_group>
      <logical_group id="lg-d">
         <name>CE0</name>
         <run_address>0x0</run_address>
         <size>0x0</size>
         <contents>
         </contents>
      </logical_group>
      <logical_group id="lg-5d">
         <name>.debug_info</name>
         <load_address>0x0</load_address>
         <run_address>0x0</run_address>
         <size>0x71d4</size>
         <contents>
            <object_component_ref idref="oc-10"/>
            <object_component_ref idref="oc-18"/>
            <object_component_ref idref="oc-1d"/>
            <object_component_ref idref="oc-21"/>
            <object_component_ref idref="oc-26"/>
            <object_component_ref idref="oc-29"/>
            <object_component_ref idref="oc-2d"/>
            <object_component_ref idref="oc-30"/>
            <object_component_ref idref="oc-35"/>
            <object_component_ref idref="oc-38"/>
            <object_component_ref idref="oc-3b"/>
            <object_component_ref idref="oc-3e"/>
            <object_component_ref idref="oc-41"/>
            <object_component_ref idref="oc-67"/>
         </contents>
      </logical_group>
      <logical_group id="lg-5f">
         <name>.debug_frame</name>
         <load_address>0x0</load_address>
         <run_address>0x0</run_address>
         <size>0xdc1</size>
         <contents>
            <object_component_ref idref="oc-14"/>
            <object_component_ref idref="oc-1a"/>
            <object_component_ref idref="oc-1e"/>
            <object_component_ref idref="oc-22"/>
         </contents>
      </logical_group>
      <logical_group id="lg-61">
         <name>.debug_line</name>
         <load_address>0x0</load_address>
         <run_address>0x0</run_address>
         <size>0xa6c</size>
         <contents>
            <object_component_ref idref="oc-15"/>
            <object_component_ref idref="oc-1b"/>
            <object_component_ref idref="oc-1f"/>
            <object_component_ref idref="oc-23"/>
            <object_component_ref idref="oc-27"/>
            <object_component_ref idref="oc-2b"/>
            <object_component_ref idref="oc-2e"/>
            <object_component_ref idref="oc-33"/>
            <object_component_ref idref="oc-36"/>
            <object_component_ref idref="oc-39"/>
            <object_component_ref idref="oc-3c"/>
            <object_component_ref idref="oc-3f"/>
            <object_component_ref idref="oc-42"/>
         </contents>
      </logical_group>
      <logical_group id="lg-63">
         <name>.debug_abbrev</name>
         <load_address>0x0</load_address>
         <run_address>0x0</run_address>
         <size>0xab9</size>
         <contents>
            <object_component_ref idref="oc-16"/>
            <object_component_ref idref="oc-1c"/>
            <object_component_ref idref="oc-20"/>
            <object_component_ref idref="oc-24"/>
            <object_component_ref idref="oc-28"/>
            <object_component_ref idref="oc-2c"/>
            <object_component_ref idref="oc-2f"/>
            <object_component_ref idref="oc-34"/>
            <object_component_ref idref="oc-37"/>
            <object_component_ref idref="oc-3a"/>
            <object_component_ref idref="oc-3d"/>
            <object_component_ref idref="oc-40"/>
            <object_component_ref idref="oc-43"/>
            <object_component_ref idref="oc-68"/>
         </contents>
      </logical_group>
   </logical_group_list>
   <placement_map>
      <memory_area>
         <name>VECTORS</name>
         <page_id>0x0</page_id>
         <origin>0x11800000</origin>
         <length>0x200</length>
         <used_space>0x200</used_space>
         <unused_space>0x0</unused_space>
         <attributes>RWIX</attributes>
         <usage_details>
            <allocated_space>
               <start_address>0x11800000</start_address>
               <size>0x200</size>
               <logical_group_ref idref="lg-2"/>
            </allocated_space>
         </usage_details>
      </memory_area>
      <memory_area>
         <name>DSPRAM</name>
         <page_id>0x0</page_id>
         <origin>0x11800200</origin>
         <length>0x3fe00</length>
         <used_space>0x11594</used_space>
         <unused_space>0x2e86c</unused_space>
         <attributes>RWIX</attributes>
         <usage_details>
            <allocated_space>
               <start_address>0x11800200</start_address>
               <size>0xfa1c</size>
               <logical_group_ref idref="lg-b"/>
            </allocated_space>
            <available_space>
               <start_address>0x1180fc1c</start_address>
               <size>0x4</size>
            </available_space>
            <allocated_space>
               <start_address>0x1180fc20</start_address>
               <size>0x16e0</size>
               <logical_group_ref idref="lg-9"/>
            </allocated_space>
            <allocated_space>
               <start_address>0x11811300</start_address>
               <size>0x400</size>
               <logical_group_ref idref="lg-7"/>
            </allocated_space>
            <allocated_space>
               <start_address>0x11811700</start_address>
               <size>0x64</size>
               <logical_group_ref idref="lg-4"/>
            </allocated_space>
            <allocated_space>
               <start_address>0x11811764</start_address>
               <size>0x1c</size>
               <logical_group_ref idref="lg-3"/>
            </allocated_space>
            <allocated_space>
               <start_address>0x11811780</start_address>
               <size>0x18</size>
               <logical_group_ref idref="lg-a"/>
            </allocated_space>
            <available_space>
               <start_address>0x11811798</start_address>
               <size>0x2e868</size>
            </available_space>
         </usage_details>
      </memory_area>
      <memory_area>
         <name>SHAREDRAM</name>
         <page_id>0x0</page_id>
         <origin>0x80000000</origin>
         <length>0x20000</length>
         <used_space>0x0</used_space>
         <unused_space>0x20000</unused_space>
         <attributes>RWIX</attributes>
         <usage_details>
         </usage_details>
      </memory_area>
      <memory_area>
         <name>SDRAM</name>
         <page_id>0x0</page_id>
         <origin>0xc0000000</origin>
         <length>0x8000000</length>
         <used_space>0x0</used_space>
         <unused_space>0x8000000</unused_space>
         <attributes>RWIX</attributes>
         <usage_details>
         </usage_details>
      </memory_area>
   </placement_map>
   <symbol_table>
      <symbol id="sm-0">
         <name>cinit</name>
         <value>0x11811700</value>
      </symbol>
      <symbol id="sm-1">
         <name>___cinit__</name>
         <value>0x11811700</value>
      </symbol>
      <symbol id="sm-2">
         <name>pinit</name>
         <value>0xffffffff</value>
      </symbol>
      <symbol id="sm-3">
         <name>___pinit__</name>
         <value>0xffffffff</value>
      </symbol>
      <symbol id="sm-4">
         <name>binit</name>
         <value>0xffffffff</value>
      </symbol>
      <symbol id="sm-5">
         <name>___binit__</name>
         <value>0xffffffff</value>
      </symbol>
      <symbol id="sm-6">
         <name>__STACK_SIZE</name>
         <value>0x400</value>
      </symbol>
      <symbol id="sm-7">
         <name>__STACK_END</name>
         <value>0x11811700</value>
      </symbol>
      <symbol id="sm-8">
         <name>___c_args__</name>
         <value>0xffffffff</value>
      </symbol>
      <symbol id="sm-9">
         <name>.text</name>
         <value>0x1180fc20</value>
      </symbol>
      <symbol id="sm-a">
         <name>___text__</name>
         <value>0x1180fc20</value>
      </symbol>
      <symbol id="sm-b">
         <name>etext</name>
         <value>0x11811300</value>
      </symbol>
      <symbol id="sm-c">
         <name>___etext__</name>
         <value>0x11811300</value>
      </symbol>
      <symbol id="sm-d">
         <name>.bss</name>
         <value>0x11811764</value>
      </symbol>
      <symbol id="sm-e">
         <name>___bss__</name>
         <value>0x11811764</value>
      </symbol>
      <symbol id="sm-f">
         <name>end</name>
         <value>0x11811780</value>
      </symbol>
      <symbol id="sm-10">
         <name>___end__</name>
         <value>0x11811780</value>
      </symbol>
      <symbol id="sm-11">
         <name>___TI_pprof_out_hndl</name>
         <value>0xffffffff</value>
      </symbol>
      <symbol id="sm-12">
         <name>___TI_prof_data_start</name>
         <value>0xffffffff</value>
      </symbol>
      <symbol id="sm-13">
         <name>___TI_prof_data_size</name>
         <value>0xffffffff</value>
      </symbol>
      <symbol id="sm-14">
         <name>$bss</name>
         <value>0x11811764</value>
      </symbol>
      <symbol id="sm-5c">
         <name>_Codec_ISR</name>
         <value>0x118109e0</value>
         <object_component_ref idref="oc-13"/>
      </symbol>
      <symbol id="sm-5d">
         <name>_yRight</name>
         <value>0x11811770</value>
         <object_component_ref idref="oc-f"/>
      </symbol>
      <symbol id="sm-5e">
         <name>_xRight</name>
         <value>0x11811768</value>
         <object_component_ref idref="oc-f"/>
      </symbol>
      <symbol id="sm-5f">
         <name>_xLeft</name>
         <value>0x11811764</value>
         <object_component_ref idref="oc-f"/>
      </symbol>
      <symbol id="sm-60">
         <name>_yLeft</name>
         <value>0x1181176c</value>
         <object_component_ref idref="oc-f"/>
      </symbol>
      <symbol id="sm-61">
         <name>_delaySamples</name>
         <value>0x11811778</value>
         <object_component_ref idref="oc-f"/>
      </symbol>
      <symbol id="sm-62">
         <name>_CodecDataIn</name>
         <value>0x11800200</value>
         <object_component_ref idref="oc-12"/>
      </symbol>
      <symbol id="sm-63">
         <name>_buffer</name>
         <value>0x11800208</value>
         <object_component_ref idref="oc-12"/>
      </symbol>
      <symbol id="sm-64">
         <name>_CodecDataOut</name>
         <value>0x11800204</value>
         <object_component_ref idref="oc-12"/>
      </symbol>
      <symbol id="sm-65">
         <name>_getDelayedVals</name>
         <value>0x11811100</value>
         <object_component_ref idref="oc-48"/>
      </symbol>
      <symbol id="sm-66">
         <name>_idx</name>
         <value>0x11811774</value>
         <object_component_ref idref="oc-f"/>
      </symbol>
      <symbol id="sm-12e">
         <name>_CheckForOverrun</name>
         <value>0x11810094</value>
         <object_component_ref idref="oc-47"/>
      </symbol>
      <symbol id="sm-12f">
         <name>_Reset_I2C</name>
         <value>0x1180ff48</value>
         <object_component_ref idref="oc-47"/>
      </symbol>
      <symbol id="sm-130">
         <name>_Init_McASP0</name>
         <value>0x118104b8</value>
         <object_component_ref idref="oc-47"/>
      </symbol>
      <symbol id="sm-131">
         <name>_SetSampleRate_AIC3106</name>
         <value>0x11810370</value>
         <object_component_ref idref="oc-47"/>
      </symbol>
      <symbol id="sm-132">
         <name>_Read_UART2</name>
         <value>0x11810968</value>
         <object_component_ref idref="oc-47"/>
      </symbol>
      <symbol id="sm-133">
         <name>_Puts_UART2</name>
         <value>0x11810928</value>
         <object_component_ref idref="oc-47"/>
      </symbol>
      <symbol id="sm-134">
         <name>_Init_AIC3106</name>
         <value>0x118100c4</value>
         <object_component_ref idref="oc-47"/>
      </symbol>
      <symbol id="sm-135">
         <name>_WriteDigitalOutputs</name>
         <value>0x1180fdd0</value>
         <object_component_ref idref="oc-47"/>
      </symbol>
      <symbol id="sm-136">
         <name>_wait</name>
         <value>0x1180feb8</value>
         <object_component_ref idref="oc-47"/>
      </symbol>
      <symbol id="sm-137">
         <name>_Init_UART2</name>
         <value>0x11810848</value>
         <object_component_ref idref="oc-47"/>
      </symbol>
      <symbol id="sm-138">
         <name>_Reset_AIC3106</name>
         <value>0x11810348</value>
         <object_component_ref idref="oc-47"/>
      </symbol>
      <symbol id="sm-139">
         <name>_DSP_Init</name>
         <value>0x1180fc28</value>
         <object_component_ref idref="oc-47"/>
      </symbol>
      <symbol id="sm-13a">
         <name>_IsDataReady_UART2</name>
         <value>0x11810988</value>
         <object_component_ref idref="oc-47"/>
      </symbol>
      <symbol id="sm-13b">
         <name>_IsTxReady_UART2</name>
         <value>0x118109ac</value>
         <object_component_ref idref="oc-47"/>
      </symbol>
      <symbol id="sm-13c">
         <name>_Init_Interrupts_EDMA</name>
         <value>0x1180fe68</value>
         <object_component_ref idref="oc-47"/>
      </symbol>
      <symbol id="sm-13d">
         <name>_AIC3106_write_reg</name>
         <value>0x1181030c</value>
         <object_component_ref idref="oc-47"/>
      </symbol>
      <symbol id="sm-13e">
         <name>_WriteLEDs</name>
         <value>0x1180fcc8</value>
         <object_component_ref idref="oc-47"/>
      </symbol>
      <symbol id="sm-13f">
         <name>_Init_I2C</name>
         <value>0x1180feec</value>
         <object_component_ref idref="oc-47"/>
      </symbol>
      <symbol id="sm-140">
         <name>_InitDigitalOutputs</name>
         <value>0x1180fdc4</value>
         <object_component_ref idref="oc-47"/>
      </symbol>
      <symbol id="sm-141">
         <name>_InitLEDs</name>
         <value>0x1180fc68</value>
         <object_component_ref idref="oc-47"/>
      </symbol>
      <symbol id="sm-142">
         <name>_WriteCodecData</name>
         <value>0x11810070</value>
         <object_component_ref idref="oc-47"/>
      </symbol>
      <symbol id="sm-143">
         <name>_ReadSwitches</name>
         <value>0x1180fdac</value>
         <object_component_ref idref="oc-47"/>
      </symbol>
      <symbol id="sm-144">
         <name>_DSP_Init_EDMA</name>
         <value>0x1180fc48</value>
         <object_component_ref idref="oc-47"/>
      </symbol>
      <symbol id="sm-145">
         <name>_Write_I2C</name>
         <value>0x1180ff68</value>
         <object_component_ref idref="oc-47"/>
      </symbol>
      <symbol id="sm-146">
         <name>_Write_UART2</name>
         <value>0x11810900</value>
         <object_component_ref idref="oc-47"/>
      </symbol>
      <symbol id="sm-147">
         <name>_ReadCodecData</name>
         <value>0x1181004c</value>
         <object_component_ref idref="oc-47"/>
      </symbol>
      <symbol id="sm-148">
         <name>_EnableInterrupts</name>
         <value>0x1180fe2c</value>
         <object_component_ref idref="oc-47"/>
      </symbol>
      <symbol id="sm-149">
         <name>_Init_Interrupts</name>
         <value>0x1180fde8</value>
         <object_component_ref idref="oc-47"/>
      </symbol>
      <symbol id="sm-14a">
         <name>_GetSampleFreq</name>
         <value>0x1180fc20</value>
         <object_component_ref idref="oc-47"/>
      </symbol>
      <symbol id="sm-14b">
         <name>_EnableInterrupts_EDMA</name>
         <value>0x1180fe78</value>
         <object_component_ref idref="oc-47"/>
      </symbol>
      <symbol id="sm-153">
         <name>_StartUp</name>
         <value>0x118112a0</value>
         <object_component_ref idref="oc-50"/>
      </symbol>
      <symbol id="sm-162">
         <name>_main</name>
         <value>0x118112e0</value>
         <object_component_ref idref="oc-4c"/>
      </symbol>
      <symbol id="sm-188">
         <name>_c_int00</name>
         <value>0x11811180</value>
         <object_component_ref idref="oc-e"/>
      </symbol>
      <symbol id="sm-189">
         <name>__stack</name>
         <value>0x11811300</value>
         <object_component_ref idref="oc-2a"/>
      </symbol>
      <symbol id="sm-192">
         <name>__c6xabi_divu</name>
         <value>0x11810e40</value>
         <object_component_ref idref="oc-4f"/>
      </symbol>
      <symbol id="sm-193">
         <name>__divu</name>
         <value>0x11810e40</value>
         <object_component_ref idref="oc-4f"/>
      </symbol>
      <symbol id="sm-1aa">
         <name>C$$EXIT</name>
         <value>0x118112c0</value>
         <object_component_ref idref="oc-4d"/>
      </symbol>
      <symbol id="sm-1ab">
         <name>_exit</name>
         <value>0x11810f00</value>
         <object_component_ref idref="oc-46"/>
      </symbol>
      <symbol id="sm-1ac">
         <name>___TI_enable_exit_profile_output</name>
         <value>0x1180fc18</value>
         <object_component_ref idref="oc-32"/>
      </symbol>
      <symbol id="sm-1ad">
         <name>_abort</name>
         <value>0x118112c0</value>
         <object_component_ref idref="oc-4d"/>
      </symbol>
      <symbol id="sm-1ae">
         <name>__cleanup_ptr</name>
         <value>0x1180fc10</value>
         <object_component_ref idref="oc-32"/>
      </symbol>
      <symbol id="sm-1af">
         <name>__dtors_ptr</name>
         <value>0x1180fc14</value>
         <object_component_ref idref="oc-32"/>
      </symbol>
      <symbol id="sm-1b9">
         <name>__args_main</name>
         <value>0x11811260</value>
         <object_component_ref idref="oc-45"/>
      </symbol>
      <symbol id="sm-1ba">
         <name>__TI_args_main</name>
         <value>0x1</value>
      </symbol>
      <symbol id="sm-1c9">
         <name>__auto_init</name>
         <value>0x11810d80</value>
         <object_component_ref idref="oc-44"/>
      </symbol>
      <symbol id="sm-1d6">
         <name>___TI_cpp_init</name>
         <value>0x11811200</value>
         <object_component_ref idref="oc-4b"/>
      </symbol>
      <symbol id="sm-1e4">
         <name>_copy_in</name>
         <value>0x11810fc0</value>
         <object_component_ref idref="oc-49"/>
      </symbol>
      <symbol id="sm-1ec">
         <name>_memcpy</name>
         <value>0x11811060</value>
         <object_component_ref idref="oc-4a"/>
      </symbol>
   </symbol_table>
</link_info>
