<?xml version="1.0"?>
<link_info>
   <banner>TMS320C6x Linker PC v7.4.14</banner>
   <copyright>Copyright (c) 1996-2015 Texas Instruments Incorporated</copyright>
   <link_time>0x5ad64b18</link_time>
   <output_file>lab2_problem4.out</output_file>
   <entry_point>
      <name>_c_int00</name>
      <address>0x11801aa0</address>
   </entry_point>
   <input_file_list>
      <input_file id="fl-2">
         <path>.\</path>
         <kind>object</kind>
         <file>ISRs.obj</file>
         <name>ISRs.obj</name>
      </input_file>
      <input_file id="fl-3">
         <path>.\</path>
         <kind>object</kind>
         <file>LCDK_Support_DSP.obj</file>
         <name>LCDK_Support_DSP.obj</name>
      </input_file>
      <input_file id="fl-4">
         <path>.\</path>
         <kind>object</kind>
         <file>StartUp.obj</file>
         <name>StartUp.obj</name>
      </input_file>
      <input_file id="fl-5">
         <path>.\</path>
         <kind>object</kind>
         <file>main.obj</file>
         <name>main.obj</name>
      </input_file>
      <input_file id="fl-6">
         <path>.\</path>
         <kind>object</kind>
         <file>vectors.obj</file>
         <name>vectors.obj</name>
      </input_file>
      <input_file id="fl-b">
         <path>C:\ti\ccsv6\tools\compiler\c6000_7.4.14\lib\</path>
         <kind>archive</kind>
         <file>rts6740.lib</file>
         <name>boot.obj</name>
      </input_file>
      <input_file id="fl-c">
         <path>C:\ti\ccsv6\tools\compiler\c6000_7.4.14\lib\</path>
         <kind>archive</kind>
         <file>rts6740.lib</file>
         <name>divu.obj</name>
      </input_file>
      <input_file id="fl-d">
         <path>C:\ti\ccsv6\tools\compiler\c6000_7.4.14\lib\</path>
         <kind>archive</kind>
         <file>rts6740.lib</file>
         <name>exit.obj</name>
      </input_file>
      <input_file id="fl-e">
         <path>C:\ti\ccsv6\tools\compiler\c6000_7.4.14\lib\</path>
         <kind>archive</kind>
         <file>rts6740.lib</file>
         <name>args_main.obj</name>
      </input_file>
      <input_file id="fl-f">
         <path>C:\ti\ccsv6\tools\compiler\c6000_7.4.14\lib\</path>
         <kind>archive</kind>
         <file>rts6740.lib</file>
         <name>autoinit.obj</name>
      </input_file>
      <input_file id="fl-10">
         <path>C:\ti\ccsv6\tools\compiler\c6000_7.4.14\lib\</path>
         <kind>archive</kind>
         <file>rts6740.lib</file>
         <name>cpp_init.obj</name>
      </input_file>
      <input_file id="fl-11">
         <path>C:\ti\ccsv6\tools\compiler\c6000_7.4.14\lib\</path>
         <kind>archive</kind>
         <file>rts6740.lib</file>
         <name>cpy_tbl.obj</name>
      </input_file>
      <input_file id="fl-12">
         <path>C:\ti\ccsv6\tools\compiler\c6000_7.4.14\lib\</path>
         <kind>archive</kind>
         <file>rts6740.lib</file>
         <name>memcpy64.obj</name>
      </input_file>
   </input_file_list>
   <object_component_list>
      <object_component id="oc-25">
         <name>vectors</name>
         <load_address>0x11800000</load_address>
         <run_address>0x11800000</run_address>
         <size>0x200</size>
         <input_file_ref idref="fl-6"/>
      </object_component>
      <object_component id="oc-f">
         <name>.bss</name>
         <uninitialized>true</uninitialized>
         <run_address>0x11802bec</run_address>
         <size>0x10</size>
         <input_file_ref idref="fl-2"/>
      </object_component>
      <object_component id="oc-17">
         <name>.bss</name>
         <uninitialized>true</uninitialized>
         <run_address>0x11802bfc</run_address>
         <size>0x4</size>
         <input_file_ref idref="fl-3"/>
      </object_component>
      <object_component id="oc-11">
         <name>.cinit</name>
         <load_address>0x11802b40</load_address>
         <run_address>0x11802b40</run_address>
         <size>0x4c</size>
         <input_file_ref idref="fl-2"/>
      </object_component>
      <object_component id="oc-31">
         <name>.cinit</name>
         <load_address>0x11802b90</load_address>
         <run_address>0x11802b90</run_address>
         <size>0x2c</size>
         <input_file_ref idref="fl-d"/>
      </object_component>
      <object_component id="oc-19">
         <name>.cinit</name>
         <load_address>0x11802bc0</load_address>
         <run_address>0x11802bc0</run_address>
         <size>0xc</size>
         <input_file_ref idref="fl-3"/>
      </object_component>
      <object_component id="oc-2a">
         <name>.stack</name>
         <uninitialized>true</uninitialized>
         <run_address>0x11802740</run_address>
         <size>0x8</size>
         <input_file_ref idref="fl-b"/>
      </object_component>
      <object_component id="oc-66">
         <name>.stack</name>
         <uninitialized>true</uninitialized>
         <run_address>0x11802740</run_address>
         <size>0x0</size>
      </object_component>
      <object_component id="oc-47">
         <name>.text</name>
         <load_address>0x11800200</load_address>
         <run_address>0x11800200</run_address>
         <size>0xdc0</size>
         <input_file_ref idref="fl-3"/>
      </object_component>
      <object_component id="oc-13">
         <name>.text:retain</name>
         <load_address>0x11800fc0</load_address>
         <run_address>0x11800fc0</run_address>
         <size>0x420</size>
         <input_file_ref idref="fl-2"/>
      </object_component>
      <object_component id="oc-48">
         <name>.text</name>
         <load_address>0x118013e0</load_address>
         <run_address>0x118013e0</run_address>
         <size>0x340</size>
         <input_file_ref idref="fl-2"/>
      </object_component>
      <object_component id="oc-44">
         <name>.text:__auto_init</name>
         <load_address>0x11801720</load_address>
         <run_address>0x11801720</run_address>
         <size>0xc0</size>
         <input_file_ref idref="fl-f"/>
      </object_component>
      <object_component id="oc-4f">
         <name>.text:__divu</name>
         <load_address>0x118017e0</load_address>
         <run_address>0x118017e0</run_address>
         <size>0xc0</size>
         <input_file_ref idref="fl-c"/>
      </object_component>
      <object_component id="oc-46">
         <name>.text:_exit</name>
         <load_address>0x118018a0</load_address>
         <run_address>0x118018a0</run_address>
         <size>0xc0</size>
         <input_file_ref idref="fl-d"/>
      </object_component>
      <object_component id="oc-49">
         <name>.text:_copy_in</name>
         <load_address>0x11801960</load_address>
         <run_address>0x11801960</run_address>
         <size>0xa0</size>
         <input_file_ref idref="fl-11"/>
      </object_component>
      <object_component id="oc-4a">
         <name>.text:_memcpy</name>
         <load_address>0x11801a00</load_address>
         <run_address>0x11801a00</run_address>
         <size>0xa0</size>
         <input_file_ref idref="fl-12"/>
      </object_component>
      <object_component id="oc-e">
         <name>.text:_c_int00</name>
         <load_address>0x11801aa0</load_address>
         <run_address>0x11801aa0</run_address>
         <size>0x80</size>
         <input_file_ref idref="fl-b"/>
      </object_component>
      <object_component id="oc-4b">
         <name>.text:___TI_cpp_init</name>
         <load_address>0x11801b20</load_address>
         <run_address>0x11801b20</run_address>
         <size>0x60</size>
         <input_file_ref idref="fl-10"/>
      </object_component>
      <object_component id="oc-45">
         <name>.text:__args_main</name>
         <load_address>0x11801b80</load_address>
         <run_address>0x11801b80</run_address>
         <size>0x40</size>
         <input_file_ref idref="fl-e"/>
      </object_component>
      <object_component id="oc-50">
         <name>.text</name>
         <load_address>0x11801bc0</load_address>
         <run_address>0x11801bc0</run_address>
         <size>0x20</size>
         <input_file_ref idref="fl-4"/>
      </object_component>
      <object_component id="oc-4d">
         <name>.text:_abort</name>
         <load_address>0x11801be0</load_address>
         <run_address>0x11801be0</run_address>
         <size>0x20</size>
         <input_file_ref idref="fl-d"/>
      </object_component>
      <object_component id="oc-4c">
         <name>.text</name>
         <load_address>0x11801c00</load_address>
         <run_address>0x11801c00</run_address>
         <size>0x20</size>
         <input_file_ref idref="fl-5"/>
      </object_component>
      <object_component id="oc-4e">
         <name>.switch:_SetSampleRate_AIC3106</name>
         <load_address>0x11802bd4</load_address>
         <run_address>0x11802bd4</run_address>
         <size>0x18</size>
         <input_file_ref idref="fl-3"/>
      </object_component>
      <object_component id="oc-12">
         <name>.far</name>
         <uninitialized>true</uninitialized>
         <run_address>0x11801c20</run_address>
         <size>0xb14</size>
         <input_file_ref idref="fl-2"/>
      </object_component>
      <object_component id="oc-32">
         <name>.far</name>
         <uninitialized>true</uninitialized>
         <run_address>0x11802734</run_address>
         <size>0xc</size>
         <input_file_ref idref="fl-d"/>
      </object_component>
      <object_component id="oc-10">
         <name>.debug_info</name>
         <load_address>0x0</load_address>
         <run_address>0x0</run_address>
         <size>0xb3f</size>
         <input_file_ref idref="fl-2"/>
      </object_component>
      <object_component id="oc-18">
         <name>.debug_info</name>
         <load_address>0xb3f</load_address>
         <run_address>0xb3f</run_address>
         <size>0x2b89</size>
         <input_file_ref idref="fl-3"/>
      </object_component>
      <object_component id="oc-1d">
         <name>.debug_info</name>
         <load_address>0x36c8</load_address>
         <run_address>0x36c8</run_address>
         <size>0x63a</size>
         <input_file_ref idref="fl-4"/>
      </object_component>
      <object_component id="oc-21">
         <name>.debug_info</name>
         <load_address>0x3d02</load_address>
         <run_address>0x3d02</run_address>
         <size>0x6cf</size>
         <input_file_ref idref="fl-5"/>
      </object_component>
      <object_component id="oc-26">
         <name>.debug_info</name>
         <load_address>0x43d1</load_address>
         <run_address>0x43d1</run_address>
         <size>0xf2</size>
         <input_file_ref idref="fl-6"/>
      </object_component>
      <object_component id="oc-29">
         <name>.debug_info</name>
         <load_address>0x44c3</load_address>
         <run_address>0x44c3</run_address>
         <size>0x6f3</size>
         <input_file_ref idref="fl-b"/>
      </object_component>
      <object_component id="oc-2d">
         <name>.debug_info</name>
         <load_address>0x4bb6</load_address>
         <run_address>0x4bb6</run_address>
         <size>0xbc</size>
         <input_file_ref idref="fl-c"/>
      </object_component>
      <object_component id="oc-30">
         <name>.debug_info</name>
         <load_address>0x4c72</load_address>
         <run_address>0x4c72</run_address>
         <size>0x7c0</size>
         <input_file_ref idref="fl-d"/>
      </object_component>
      <object_component id="oc-35">
         <name>.debug_info</name>
         <load_address>0x5432</load_address>
         <run_address>0x5432</run_address>
         <size>0x6c9</size>
         <input_file_ref idref="fl-e"/>
      </object_component>
      <object_component id="oc-38">
         <name>.debug_info</name>
         <load_address>0x5afb</load_address>
         <run_address>0x5afb</run_address>
         <size>0x83f</size>
         <input_file_ref idref="fl-f"/>
      </object_component>
      <object_component id="oc-3b">
         <name>.debug_info</name>
         <load_address>0x633a</load_address>
         <run_address>0x633a</run_address>
         <size>0x6b7</size>
         <input_file_ref idref="fl-10"/>
      </object_component>
      <object_component id="oc-3e">
         <name>.debug_info</name>
         <load_address>0x69f1</load_address>
         <run_address>0x69f1</run_address>
         <size>0x7ad</size>
         <input_file_ref idref="fl-11"/>
      </object_component>
      <object_component id="oc-41">
         <name>.debug_info</name>
         <load_address>0x719e</load_address>
         <run_address>0x719e</run_address>
         <size>0xcb</size>
         <input_file_ref idref="fl-12"/>
      </object_component>
      <object_component id="oc-67">
         <name>.debug_info</name>
         <load_address>0x7269</load_address>
         <run_address>0x7269</run_address>
         <size>0x6e</size>
      </object_component>
      <object_component id="oc-14">
         <name>.debug_frame</name>
         <load_address>0x0</load_address>
         <run_address>0x0</run_address>
         <size>0x3ca</size>
         <input_file_ref idref="fl-2"/>
      </object_component>
      <object_component id="oc-1a">
         <name>.debug_frame</name>
         <load_address>0x3ca</load_address>
         <run_address>0x3ca</run_address>
         <size>0x57a</size>
         <input_file_ref idref="fl-3"/>
      </object_component>
      <object_component id="oc-1e">
         <name>.debug_frame</name>
         <load_address>0x944</load_address>
         <run_address>0x944</run_address>
         <size>0x254</size>
         <input_file_ref idref="fl-4"/>
      </object_component>
      <object_component id="oc-22">
         <name>.debug_frame</name>
         <load_address>0xb98</load_address>
         <run_address>0xb98</run_address>
         <size>0x259</size>
         <input_file_ref idref="fl-5"/>
      </object_component>
      <object_component id="oc-15">
         <name>.debug_line</name>
         <load_address>0x0</load_address>
         <run_address>0x0</run_address>
         <size>0x145</size>
         <input_file_ref idref="fl-2"/>
      </object_component>
      <object_component id="oc-1b">
         <name>.debug_line</name>
         <load_address>0x145</load_address>
         <run_address>0x145</run_address>
         <size>0x64c</size>
         <input_file_ref idref="fl-3"/>
      </object_component>
      <object_component id="oc-1f">
         <name>.debug_line</name>
         <load_address>0x791</load_address>
         <run_address>0x791</run_address>
         <size>0x3b</size>
         <input_file_ref idref="fl-4"/>
      </object_component>
      <object_component id="oc-23">
         <name>.debug_line</name>
         <load_address>0x7cc</load_address>
         <run_address>0x7cc</run_address>
         <size>0x40</size>
         <input_file_ref idref="fl-5"/>
      </object_component>
      <object_component id="oc-27">
         <name>.debug_line</name>
         <load_address>0x80c</load_address>
         <run_address>0x80c</run_address>
         <size>0xb9</size>
         <input_file_ref idref="fl-6"/>
      </object_component>
      <object_component id="oc-2b">
         <name>.debug_line</name>
         <load_address>0x8c5</load_address>
         <run_address>0x8c5</run_address>
         <size>0x3d</size>
         <input_file_ref idref="fl-b"/>
      </object_component>
      <object_component id="oc-2e">
         <name>.debug_line</name>
         <load_address>0x902</load_address>
         <run_address>0x902</run_address>
         <size>0x44</size>
         <input_file_ref idref="fl-c"/>
      </object_component>
      <object_component id="oc-33">
         <name>.debug_line</name>
         <load_address>0x946</load_address>
         <run_address>0x946</run_address>
         <size>0x4f</size>
         <input_file_ref idref="fl-d"/>
      </object_component>
      <object_component id="oc-36">
         <name>.debug_line</name>
         <load_address>0x995</load_address>
         <run_address>0x995</run_address>
         <size>0x3f</size>
         <input_file_ref idref="fl-e"/>
      </object_component>
      <object_component id="oc-39">
         <name>.debug_line</name>
         <load_address>0x9d4</load_address>
         <run_address>0x9d4</run_address>
         <size>0x49</size>
         <input_file_ref idref="fl-f"/>
      </object_component>
      <object_component id="oc-3c">
         <name>.debug_line</name>
         <load_address>0xa1d</load_address>
         <run_address>0xa1d</run_address>
         <size>0x45</size>
         <input_file_ref idref="fl-10"/>
      </object_component>
      <object_component id="oc-3f">
         <name>.debug_line</name>
         <load_address>0xa62</load_address>
         <run_address>0xa62</run_address>
         <size>0x44</size>
         <input_file_ref idref="fl-11"/>
      </object_component>
      <object_component id="oc-42">
         <name>.debug_line</name>
         <load_address>0xaa6</load_address>
         <run_address>0xaa6</run_address>
         <size>0x4a</size>
         <input_file_ref idref="fl-12"/>
      </object_component>
      <object_component id="oc-16">
         <name>.debug_abbrev</name>
         <load_address>0x0</load_address>
         <run_address>0x0</run_address>
         <size>0x17d</size>
         <input_file_ref idref="fl-2"/>
      </object_component>
      <object_component id="oc-1c">
         <name>.debug_abbrev</name>
         <load_address>0x17d</load_address>
         <run_address>0x17d</run_address>
         <size>0x1a5</size>
         <input_file_ref idref="fl-3"/>
      </object_component>
      <object_component id="oc-20">
         <name>.debug_abbrev</name>
         <load_address>0x322</load_address>
         <run_address>0x322</run_address>
         <size>0x69</size>
         <input_file_ref idref="fl-4"/>
      </object_component>
      <object_component id="oc-24">
         <name>.debug_abbrev</name>
         <load_address>0x38b</load_address>
         <run_address>0x38b</run_address>
         <size>0x98</size>
         <input_file_ref idref="fl-5"/>
      </object_component>
      <object_component id="oc-28">
         <name>.debug_abbrev</name>
         <load_address>0x423</load_address>
         <run_address>0x423</run_address>
         <size>0x21</size>
         <input_file_ref idref="fl-6"/>
      </object_component>
      <object_component id="oc-2c">
         <name>.debug_abbrev</name>
         <load_address>0x444</load_address>
         <run_address>0x444</run_address>
         <size>0xfe</size>
         <input_file_ref idref="fl-b"/>
      </object_component>
      <object_component id="oc-2f">
         <name>.debug_abbrev</name>
         <load_address>0x542</load_address>
         <run_address>0x542</run_address>
         <size>0x3b</size>
         <input_file_ref idref="fl-c"/>
      </object_component>
      <object_component id="oc-34">
         <name>.debug_abbrev</name>
         <load_address>0x57d</load_address>
         <run_address>0x57d</run_address>
         <size>0x119</size>
         <input_file_ref idref="fl-d"/>
      </object_component>
      <object_component id="oc-37">
         <name>.debug_abbrev</name>
         <load_address>0x696</load_address>
         <run_address>0x696</run_address>
         <size>0xe1</size>
         <input_file_ref idref="fl-e"/>
      </object_component>
      <object_component id="oc-3a">
         <name>.debug_abbrev</name>
         <load_address>0x777</load_address>
         <run_address>0x777</run_address>
         <size>0x13f</size>
         <input_file_ref idref="fl-f"/>
      </object_component>
      <object_component id="oc-3d">
         <name>.debug_abbrev</name>
         <load_address>0x8b6</load_address>
         <run_address>0x8b6</run_address>
         <size>0xdd</size>
         <input_file_ref idref="fl-10"/>
      </object_component>
      <object_component id="oc-40">
         <name>.debug_abbrev</name>
         <load_address>0x993</load_address>
         <run_address>0x993</run_address>
         <size>0x10c</size>
         <input_file_ref idref="fl-11"/>
      </object_component>
      <object_component id="oc-43">
         <name>.debug_abbrev</name>
         <load_address>0xa9f</load_address>
         <run_address>0xa9f</run_address>
         <size>0x3b</size>
         <input_file_ref idref="fl-12"/>
      </object_component>
      <object_component id="oc-68">
         <name>.debug_abbrev</name>
         <load_address>0xada</load_address>
         <run_address>0xada</run_address>
         <size>0xd</size>
      </object_component>
   </object_component_list>
   <logical_group_list>
      <logical_group id="lg-2">
         <name>vectors</name>
         <load_address>0x11800000</load_address>
         <run_address>0x11800000</run_address>
         <size>0x200</size>
         <contents>
            <object_component_ref idref="oc-25"/>
         </contents>
      </logical_group>
      <logical_group id="lg-3">
         <name>.bss</name>
         <run_address>0x11802bec</run_address>
         <size>0x14</size>
         <contents>
            <object_component_ref idref="oc-f"/>
            <object_component_ref idref="oc-17"/>
         </contents>
      </logical_group>
      <logical_group id="lg-4">
         <name>.cinit</name>
         <load_address>0x11802b40</load_address>
         <run_address>0x11802b40</run_address>
         <size>0x94</size>
         <contents>
            <object_component_ref idref="oc-11"/>
            <object_component_ref idref="oc-31"/>
            <object_component_ref idref="oc-19"/>
         </contents>
      </logical_group>
      <logical_group id="lg-5">
         <name>.cio</name>
         <run_address>0x0</run_address>
         <size>0x0</size>
         <contents>
         </contents>
      </logical_group>
      <logical_group id="lg-6">
         <name>.const</name>
         <run_address>0x0</run_address>
         <size>0x0</size>
         <contents>
         </contents>
      </logical_group>
      <logical_group id="lg-7">
         <name>.stack</name>
         <run_address>0x11802740</run_address>
         <size>0x400</size>
         <contents>
            <object_component_ref idref="oc-2a"/>
            <object_component_ref idref="oc-66"/>
         </contents>
      </logical_group>
      <logical_group id="lg-8">
         <name>.sysmem</name>
         <run_address>0x0</run_address>
         <size>0x0</size>
         <contents>
         </contents>
      </logical_group>
      <logical_group id="lg-9">
         <name>.text</name>
         <load_address>0x11800200</load_address>
         <run_address>0x11800200</run_address>
         <size>0x1a20</size>
         <contents>
            <object_component_ref idref="oc-47"/>
            <object_component_ref idref="oc-13"/>
            <object_component_ref idref="oc-48"/>
            <object_component_ref idref="oc-44"/>
            <object_component_ref idref="oc-4f"/>
            <object_component_ref idref="oc-46"/>
            <object_component_ref idref="oc-49"/>
            <object_component_ref idref="oc-4a"/>
            <object_component_ref idref="oc-e"/>
            <object_component_ref idref="oc-4b"/>
            <object_component_ref idref="oc-45"/>
            <object_component_ref idref="oc-50"/>
            <object_component_ref idref="oc-4d"/>
            <object_component_ref idref="oc-4c"/>
         </contents>
      </logical_group>
      <logical_group id="lg-a">
         <name>.switch</name>
         <load_address>0x11802bd4</load_address>
         <run_address>0x11802bd4</run_address>
         <size>0x18</size>
         <contents>
            <object_component_ref idref="oc-4e"/>
         </contents>
      </logical_group>
      <logical_group id="lg-b">
         <name>.far</name>
         <run_address>0x11801c20</run_address>
         <size>0xb20</size>
         <contents>
            <object_component_ref idref="oc-12"/>
            <object_component_ref idref="oc-32"/>
         </contents>
      </logical_group>
      <logical_group id="lg-c">
         <name>SHARED_SRAM</name>
         <run_address>0x0</run_address>
         <size>0x0</size>
         <contents>
         </contents>
      </logical_group>
      <logical_group id="lg-d">
         <name>CE0</name>
         <run_address>0x0</run_address>
         <size>0x0</size>
         <contents>
         </contents>
      </logical_group>
      <logical_group id="lg-5d">
         <name>.debug_info</name>
         <load_address>0x0</load_address>
         <run_address>0x0</run_address>
         <size>0x72d7</size>
         <contents>
            <object_component_ref idref="oc-10"/>
            <object_component_ref idref="oc-18"/>
            <object_component_ref idref="oc-1d"/>
            <object_component_ref idref="oc-21"/>
            <object_component_ref idref="oc-26"/>
            <object_component_ref idref="oc-29"/>
            <object_component_ref idref="oc-2d"/>
            <object_component_ref idref="oc-30"/>
            <object_component_ref idref="oc-35"/>
            <object_component_ref idref="oc-38"/>
            <object_component_ref idref="oc-3b"/>
            <object_component_ref idref="oc-3e"/>
            <object_component_ref idref="oc-41"/>
            <object_component_ref idref="oc-67"/>
         </contents>
      </logical_group>
      <logical_group id="lg-5f">
         <name>.debug_frame</name>
         <load_address>0x0</load_address>
         <run_address>0x0</run_address>
         <size>0xdf1</size>
         <contents>
            <object_component_ref idref="oc-14"/>
            <object_component_ref idref="oc-1a"/>
            <object_component_ref idref="oc-1e"/>
            <object_component_ref idref="oc-22"/>
         </contents>
      </logical_group>
      <logical_group id="lg-61">
         <name>.debug_line</name>
         <load_address>0x0</load_address>
         <run_address>0x0</run_address>
         <size>0xaf0</size>
         <contents>
            <object_component_ref idref="oc-15"/>
            <object_component_ref idref="oc-1b"/>
            <object_component_ref idref="oc-1f"/>
            <object_component_ref idref="oc-23"/>
            <object_component_ref idref="oc-27"/>
            <object_component_ref idref="oc-2b"/>
            <object_component_ref idref="oc-2e"/>
            <object_component_ref idref="oc-33"/>
            <object_component_ref idref="oc-36"/>
            <object_component_ref idref="oc-39"/>
            <object_component_ref idref="oc-3c"/>
            <object_component_ref idref="oc-3f"/>
            <object_component_ref idref="oc-42"/>
         </contents>
      </logical_group>
      <logical_group id="lg-63">
         <name>.debug_abbrev</name>
         <load_address>0x0</load_address>
         <run_address>0x0</run_address>
         <size>0xae7</size>
         <contents>
            <object_component_ref idref="oc-16"/>
            <object_component_ref idref="oc-1c"/>
            <object_component_ref idref="oc-20"/>
            <object_component_ref idref="oc-24"/>
            <object_component_ref idref="oc-28"/>
            <object_component_ref idref="oc-2c"/>
            <object_component_ref idref="oc-2f"/>
            <object_component_ref idref="oc-34"/>
            <object_component_ref idref="oc-37"/>
            <object_component_ref idref="oc-3a"/>
            <object_component_ref idref="oc-3d"/>
            <object_component_ref idref="oc-40"/>
            <object_component_ref idref="oc-43"/>
            <object_component_ref idref="oc-68"/>
         </contents>
      </logical_group>
   </logical_group_list>
   <placement_map>
      <memory_area>
         <name>VECTORS</name>
         <page_id>0x0</page_id>
         <origin>0x11800000</origin>
         <length>0x200</length>
         <used_space>0x200</used_space>
         <unused_space>0x0</unused_space>
         <attributes>RWIX</attributes>
         <usage_details>
            <allocated_space>
               <start_address>0x11800000</start_address>
               <size>0x200</size>
               <logical_group_ref idref="lg-2"/>
            </allocated_space>
         </usage_details>
      </memory_area>
      <memory_area>
         <name>DSPRAM</name>
         <page_id>0x0</page_id>
         <origin>0x11800200</origin>
         <length>0x3fe00</length>
         <used_space>0x2a00</used_space>
         <unused_space>0x3d400</unused_space>
         <attributes>RWIX</attributes>
         <usage_details>
            <allocated_space>
               <start_address>0x11800200</start_address>
               <size>0x1a20</size>
               <logical_group_ref idref="lg-9"/>
            </allocated_space>
            <allocated_space>
               <start_address>0x11801c20</start_address>
               <size>0xb20</size>
               <logical_group_ref idref="lg-b"/>
            </allocated_space>
            <allocated_space>
               <start_address>0x11802740</start_address>
               <size>0x400</size>
               <logical_group_ref idref="lg-7"/>
            </allocated_space>
            <allocated_space>
               <start_address>0x11802b40</start_address>
               <size>0x94</size>
               <logical_group_ref idref="lg-4"/>
            </allocated_space>
            <allocated_space>
               <start_address>0x11802bd4</start_address>
               <size>0x18</size>
               <logical_group_ref idref="lg-a"/>
            </allocated_space>
            <allocated_space>
               <start_address>0x11802bec</start_address>
               <size>0x14</size>
               <logical_group_ref idref="lg-3"/>
            </allocated_space>
            <available_space>
               <start_address>0x11802c00</start_address>
               <size>0x3d400</size>
            </available_space>
         </usage_details>
      </memory_area>
      <memory_area>
         <name>SHAREDRAM</name>
         <page_id>0x0</page_id>
         <origin>0x80000000</origin>
         <length>0x20000</length>
         <used_space>0x0</used_space>
         <unused_space>0x20000</unused_space>
         <attributes>RWIX</attributes>
         <usage_details>
         </usage_details>
      </memory_area>
      <memory_area>
         <name>SDRAM</name>
         <page_id>0x0</page_id>
         <origin>0xc0000000</origin>
         <length>0x8000000</length>
         <used_space>0x0</used_space>
         <unused_space>0x8000000</unused_space>
         <attributes>RWIX</attributes>
         <usage_details>
         </usage_details>
      </memory_area>
   </placement_map>
   <symbol_table>
      <symbol id="sm-0">
         <name>cinit</name>
         <value>0x11802b40</value>
      </symbol>
      <symbol id="sm-1">
         <name>___cinit__</name>
         <value>0x11802b40</value>
      </symbol>
      <symbol id="sm-2">
         <name>pinit</name>
         <value>0xffffffff</value>
      </symbol>
      <symbol id="sm-3">
         <name>___pinit__</name>
         <value>0xffffffff</value>
      </symbol>
      <symbol id="sm-4">
         <name>binit</name>
         <value>0xffffffff</value>
      </symbol>
      <symbol id="sm-5">
         <name>___binit__</name>
         <value>0xffffffff</value>
      </symbol>
      <symbol id="sm-6">
         <name>__STACK_SIZE</name>
         <value>0x400</value>
      </symbol>
      <symbol id="sm-7">
         <name>__STACK_END</name>
         <value>0x11802b40</value>
      </symbol>
      <symbol id="sm-8">
         <name>___c_args__</name>
         <value>0xffffffff</value>
      </symbol>
      <symbol id="sm-9">
         <name>.text</name>
         <value>0x11800200</value>
      </symbol>
      <symbol id="sm-a">
         <name>___text__</name>
         <value>0x11800200</value>
      </symbol>
      <symbol id="sm-b">
         <name>etext</name>
         <value>0x11801c20</value>
      </symbol>
      <symbol id="sm-c">
         <name>___etext__</name>
         <value>0x11801c20</value>
      </symbol>
      <symbol id="sm-d">
         <name>.bss</name>
         <value>0x11802bec</value>
      </symbol>
      <symbol id="sm-e">
         <name>___bss__</name>
         <value>0x11802bec</value>
      </symbol>
      <symbol id="sm-f">
         <name>end</name>
         <value>0x11802c00</value>
      </symbol>
      <symbol id="sm-10">
         <name>___end__</name>
         <value>0x11802c00</value>
      </symbol>
      <symbol id="sm-11">
         <name>___TI_pprof_out_hndl</name>
         <value>0xffffffff</value>
      </symbol>
      <symbol id="sm-12">
         <name>___TI_prof_data_start</name>
         <value>0xffffffff</value>
      </symbol>
      <symbol id="sm-13">
         <name>___TI_prof_data_size</name>
         <value>0xffffffff</value>
      </symbol>
      <symbol id="sm-14">
         <name>$bss</name>
         <value>0x11802bec</value>
      </symbol>
      <symbol id="sm-67">
         <name>_upwardPitch</name>
         <value>0x11802bf0</value>
         <object_component_ref idref="oc-f"/>
      </symbol>
      <symbol id="sm-68">
         <name>_channGain</name>
         <value>0x11801c28</value>
         <object_component_ref idref="oc-12"/>
      </symbol>
      <symbol id="sm-69">
         <name>_Codec_ISR</name>
         <value>0x11800fc0</value>
         <object_component_ref idref="oc-13"/>
      </symbol>
      <symbol id="sm-6a">
         <name>_updateDelays</name>
         <value>0x118013e0</value>
         <object_component_ref idref="oc-48"/>
      </symbol>
      <symbol id="sm-6b">
         <name>_channGainInc</name>
         <value>0x11801c30</value>
         <object_component_ref idref="oc-12"/>
      </symbol>
      <symbol id="sm-6c">
         <name>_updateGains</name>
         <value>0x11801534</value>
         <object_component_ref idref="oc-48"/>
      </symbol>
      <symbol id="sm-6d">
         <name>_CodecDataIn</name>
         <value>0x1180272c</value>
         <object_component_ref idref="oc-12"/>
      </symbol>
      <symbol id="sm-6e">
         <name>_pitchShiftIsOn</name>
         <value>0x11802bf4</value>
         <object_component_ref idref="oc-f"/>
      </symbol>
      <symbol id="sm-6f">
         <name>_buffer</name>
         <value>0x11801c38</value>
         <object_component_ref idref="oc-12"/>
      </symbol>
      <symbol id="sm-70">
         <name>_channDelay</name>
         <value>0x11801c20</value>
         <object_component_ref idref="oc-12"/>
      </symbol>
      <symbol id="sm-71">
         <name>_CodecDataOut</name>
         <value>0x11802730</value>
         <object_component_ref idref="oc-12"/>
      </symbol>
      <symbol id="sm-72">
         <name>_prevSW</name>
         <value>0x11802bf8</value>
         <object_component_ref idref="oc-f"/>
      </symbol>
      <symbol id="sm-73">
         <name>_getDelayedVals</name>
         <value>0x11801664</value>
         <object_component_ref idref="oc-48"/>
      </symbol>
      <symbol id="sm-74">
         <name>_idx</name>
         <value>0x11802bec</value>
         <object_component_ref idref="oc-f"/>
      </symbol>
      <symbol id="sm-13c">
         <name>_CheckForOverrun</name>
         <value>0x11800674</value>
         <object_component_ref idref="oc-47"/>
      </symbol>
      <symbol id="sm-13d">
         <name>_Reset_I2C</name>
         <value>0x11800528</value>
         <object_component_ref idref="oc-47"/>
      </symbol>
      <symbol id="sm-13e">
         <name>_Init_McASP0</name>
         <value>0x11800a98</value>
         <object_component_ref idref="oc-47"/>
      </symbol>
      <symbol id="sm-13f">
         <name>_SetSampleRate_AIC3106</name>
         <value>0x11800950</value>
         <object_component_ref idref="oc-47"/>
      </symbol>
      <symbol id="sm-140">
         <name>_Read_UART2</name>
         <value>0x11800f48</value>
         <object_component_ref idref="oc-47"/>
      </symbol>
      <symbol id="sm-141">
         <name>_Puts_UART2</name>
         <value>0x11800f08</value>
         <object_component_ref idref="oc-47"/>
      </symbol>
      <symbol id="sm-142">
         <name>_Init_AIC3106</name>
         <value>0x118006a4</value>
         <object_component_ref idref="oc-47"/>
      </symbol>
      <symbol id="sm-143">
         <name>_WriteDigitalOutputs</name>
         <value>0x118003b0</value>
         <object_component_ref idref="oc-47"/>
      </symbol>
      <symbol id="sm-144">
         <name>_wait</name>
         <value>0x11800498</value>
         <object_component_ref idref="oc-47"/>
      </symbol>
      <symbol id="sm-145">
         <name>_Init_UART2</name>
         <value>0x11800e28</value>
         <object_component_ref idref="oc-47"/>
      </symbol>
      <symbol id="sm-146">
         <name>_Reset_AIC3106</name>
         <value>0x11800928</value>
         <object_component_ref idref="oc-47"/>
      </symbol>
      <symbol id="sm-147">
         <name>_DSP_Init</name>
         <value>0x11800208</value>
         <object_component_ref idref="oc-47"/>
      </symbol>
      <symbol id="sm-148">
         <name>_IsDataReady_UART2</name>
         <value>0x11800f68</value>
         <object_component_ref idref="oc-47"/>
      </symbol>
      <symbol id="sm-149">
         <name>_IsTxReady_UART2</name>
         <value>0x11800f8c</value>
         <object_component_ref idref="oc-47"/>
      </symbol>
      <symbol id="sm-14a">
         <name>_Init_Interrupts_EDMA</name>
         <value>0x11800448</value>
         <object_component_ref idref="oc-47"/>
      </symbol>
      <symbol id="sm-14b">
         <name>_AIC3106_write_reg</name>
         <value>0x118008ec</value>
         <object_component_ref idref="oc-47"/>
      </symbol>
      <symbol id="sm-14c">
         <name>_WriteLEDs</name>
         <value>0x118002a8</value>
         <object_component_ref idref="oc-47"/>
      </symbol>
      <symbol id="sm-14d">
         <name>_Init_I2C</name>
         <value>0x118004cc</value>
         <object_component_ref idref="oc-47"/>
      </symbol>
      <symbol id="sm-14e">
         <name>_InitDigitalOutputs</name>
         <value>0x118003a4</value>
         <object_component_ref idref="oc-47"/>
      </symbol>
      <symbol id="sm-14f">
         <name>_InitLEDs</name>
         <value>0x11800248</value>
         <object_component_ref idref="oc-47"/>
      </symbol>
      <symbol id="sm-150">
         <name>_WriteCodecData</name>
         <value>0x11800650</value>
         <object_component_ref idref="oc-47"/>
      </symbol>
      <symbol id="sm-151">
         <name>_ReadSwitches</name>
         <value>0x1180038c</value>
         <object_component_ref idref="oc-47"/>
      </symbol>
      <symbol id="sm-152">
         <name>_DSP_Init_EDMA</name>
         <value>0x11800228</value>
         <object_component_ref idref="oc-47"/>
      </symbol>
      <symbol id="sm-153">
         <name>_Write_I2C</name>
         <value>0x11800548</value>
         <object_component_ref idref="oc-47"/>
      </symbol>
      <symbol id="sm-154">
         <name>_Write_UART2</name>
         <value>0x11800ee0</value>
         <object_component_ref idref="oc-47"/>
      </symbol>
      <symbol id="sm-155">
         <name>_ReadCodecData</name>
         <value>0x1180062c</value>
         <object_component_ref idref="oc-47"/>
      </symbol>
      <symbol id="sm-156">
         <name>_EnableInterrupts</name>
         <value>0x1180040c</value>
         <object_component_ref idref="oc-47"/>
      </symbol>
      <symbol id="sm-157">
         <name>_Init_Interrupts</name>
         <value>0x118003c8</value>
         <object_component_ref idref="oc-47"/>
      </symbol>
      <symbol id="sm-158">
         <name>_GetSampleFreq</name>
         <value>0x11800200</value>
         <object_component_ref idref="oc-47"/>
      </symbol>
      <symbol id="sm-159">
         <name>_EnableInterrupts_EDMA</name>
         <value>0x11800458</value>
         <object_component_ref idref="oc-47"/>
      </symbol>
      <symbol id="sm-161">
         <name>_StartUp</name>
         <value>0x11801bc0</value>
         <object_component_ref idref="oc-50"/>
      </symbol>
      <symbol id="sm-170">
         <name>_main</name>
         <value>0x11801c00</value>
         <object_component_ref idref="oc-4c"/>
      </symbol>
      <symbol id="sm-196">
         <name>_c_int00</name>
         <value>0x11801aa0</value>
         <object_component_ref idref="oc-e"/>
      </symbol>
      <symbol id="sm-197">
         <name>__stack</name>
         <value>0x11802740</value>
         <object_component_ref idref="oc-2a"/>
      </symbol>
      <symbol id="sm-1a0">
         <name>__c6xabi_divu</name>
         <value>0x118017e0</value>
         <object_component_ref idref="oc-4f"/>
      </symbol>
      <symbol id="sm-1a1">
         <name>__divu</name>
         <value>0x118017e0</value>
         <object_component_ref idref="oc-4f"/>
      </symbol>
      <symbol id="sm-1b8">
         <name>C$$EXIT</name>
         <value>0x11801be0</value>
         <object_component_ref idref="oc-4d"/>
      </symbol>
      <symbol id="sm-1b9">
         <name>_exit</name>
         <value>0x118018a0</value>
         <object_component_ref idref="oc-46"/>
      </symbol>
      <symbol id="sm-1ba">
         <name>___TI_enable_exit_profile_output</name>
         <value>0x1180273c</value>
         <object_component_ref idref="oc-32"/>
      </symbol>
      <symbol id="sm-1bb">
         <name>_abort</name>
         <value>0x11801be0</value>
         <object_component_ref idref="oc-4d"/>
      </symbol>
      <symbol id="sm-1bc">
         <name>__cleanup_ptr</name>
         <value>0x11802734</value>
         <object_component_ref idref="oc-32"/>
      </symbol>
      <symbol id="sm-1bd">
         <name>__dtors_ptr</name>
         <value>0x11802738</value>
         <object_component_ref idref="oc-32"/>
      </symbol>
      <symbol id="sm-1c7">
         <name>__args_main</name>
         <value>0x11801b80</value>
         <object_component_ref idref="oc-45"/>
      </symbol>
      <symbol id="sm-1c8">
         <name>__TI_args_main</name>
         <value>0x1</value>
      </symbol>
      <symbol id="sm-1d7">
         <name>__auto_init</name>
         <value>0x11801720</value>
         <object_component_ref idref="oc-44"/>
      </symbol>
      <symbol id="sm-1e4">
         <name>___TI_cpp_init</name>
         <value>0x11801b20</value>
         <object_component_ref idref="oc-4b"/>
      </symbol>
      <symbol id="sm-1f2">
         <name>_copy_in</name>
         <value>0x11801960</value>
         <object_component_ref idref="oc-49"/>
      </symbol>
      <symbol id="sm-1fa">
         <name>_memcpy</name>
         <value>0x11801a00</value>
         <object_component_ref idref="oc-4a"/>
      </symbol>
   </symbol_table>
</link_info>
